warning: unused import: `tokio::sync::Mutex`
  --> src/ai/document_ai.rs:23:5
   |
23 | use tokio::sync::Mutex;
   |     ^^^^^^^^^^^^^^^^^^
   |
   = note: `#[warn(unused_imports)]` on by default

warning: `dual-core-pdf-pipeline` (lib) generated 1 warning (run `cargo fix --lib -p dual-core-pdf-pipeline` to apply 1 suggestion)
warning: unused import: `rust_decimal::Decimal`
 --> tests/engine_typst_tests.rs:4:5
  |
4 | use rust_decimal::Decimal;
  |     ^^^^^^^^^^^^^^^^^^^^^
  |
  = note: `#[warn(unused_imports)]` on by default

warning: unused import: `std::path::PathBuf`
 --> tests/ai_document_ai_tests.rs:5:5
  |
5 | use std::path::PathBuf;
  |     ^^^^^^^^^^^^^^^^^^
  |
  = note: `#[warn(unused_imports)]` on by default

warning: unused variable: `app_config`
  --> tests/ai_document_ai_tests.rs:32:9
   |
32 |     let app_config = AppConfig::default();
   |         ^^^^^^^^^^ help: if this is intentional, prefix it with an underscore: `_app_config`
   |
   = note: `#[warn(unused_variables)]` on by default

warning: unused variable: `doc_ai_response`
  --> tests/ai_document_ai_tests.rs:92:9
   |
92 |     let doc_ai_response = serde_json::json!({
   |         ^^^^^^^^^^^^^^^ help: if this is intentional, prefix it with an underscore: `_doc_ai_response`

warning: unused variable: `app_config`
   --> tests/ai_document_ai_tests.rs:112:9
    |
112 |     let app_config = AppConfig::default();
    |         ^^^^^^^^^^ help: if this is intentional, prefix it with an underscore: `_app_config`

warning: unused variable: `common_buttons`
  --> tests/gui_coverage_tests.rs:47:9
   |
47 |     let common_buttons = [
   |         ^^^^^^^^^^^^^^ help: if this is intentional, prefix it with an underscore: `_common_buttons`
   |
   = note: `#[warn(unused_variables)]` on by default

warning: unused variable: `common_buttons`
  --> tests/gui_coverage_tests.rs:84:9
   |
84 |     let common_buttons = [
   |         ^^^^^^^^^^^^^^ help: if this is intentional, prefix it with an underscore: `_common_buttons`

warning: function `try_click_labels` is never used
  --> tests/gui_coverage_tests.rs:22:4
   |
22 | fn try_click_labels(harness: &mut egui_kittest::Harness, labels: &[&str]) {
   |    ^^^^^^^^^^^^^^^^
   |
   = note: `#[warn(dead_code)]` on by default

warning: `dual-core-pdf-pipeline` (test "engine_typst_tests") generated 1 warning (run `cargo fix --test "engine_typst_tests"` to apply 1 suggestion)
warning: `dual-core-pdf-pipeline` (test "ai_document_ai_tests") generated 4 warnings (run `cargo fix --test "ai_document_ai_tests"` to apply 1 suggestion)
warning: `dual-core-pdf-pipeline` (test "gui_coverage_tests") generated 3 warnings
warning: comparison is useless due to type limits
   --> src/app/watchdog.rs:142:33
    |
142 |                         assert!(ram_mb >= 0);
    |                                 ^^^^^^^^^^^
    |
    = note: `#[warn(unused_comparisons)]` on by default

warning: `dual-core-pdf-pipeline` (lib test) generated 2 warnings (1 duplicate)
warning: unused variable: `doc`
  --> tests/engine_font_replication_tests.rs:59:9
   |
59 |     let doc = lopdf::Document::load(&pdf_path).unwrap();
   |         ^^^ help: if this is intentional, prefix it with an underscore: `_doc`
   |
   = note: `#[warn(unused_variables)]` on by default

warning: variable does not need to be mutable
  --> tests/engine_statement_tests.rs:22:9
   |
22 |     let mut engine = SmartDocumentEngine::new(
   |         ----^^^^^^
   |         |
   |         help: remove this `mut`
   |
   = note: `#[warn(unused_mut)]` on by default

warning: variable does not need to be mutable
  --> tests/engine_statement_tests.rs:45:9
   |
45 |     let mut engine = SmartDocumentEngine::new(
   |         ----^^^^^^
   |         |
   |         help: remove this `mut`

warning: unused import: `GeminiBalancePlan`
 --> tests/ai_gemini_client_tests.rs:1:76
  |
1 | use dual_core_pdf_pipeline::ai::gemini_client::{GeminiClient, GeminiError, GeminiBalancePlan};
  |                                                                            ^^^^^^^^^^^^^^^^^
  |
  = note: `#[warn(unused_imports)]` on by default

warning: unused import: `dual_core_pdf_pipeline::engine::model::Transaction`
 --> tests/ai_gemini_client_tests.rs:2:5
  |
2 | use dual_core_pdf_pipeline::engine::model::Transaction;
  |     ^^^^^^^^^^^^^^^^^^^^^^^^^^^^^^^^^^^^^^^^^^^^^^^^^^

warning: unused variable: `app_config`
  --> tests/ai_gemini_client_tests.rs:26:9
   |
26 |     let app_config = AppConfig::default();
   |         ^^^^^^^^^^ help: if this is intentional, prefix it with an underscore: `_app_config`
   |
   = note: `#[warn(unused_variables)]` on by default

warning: unused variable: `app_config`
  --> tests/ai_gemini_client_tests.rs:59:9
   |
59 |     let app_config = AppConfig::default();
   |         ^^^^^^^^^^ help: if this is intentional, prefix it with an underscore: `_app_config`

warning: `dual-core-pdf-pipeline` (test "engine_font_replication_tests") generated 1 warning
warning: `dual-core-pdf-pipeline` (test "engine_statement_tests") generated 2 warnings (run `cargo fix --test "engine_statement_tests"` to apply 2 suggestions)
warning: `dual-core-pdf-pipeline` (test "ai_gemini_client_tests") generated 4 warnings (run `cargo fix --test "ai_gemini_client_tests"` to apply 2 suggestions)
warning: unused import: `EngineError`
 --> tests/pdf_native_engine_tests.rs:1:43
  |
1 | use dual_core_pdf_pipeline::pdf::engine::{EngineError, PdfEngine};
  |                                           ^^^^^^^^^^^
  |
  = note: `#[warn(unused_imports)]` on by default

warning: unused imports: `BalancePreview`, `ParseValidation`, `VisualAttempt`, and `WorkflowStage`
 --> tests/gui_interaction_tests.rs:3:48
  |
3 | use dual_core_pdf_pipeline::engine::workflow::{WorkflowStage, ParseValidation, BalancePreview, VisualAttempt};
  |                                                ^^^^^^^^^^^^^  ^^^^^^^^^^^^^^^  ^^^^^^^^^^^^^^  ^^^^^^^^^^^^^
  |
  = note: `#[warn(unused_imports)]` on by default

warning: unused import: `BoundingBox`
 --> tests/extractors_geometry_tests.rs:1:114
  |
1 | use dual_core_pdf_pipeline::extractors::geometry::{detect_table_grid, NativeTextLayerProvider, GeometryProvider, BoundingBox};
  |                                                                                                                  ^^^^^^^^^^^
  |
  = note: `#[warn(unused_imports)]` on by default

warning: unused import: `PdfEngine`
 --> tests/extractors_geometry_tests.rs:2:35
  |
2 | use dual_core_pdf_pipeline::pdf::{PdfEngine, OxidizePdfEngine};
  |                                   ^^^^^^^^^

warning: `dual-core-pdf-pipeline` (test "pdf_native_engine_tests") generated 1 warning (run `cargo fix --test "pdf_native_engine_tests"` to apply 1 suggestion)
warning: `dual-core-pdf-pipeline` (test "gui_interaction_tests") generated 1 warning (run `cargo fix --test "gui_interaction_tests"` to apply 1 suggestion)
warning: `dual-core-pdf-pipeline` (test "extractors_geometry_tests") generated 2 warnings (run `cargo fix --test "extractors_geometry_tests"` to apply 2 suggestions)
warning: unused import: `ChangeRecord`
  --> tests/gui_button_core_tests.rs:12:62
   |
12 | use dual_core_pdf_pipeline::engine::history::{ChangeHistory, ChangeRecord};
   |                                                              ^^^^^^^^^^^^
   |
   = note: `#[warn(unused_imports)]` on by default

warning: `dual-core-pdf-pipeline` (test "gui_button_core_tests") generated 1 warning (run `cargo fix --test "gui_button_core_tests"` to apply 1 suggestion)
    Finished `test` profile [optimized] target(s) in 0.79s
     Running unittests src/lib.rs (target/debug/deps/dual_core_pdf_pipeline-60f6d3d315922c2a)

running 207 tests
test ai::document_ai::tests::from_app_config_requires_credential ... ok
test ai::document_ai::tests::extract_helpers_pull_nested_properties ... ok
test ai::document_ai::tests::merge_chunk_results_handles_empty ... ok
test ai::document_ai::tests::merge_chunk_results_handles_single_chunk ... ok
test ai::docai_cache::tests::miss_returns_none ... ok
test ai::document_ai::tests::merge_chunk_results_preserves_transaction_order ... ok
test ai::document_ai::tests::merge_chunk_results_sums_pages_keeps_first_opening_last_closing ... ok
test ai::document_ai::tests::parse_falls_back_to_row_bbox_when_property_anchor_missing ... ok
test ai::document_ai::tests::parse_response_handles_legacy_transaction_type ... ok
test ai::document_ai::tests::parse_response_into_bank_statement_works ... ok
test ai::document_ai::tests::parse_extracts_row_and_per_field_bboxes_from_page_anchor ... ok
test ai::docai_cache::tests::corrupt_entry_is_treated_as_miss ... ok
test ai::docai_cache::tests::roundtrip_through_cache ... ok
test ai::gemini_client::tests::request_body_uses_camelcase_and_object_schema ... ok
test ai::gemini_client::tests::vision_accepts_pristine_render_with_no_hotspots ... ok
test ai::gemini_client::tests::vision_should_accept_when_hotspots_overlap_intended ... ok
test ai::gemini_client::tests::vision_should_reject_when_hotspot_outside_intended_bboxes ... ok
test ai::gemini_client::tests::vision_should_reject_when_overall_score_too_high ... ok
test ai::docai_cache::tests::key_changes_when_pdf_content_changes ... ok
test ai::repair::tests::test_repair_needed_due_to_math ... ok
test ai::docai_cache::tests::key_changes_when_processor_changes ... ok
test ai::repair::tests::test_repair_not_needed ... ok
test app::audit::tests::parse_file_missing_returns_read_error ... ok
test app::audit::tests::value_containing_key_prefix ... ok
test app::config::tests::ai_provider_mode_env_token_round_trip ... ok
test app::config::tests::detect_adc_path_returns_string_or_none_without_panicking ... ok
test app::config::tests::ai_provider_mode_from_env_str ... ok
test app::config::tests::detect_availability_exposes_backend_state_and_helpful_reasons ... ok
test app::config::tests::pro_editing_available_with_well_formed_trial_key ... ok
test app::config::tests::pro_editing_unavailable_when_key_absent ... ok
test app::config::tests::pro_key_status_does_not_affect_validate_for_split_merge ... ok
test app::config::tests::pro_editing_unavailable_with_malformed_key ... ok
test app::config::tests::pro_key_status_serializes_to_json ... ok
test app::config::tests::test_has_ai_for_balancing ... ok
test app::config::tests::unavailable_reason_exposes_vision_ai_guidance_when_unconfigured ... ok
test app::config::tests::unavailable_reason_exposes_openrouter_guidance_when_unconfigured ... ok
test app::config::tests::validate_reports_missing_pro_key_and_passphrase_in_production_mode ... ok
test app::env_spec::tests::every_required_var_has_setup_hint ... ok
test app::env_spec::tests::guidance_for_unknown_var_is_graceful ... ok
test app::audit::tests::snapshot_link_creates_either_a_hard_link_or_a_copy_and_content_matches ... ok
test app::env_spec::tests::guidance_mentions_the_variable_name ... ok
test app::env_spec::tests::lookup_finds_known_var ... ok
test app::env_spec::tests::pymupdf_pro_key_var_is_catalogued ... ok
test app::audit::tests::snapshot_link_overwrites_existing_destination ... ok
test app::env_spec::tests::test_requirement_labels ... ok
test app::env_spec::tests::well_formed_pro_key_accepts_24_char_hfkt_key ... ok
test app::env_spec::tests::well_formed_pro_key_rejects_wrong_length_or_prefix ... ok
test app::error::tests::test_from_io_error ... ok
test app::error::tests::test_parse_msg ... ok
test app::error::tests::test_suggested_action ... ok
test app::fontcache::tests::seed_list_is_non_empty ... ok
test ai::document_ai::tests::jwt_claim_shape ... ok
test app::notify::tests::test_empty_url ... ok
test app::paths::tests::test_resolve_asset_path_absolute ... ok
test app::paths::tests::test_resolve_exe_dir ... ok
test app::paths::tests::test_resolve_asset_path_relative ... ok
test app::runtime::tests::alloc_job_id_is_strictly_monotonic ... ok
test app::runtime::tests::cancellation_registry_cancel_all_drains_every_token ... ok
test app::fontcache::tests::manifest_path_is_inside_cache_dir ... ok
test app::runtime::tests::cancellation_registry_complete_removes_without_cancelling ... ok
test app::runtime::tests::cancellation_registry_register_and_cancel_round_trip ... ok
test app::runtime::tests::cancellation_registry_unknown_id_is_noop ... ok
test app::runtime::tests::runtime_fallback_branch_prefers_offline_parser_when_online_backends_are_unavailable ... ok
test app::runtime::tests::test_bridge_fail_loud ... ok
⚠️ OTLP endpoint 'http://127.0.0.1:1' configured but no Tokio runtime is available; skipping OTLP install.
test app::audit::tests::roundtrip_records ... ok
test app::runtime::tests::test_python_job_recursion_regression ... ok
test app::telemetry::tests::init_with_unreachable_otlp_endpoint_does_not_panic ... ok
test engine::ai_confirm::tests::format_uncertain_includes_format_name ... ok
test engine::ai_confirm::tests::parsing_uncertain_builds_valid_confirmation ... ok
test engine::balance::polars_balance_tests::polars_recalculate_empty_errors ... ok
test engine::ai_confirm::tests::should_ask_below_threshold ... ok
test app::telemetry::tests::test_scrubbing_writer ... ok
test engine::balance::tests::auto_correct_noop_when_already_balanced ... ok
test engine::balance::tests::auto_correct_smart_fixes_anomalous_row ... ok
test engine::balance::polars_balance_tests::polars_recalculate_matches_iterative ... ok
test engine::balance::polars_balance_tests::polars_recalculate_preserves_metadata ... ok
test engine::balance::tests::process_and_reconcile_no_expected_balance_returns_none_message ... ok
test engine::balance::tests::process_and_reconcile_with_expected_balance_returns_some_message ... ok
test engine::balance::tests::recalculate_allows_negative_balance ... ok
test engine::balance::tests::recalculate_disambiguates_both_debit_and_credit ... ok
test engine::balance::tests::recalculate_empty_transactions_errors ... ok
test engine::balance::tests::recalculate_simple_running_balances ... ok
test engine::date_adjust::tests::parse_various_formats ... ok
test engine::categorization::tests::test_categorize_transactions ... ok
test engine::date_adjust::tests::preview_does_not_mutate ... ok
test engine::date_adjust::tests::remap_period_jan_to_feb ... ok
test engine::date_adjust::tests::shift_dates_by_30_days ... ok
test engine::date_adjust::tests::shift_dates_negative ... ok
test engine::font_analysis::tests::decodes_python_payload_shape ... ok
test engine::font_analysis::tests::digit_only_vs_alpha_action_classification ... ok
test engine::balance::proptest_balance_tests::doesnt_crash_on_random_transactions ... ok
test engine::font_analysis::tests::one_line_summary_clean_when_all_covered ... ok
test engine::font_analysis::tests::one_line_summary_lists_each_kind_of_missing ... ok
test engine::font_replication::tests::parses_a_failure_payload ... ok
test engine::font_replication::tests::parses_a_successful_payload_with_metrics ... ok
test engine::font_shaping::tests::test_shaping_signature ... ok
test engine::history::tests::ids_are_monotonic_within_history ... ok
test engine::model::dataframe_tests::empty_transactions_produce_empty_dataframe ... ok
test engine::model::dataframe_tests::round_trip_transactions_through_dataframe ... ok
test engine::model::tests::decimal_avoids_f64_drift_across_hundreds_of_rows ... ok
test engine::model::tests::delta_helpers_match_running_balance_arithmetic ... ok
test engine::model::tests::proposed_change_roundtrips_with_bbox ... ok
test engine::number_format::tests::detect_eu_style ... ok
test engine::number_format::tests::detect_no_decimals ... ok
test engine::number_format::tests::detect_paren_negative ... ok
test engine::number_format::tests::detect_plain_decimal ... ok
test engine::number_format::tests::detect_trailing_minus ... ok
test engine::number_format::tests::detect_us_style ... ok
test engine::number_format::tests::format_like_preserves_original_pattern ... ok
test engine::number_format::tests::negative_round_trips_under_minus_style ... ok
test engine::number_format::tests::round_trip_eu ... ok
test engine::number_format::tests::round_trip_paren_negative ... ok
test engine::number_format::tests::round_trip_us ... ok
test engine::number_format::tests::test_detect_ambiguous_thousands ... ok
test engine::number_format::tests::test_empty_and_invalid ... ok
test engine::number_format::tests::test_format_from_neighbours ... ok
test engine::number_format::tests::test_format_no_decimals ... ok
test engine::number_format::tests::test_trailing_currency ... ok
test engine::offline_parser::tests::extract_amounts_handles_negative ... ok
test engine::offline_parser::tests::extract_amounts_parses_various_formats ... ok
test engine::history::tests::save_and_load_round_trip_preserves_records_and_id_counter ... ok
test engine::offline_parser::tests::extract_date_finds_date ... ok
test engine::offline_parser::tests::extract_date_finds_month_name ... ok
test engine::offline_parser::tests::parse_rows_identifies_opening_closing ... ok
test engine::offline_parser::tests::parse_rows_inference ... ok
test engine::statement::tests::calculate_global_imbalance_correct ... ok
test engine::offline_parser::tests::extract_account_number_finds_number ... ok
test engine::transfer::tests::convert_date_dd_mm_to_mm_dd ... ok
test engine::transfer::tests::convert_date_mm_dd_to_yyyy_mm_dd ... ok
test engine::offline_parser::tests::parse_rows_one_amount_and_three_amounts ... ok
test engine::transfer::tests::convert_date_same_format_is_identity ... ok
test engine::transfer::tests::transfer_stage_labels_all_defined ... ok
test engine::transfer::tests::recompute_balances_from_opening ... ok
test engine::transfer_test_harness::tests::build_report_counts ... ok
test engine::transfer_test_harness::tests::generate_pairs_2_statements ... ok
test engine::transfer_test_harness::tests::generate_pairs_3_statements ... ok
test engine::transfer_test_harness::tests::test_output_path_format ... ok
test engine::offline_parser::tests::parse_statement_from_geom ... ok
test app::preflight::tests::verify_environment_rejects_headless_fallback_override ... ok
test engine::verification::stage_g_tests::ssim_blank_vs_content_is_very_low ... ok
test engine::verification::stage_g_tests::region_fidelity_aligns_out_pure_translation ... ok
test engine::verification::stage_g_tests::excluded_region_change_does_not_trip_gate ... ok
test engine::verification::stage_g_tests::ssim_identical_images_returns_one ... ok
test engine::workflow::tests::borderline_calculation_is_accurate ... ok
test engine::workflow::tests::build_preview_applies_edits_and_cascades_balances ... ok
test engine::workflow::tests::build_preview_marks_balanced_when_final_matches_expected ... ok
test engine::workflow::tests::changed_pages_empty_when_no_rows_changed ... ok
test engine::workflow::tests::changed_pages_returns_unique_sorted_pages_with_changes ... ok
test engine::workflow::tests::cross_validate_clamps_to_unit_interval ... ok
test engine::workflow::tests::cross_validate_no_template_match_leaves_score_alone ... ok
test engine::workflow::tests::cross_validate_template_agrees_leaves_score_alone ... ok
test engine::verification::stage_g_tests::ssim_with_excluded_diff_region_stays_high ... ok
test engine::workflow::tests::cross_validate_template_one_extra_row_is_within_tolerance ... ok
test engine::workflow::tests::cross_validate_template_three_extra_rows_drops_score_to_0_665 ... ok
test engine::workflow::tests::mask_padding_grows_then_caps ... ok
test engine::workflow::tests::parse_validation_acceptable_threshold_works ... ok
test engine::workflow::tests::prune_redundant_edits_drops_running_balance_edits_that_match_cascade ... ok
test engine::workflow::tests::prune_redundant_edits_keeps_running_balance_edits_that_differ_from_cascade ... ok
test engine::workflow::tests::should_accept_near_perfect_only_after_attempt_3_and_below_half_threshold ... ok
test engine::workflow::tests::prune_redundant_edits_never_drops_non_running_balance_fields ... ok
test engine::workflow::tests::test_borderline_calculation ... ok
test engine::workflow::tests::visual_attempt_passes_only_when_under_threshold_and_intended ... ok
test engine::workflow::tests::workflow_draft_load_rejects_incompatible_schema ... ok
test engine::workflow::tests::workflow_draft_matches_pdf_returns_true_when_unchanged ... ok
test engine::workflow::tests::workflow_draft_matches_pdf_returns_false_when_pdf_modified ... ok
test engine::workflow::tests::workflow_draft_new_with_hash_matches_new_when_hash_is_correct ... ok
test extractors::merger::tests::test_merge_and_tiebreak ... ok
test extractors::ocrs_engine::tests::default_config_has_model_paths ... ok
test extractors::ocrs_engine::tests::extract_fails_gracefully_on_invalid_image ... ok
test engine::workflow::tests::workflow_draft_round_trips_through_disk ... ok
test extractors::ocrs_engine::tests::extract_fails_gracefully_without_models ... ok
test extractors::templates::parsers::tests::parse_au_date_month_name_format ... ok
[2m2026-07-20T21:58:17.564390Z[0m [33m WARN[0m extractors::ocrs_engine::tests::geometry_provider_returns_unsupported_error ThreadId(217) [OCRS] OCR geometry extraction not yet available for PDF: dummy.pdf
test extractors::templates::parsers::tests::parse_au_date_slash_format ... ok
test extractors::templates::parsers::tests::parse_currency_large_amount ... ok
test extractors::ocrs_engine::tests::geometry_provider_returns_unsupported_error ... ok
test extractors::templates::parsers::tests::parse_currency_negative ... ok
test extractors::templates::parsers::tests::parse_currency_no_dollar_sign ... ok
test extractors::templates::parsers::tests::parse_currency_simple ... ok
test extractors::templates::parsers::tests::parse_invalid_date_rejected ... ok
[2m2026-07-20T21:58:17.564938Z[0m [32m INFO[0m     extractors::templates::tests::learn_template_clamps_negative_lo_to_zero ThreadId(225) [templates] refined template written: /var/folders/26/3_4bt35d1k71ykdlsyczblp00000l4/T/.tmpaWVssz/test_bank.refined.yaml (fields: ["date"])
[2m2026-07-20T21:58:17.565005Z[0m [32m INFO[0m extractors::templates::tests::learn_template_ignores_repeated_field_observations_correctly ThreadId(226) [templates] refined template written: /var/folders/26/3_4bt35d1k71ykdlsyczblp00000l4/T/.tmpAgBppz/test_bank.refined.yaml (fields: ["date"])
test extractors::templates::tests::learn_template_clamps_negative_lo_to_zero ... ok
test extractors::templates::tests::learn_template_ignores_repeated_field_observations_correctly ... ok
test engine::verification::stage_g_tests::tile_max_detects_localized_change_that_average_hides ... ok
test pdf::engine::tests::bbox_overlap_full_match_returns_one ... ok
[2m2026-07-20T21:58:17.565368Z[0m [32m INFO[0m     extractors::templates::tests::learn_template_writes_refined_yaml_with_observed_columns ThreadId(228) [templates] refined template written: /var/folders/26/3_4bt35d1k71ykdlsyczblp00000l4/T/.tmpGYPHCU/test_bank.refined.yaml (fields: ["amount", "date"])
test extractors::templates::tests::learn_template_rejects_empty_observations ... ok
test pdf::engine::tests::bbox_overlap_half_overlap_returns_half ... ok
test pdf::engine::tests::bbox_overlap_no_intersection_returns_zero ... ok
test pdf::engine::tests::bbox_overlap_zero_area_bbox_returns_zero ... ok
test extractors::templates::tests::learn_template_writes_refined_yaml_with_observed_columns ... ok
test pdf::engine::tests::dominant_span_overlap_picks_the_best_match ... ok
test pdf::engine::tests::dominant_span_overlap_prefers_larger_fraction_over_document_order ... ok
test pdf::engine::tests::dominant_span_overlap_returns_none_when_nothing_intersects ... ok
test pdf::native_engine::tests::operand_to_f32_converts_correctly ... ok
test pdf::native_engine::tests::test_capabilities ... ok
test pdf::pymupdf_engine::tests::find_text_block_at_click_returns_none_on_null_json ... ok
test pdf::selector::tests::fallback_takes_over_when_primary_fails ... ok
[2m2026-07-20T21:58:17.565650Z[0m [31mERROR[0m ThreadId(242) [PANIC] at src/pdf/selector.rs:412 -- MockEngine panic!
[2m2026-07-20T21:58:17.565659Z[0m [31mERROR[0m           pdf::selector::tests::sequential_auto_catches_primary_panic_and_returns_fallback ThreadId(244) [PANIC] at src/pdf/selector.rs:412 -- MockEngine panic!
test engine::verification::stage_g_tests::region_fidelity_rewards_matching_and_zero_shift ... ok

thread '<unnamed>' panicked at src/pdf/selector.rs:412:17:
MockEngine panic!
note: run with `RUST_BACKTRACE=1` environment variable to display a backtrace

thread 'pdf::selector::tests::sequential_auto_catches_primary_panic_and_returns_fallback' panicked at src/pdf/selector.rs:412:17:
MockEngine panic!
test security::software_root::tests::entropy_calculation_matches_expectations ... ok
[2m2026-07-20T21:58:17.565729Z[0m [33m WARN[0m           pdf::selector::tests::sequential_auto_catches_primary_panic_and_returns_fallback ThreadId(244) PyMuPDF engine failed, falling back to Native engine [3mengine.fallback_triggered[0m[2m=[0mtrue [3mprimary_error[0m[2m=[0mFailed to apply change: Engine thread panicked: MockEngine panic!
test security::software_root::tests::compute_hash_is_deterministic ... ok
[2m2026-07-20T21:58:17.565724Z[0m [32m INFO[0m      security::software_root::tests::require_software_attestation_rejects_weak_passphrases ThreadId(247) [SECURITY] ═══════════════════════════════════════════════
[2m2026-07-20T21:58:17.565762Z[0m [32m INFO[0m      security::software_root::tests::require_software_attestation_rejects_weak_passphrases ThreadId(247) [SECURITY] Software Root of Trust (Production Mode)
[2m2026-07-20T21:58:17.565772Z[0m [32m INFO[0m      security::software_root::tests::require_software_attestation_rejects_weak_passphrases ThreadId(247) [SECURITY] Strong passphrase-based cryptographic attestation active.
test pdf::selector::tests::sequential_auto_catches_primary_panic_and_returns_fallback ... ok
test security::software_root::tests::require_software_attestation_rejects_weak_passphrases ... ok
[2m2026-07-20T21:58:17.565752Z[0m [33m WARN[0m                          pdf::selector::tests::dual_concurrent_falls_back_on_primary_panic ThreadId(240) Primary engine failed in DualConcurrent mode, using fallback result [3mengine.fallback_triggered[0m[2m=[0mtrue [3mprimary_error[0m[2m=[0mFailed to extract text: Native engine thread panicked
test pdf::selector::tests::dual_concurrent_falls_back_on_primary_panic ... ok
[2m2026-07-20T21:58:17.569887Z[0m [31mERROR[0m                                    ai::pyo3_bridge::tests::test_python_panic_safely_caught ThreadId(27) [PANIC] at src/ai/pyo3_bridge.rs:491 -- Raw Rust panic inside python worker thread

thread 'ai::pyo3_bridge::tests::test_python_panic_safely_caught' panicked at src/ai/pyo3_bridge.rs:491:13:
Raw Rust panic inside python worker thread
test ai::pyo3_bridge::tests::test_python_panic_safely_caught ... ok
test ai::pyo3_bridge::tests::test_python_exception_safely_mapped_to_rust_error ... ok
test ai::gemini_client::tests::low_confidence_response_returns_error ... ok
test engine::verification::stage_g_tests::vision_ai_bridge_missing_does_not_crash ... ok
test ai::pyo3_bridge::tests::test_python_gil_lock_simulation ... ok
test app::watchdog::tests::test_watchdog_lifecycle ... ok

test result: ok. 207 passed; 0 failed; 0 ignored; 0 measured; 0 filtered out; finished in 1.02s

     Running unittests src/main.rs (target/debug/deps/dual_core_pdf_pipeline-edcdd386569fec5f)

running 0 tests

test result: ok. 0 passed; 0 failed; 0 ignored; 0 measured; 0 filtered out; finished in 0.00s

     Running unittests src/bin/dump_text.rs (target/debug/deps/dump_text-2ed6e0df16b81747)

running 0 tests

test result: ok. 0 passed; 0 failed; 0 ignored; 0 measured; 0 filtered out; finished in 0.00s

     Running unittests src/bin/test_pdfium.rs (target/debug/deps/test_pdfium-67afcccf7ca7e4da)

running 0 tests

test result: ok. 0 passed; 0 failed; 0 ignored; 0 measured; 0 filtered out; finished in 0.00s

     Running unittests src/bin/validate.rs (target/debug/deps/validate-a1210db97c3a0d8d)

running 0 tests

test result: ok. 0 passed; 0 failed; 0 ignored; 0 measured; 0 filtered out; finished in 0.00s

     Running tests/ai_backend_tests.rs (target/debug/deps/ai_backend_tests-d115dd688a3c4c36)

running 3 tests
test test_ai_backend_cascade_success_on_primary ... ok
test test_ai_backend_cascade_fallback ... ok
test test_ai_backend_cascade_all_failed ... ok

test result: ok. 3 passed; 0 failed; 0 ignored; 0 measured; 0 filtered out; finished in 41.71s

     Running tests/ai_document_ai_tests.rs (target/debug/deps/ai_document_ai_tests-cf069861fd8b3b55)

running 2 tests
test test_parse_entire_statement_success ... ok
Error returned: Api(429, "Too Many Requests")
test test_parse_entire_statement_retry_on_429 ... ok

test result: ok. 2 passed; 0 failed; 0 ignored; 0 measured; 0 filtered out; finished in 19.97s

     Running tests/ai_gemini_client_tests.rs (target/debug/deps/ai_gemini_client_tests-5b8af5d2fb2c819a)

running 3 tests
test test_propose_balance_adjustments_success ... ok
test test_propose_balance_adjustments_low_confidence ... ok
test test_gemini_retry_on_429 ... ok

test result: ok. 3 passed; 0 failed; 0 ignored; 0 measured; 0 filtered out; finished in 48.01s

     Running tests/ai_live.rs (target/debug/deps/ai_live-0b8967eacd8baa99)

running 3 tests
SKIP: Document AI not configured
SKIP: Document AI not configured
test document_ai_can_parse_a_real_statement ... ok
test document_ai_client_constructs_when_configured ... ok

thread 'gemini_client_can_propose_a_balance_plan' panicked at tests/ai_live.rs:61:26:
Gemini call failed: API Error (HTTP 400 Bad Request): {
  "error": {
    "code": 400,
    "message": "API key not valid. Please pass a valid API key.",
    "status": "INVALID_ARGUMENT",
    "details": [
      {
        "@type": "type.googleapis.com/google.rpc.ErrorInfo",
        "reason": "API_KEY_INVALID",
        "domain": "googleapis.com",
        "metadata": {
          "service": "generativelanguage.googleapis.com"
        }
      },
      {
        "@type": "type.googleapis.com/google.rpc.LocalizedMessage",
        "locale": "en-US",
        "message": "API key not valid. Please pass a valid API key."
      }
    ]
  }
}

note: run with `RUST_BACKTRACE=1` environment variable to display a backtrace
test gemini_client_can_propose_a_balance_plan ... FAILED

failures:

failures:
    gemini_client_can_propose_a_balance_plan

test result: FAILED. 2 passed; 1 failed; 0 ignored; 0 measured; 0 filtered out; finished in 0.06s

error: test failed, to rerun pass `--test ai_live`
     Running tests/ai_loop_tests.rs (target/debug/deps/ai_loop_tests-da559c322804b3fc)

running 1 test
test test_verify_and_repair_extraction_loop ... ok

test result: ok. 1 passed; 0 failed; 0 ignored; 0 measured; 0 filtered out; finished in 0.02s

     Running tests/api_chaos_tests.rs (target/debug/deps/api_chaos_tests-8ae8a31c1121c347)

running 2 tests
test test_document_ai_api_chaos_malformed_json ... ok
test test_gemini_api_chaos_recovery ... ok

test result: ok. 2 passed; 0 failed; 0 ignored; 0 measured; 0 filtered out; finished in 10.96s

     Running tests/api_mock_tests.rs (target/debug/deps/api_mock_tests-4c6a53378138d84b)

running 1 test
test test_document_ai_retry_logic_mocked ... ok

test result: ok. 1 passed; 0 failed; 0 ignored; 0 measured; 0 filtered out; finished in 0.03s

     Running tests/au_statements_deep_dive.rs (target/debug/deps/au_statements_deep_dive-2754a68586b0ae17)

running 1 test

============================================
TESTING: AU Bank Statements/macquarie_example.pdf
============================================
══════════════════════════════════════════════════════════
  API Key Verification Report
══════════════════════════════════════════════════════════
  Timestamp: 2026-07-20T22:00:19.537321+00:00

  ❌  PyMuPDF Pro  (0ms)
      Error: PYMUPDF_PRO_KEY not configured
      Guidance: Set PYMUPDF_PRO_KEY environment variable with a 24-character trial key (prefix 'hFKt'). Obtain from https://pymupdf.io/

  ⊘  Document AI  (0ms)
      Error: Document AI not configured
      Guidance: Set DOCUMENT_AI_PROJECT_ID, DOCUMENT_AI_LOCATION, and DOCUMENT_AI_PROCESSOR_ID to enable transaction extraction.

  ❌  Gemini  (53ms)
      Method: API Key
      Error: API Error (HTTP 400 Bad Request): {
  "error": {
    "code": 400,
    "message": "API key not valid. Please pass a valid API key.",
    "status": "INVALID_ARGUMENT",
    "details": [
      {
        "@type": "type.googleapis.com/google.rpc.ErrorInfo",
        "reason": "API_KEY_INVALID",
        "domain": "googleapis.com",
        "metadata": {
          "service": "generativelanguage.googleapis.com"
        }
      },
      {
        "@type": "type.googleapis.com/google.rpc.LocalizedMessage",
        "locale": "en-US",
        "message": "API key not valid. Please pass a valid API key."
      }
    ]
  }
}

      Guidance: API error (HTTP 400 Bad Request): Check your API key and quota.

  ⊘  LlamaParse  (0ms)
      Error: LLAMAPARSE_API_KEY not configured
      Guidance: Set LLAMAPARSE_API_KEY to use the alternative LLM parser. Get a key at https://cloud.llamaindex.ai/

  ✅  pdfRest  (0ms)
      Method: API Key Configured

  ⊘  Vision AI  (0ms)
      Error: VISION_API_KEY not configured
      Guidance: Set VISION_API_KEY to enable visual AI testing verification layer.

══════════════════════════════════════════════════════════
  Overall Status: ❌  (Exit code: 2)
══════════════════════════════════════════════════════════
error: test failed, to rerun pass `--test au_statements_deep_dive`

Caused by:
  process didn't exit successfully: `/Volumes/Macintosh_HD/Users/user298993/Documents/GitHub/bank-statement-fidelity-editor/target/debug/deps/au_statements_deep_dive-2754a68586b0ae17 --include-ignored --nocapture` (signal: 9, SIGKILL: kill)
     Running tests/au_transfer_stress.rs (target/debug/deps/au_transfer_stress-e94082913c00369c)

running 1 test

╔══════════════════════════════════════════════════════════════╗
║  AU Bank Statement Cross-Transfer Stress Test              ║
║  Statements: 7                                            ║
║  Pairs:      42 (N×(N-1))                                  ║
╚══════════════════════════════════════════════════════════════╝

  [0] anz_example
  [1] bankwest_example
  [2] commbank_smartaccess_example
  [3] fallback
  [4] ing_orangeeveryday_example
  [5] macquarie_example
  [6] westpac_choicebasic_example

══════════════════════════════════════════════════════════
  API Key Verification Report
══════════════════════════════════════════════════════════
  Timestamp: 2026-07-20T22:00:38.136365+00:00

  ❌  PyMuPDF Pro  (0ms)
      Error: PYMUPDF_PRO_KEY not configured
      Guidance: Set PYMUPDF_PRO_KEY environment variable with a 24-character trial key (prefix 'hFKt'). Obtain from https://pymupdf.io/

  ⊘  Document AI  (0ms)
      Error: Document AI not configured
      Guidance: Set DOCUMENT_AI_PROJECT_ID, DOCUMENT_AI_LOCATION, and DOCUMENT_AI_PROCESSOR_ID to enable transaction extraction.

  ❌  Gemini  (91ms)
      Method: API Key
      Error: API Error (HTTP 400 Bad Request): {
  "error": {
    "code": 400,
    "message": "API key not valid. Please pass a valid API key.",
    "status": "INVALID_ARGUMENT",
    "details": [
      {
        "@type": "type.googleapis.com/google.rpc.ErrorInfo",
        "reason": "API_KEY_INVALID",
        "domain": "googleapis.com",
        "metadata": {
          "service": "generativelanguage.googleapis.com"
        }
      },
      {
        "@type": "type.googleapis.com/google.rpc.LocalizedMessage",
        "locale": "en-US",
        "message": "API key not valid. Please pass a valid API key."
      }
    ]
  }
}

      Guidance: API error (HTTP 400 Bad Request): Check your API key and quota.

  ⊘  LlamaParse  (0ms)
      Error: LLAMAPARSE_API_KEY not configured
      Guidance: Set LLAMAPARSE_API_KEY to use the alternative LLM parser. Get a key at https://cloud.llamaindex.ai/

  ✅  pdfRest  (0ms)
      Method: API Key Configured

  ⊘  Vision AI  (0ms)
      Error: VISION_API_KEY not configured
      Guidance: Set VISION_API_KEY to enable visual AI testing verification layer.

══════════════════════════════════════════════════════════
  Overall Status: ❌  (Exit code: 2)
══════════════════════════════════════════════════════════
══════════════════════════════════════════════════════════
  API Key Verification Report
══════════════════════════════════════════════════════════
  Timestamp: 2026-07-20T22:00:38.136373+00:00

  ❌  PyMuPDF Pro  (0ms)
      Error: PYMUPDF_PRO_KEY not configured
      Guidance: Set PYMUPDF_PRO_KEY environment variable with a 24-character trial key (prefix 'hFKt'). Obtain from https://pymupdf.io/

  ⊘  Document AI  (0ms)
      Error: Document AI not configured
      Guidance: Set DOCUMENT_AI_PROJECT_ID, DOCUMENT_AI_LOCATION, and DOCUMENT_AI_PROCESSOR_ID to enable transaction extraction.

  ❌  Gemini  (72ms)
      Method: API Key
      Error: API Error (HTTP 400 Bad Request): {
  "error": {
    "code": 400,
    "message": "API key not valid. Please pass a valid API key.",
    "status": "INVALID_ARGUMENT",
    "details": [
      {
        "@type": "type.googleapis.com/google.rpc.ErrorInfo",
        "reason": "API_KEY_INVALID",
        "domain": "googleapis.com",
        "metadata": {
          "service": "generativelanguage.googleapis.com"
        }
      },
      {
        "@type": "type.googleapis.com/google.rpc.LocalizedMessage",
        "locale": "en-US",
        "message": "API key not valid. Please pass a valid API key."
      }
    ]
  }
}

      Guidance: API error (HTTP 400 Bad Request): Check your API key and quota.

  ⊘  LlamaParse  (0ms)
      Error: LLAMAPARSE_API_KEY not configured
      Guidance: Set LLAMAPARSE_API_KEY to use the alternative LLM parser. Get a key at https://cloud.llamaindex.ai/

  ✅  pdfRest  (0ms)
      Method: API Key Configured

  ⊘  Vision AI  (0ms)
      Error: VISION_API_KEY not configured
      Guidance: Set VISION_API_KEY to enable visual AI testing verification layer.

══════════════════════════════════════════════════════════
  Overall Status: ❌  (Exit code: 2)
══════════════════════════════════════════════════════════
══════════════════════════════════════════════════════════
  API Key Verification Report
══════════════════════════════════════════════════════════
  Timestamp: 2026-07-20T22:00:38.136366+00:00

  ❌  PyMuPDF Pro  (0ms)
      Error: PYMUPDF_PRO_KEY not configured
      Guidance: Set PYMUPDF_PRO_KEY environment variable with a 24-character trial key (prefix 'hFKt'). Obtain from https://pymupdf.io/

  ⊘  Document AI  (0ms)
      Error: Document AI not configured
      Guidance: Set DOCUMENT_AI_PROJECT_ID, DOCUMENT_AI_LOCATION, and DOCUMENT_AI_PROCESSOR_ID to enable transaction extraction.

  ❌  Gemini  (79ms)
      Method: API Key
      Error: API Error (HTTP 400 Bad Request): {
  "error": {
    "code": 400,
    "message": "API key not valid. Please pass a valid API key.",
    "status": "INVALID_ARGUMENT",
    "details": [
      {
        "@type": "type.googleapis.com/google.rpc.ErrorInfo",
        "reason": "API_KEY_INVALID",
        "domain": "googleapis.com",
        "metadata": {
          "service": "generativelanguage.googleapis.com"
        }
      },
      {
        "@type": "type.googleapis.com/google.rpc.LocalizedMessage",
        "locale": "en-US",
        "message": "API key not valid. Please pass a valid API key."
      }
    ]
  }
}

      Guidance: API error (HTTP 400 Bad Request): Check your API key and quota.

  ⊘  LlamaParse  (0ms)
      Error: LLAMAPARSE_API_KEY not configured
      Guidance: Set LLAMAPARSE_API_KEY to use the alternative LLM parser. Get a key at https://cloud.llamaindex.ai/

  ✅  pdfRest  (0ms)
      Method: API Key Configured

  ⊘  Vision AI  (0ms)
      Error: VISION_API_KEY not configured
      Guidance: Set VISION_API_KEY to enable visual AI testing verification layer.

══════════════════════════════════════════════════════════
  Overall Status: ❌  (Exit code: 2)
══════════════════════════════════════════════════════════
══════════════════════════════════════════════════════════
  API Key Verification Report
══════════════════════════════════════════════════════════
  Timestamp: 2026-07-20T22:00:38.143492+00:00

  ❌  PyMuPDF Pro  (0ms)
      Error: PYMUPDF_PRO_KEY not configured
      Guidance: Set PYMUPDF_PRO_KEY environment variable with a 24-character trial key (prefix 'hFKt'). Obtain from https://pymupdf.io/

  ⊘  Document AI  (0ms)
      Error: Document AI not configured
      Guidance: Set DOCUMENT_AI_PROJECT_ID, DOCUMENT_AI_LOCATION, and DOCUMENT_AI_PROCESSOR_ID to enable transaction extraction.

  ❌  Gemini  (62ms)
      Method: API Key
      Error: API Error (HTTP 400 Bad Request): {
  "error": {
    "code": 400,
    "message": "API key not valid. Please pass a valid API key.",
    "status": "INVALID_ARGUMENT",
    "details": [
      {
        "@type": "type.googleapis.com/google.rpc.ErrorInfo",
        "reason": "API_KEY_INVALID",
        "domain": "googleapis.com",
        "metadata": {
          "service": "generativelanguage.googleapis.com"
        }
      },
      {
        "@type": "type.googleapis.com/google.rpc.LocalizedMessage",
        "locale": "en-US",
        "message": "API key not valid. Please pass a valid API key."
      }
    ]
  }
}

      Guidance: API error (HTTP 400 Bad Request): Check your API key and quota.

  ⊘  LlamaParse  (0ms)
      Error: LLAMAPARSE_API_KEY not configured
      Guidance: Set LLAMAPARSE_API_KEY to use the alternative LLM parser. Get a key at https://cloud.llamaindex.ai/

  ✅  pdfRest  (0ms)
      Method: API Key Configured

  ⊘  Vision AI  (0ms)
      Error: VISION_API_KEY not configured
      Guidance: Set VISION_API_KEY to enable visual AI testing verification layer.

══════════════════════════════════════════════════════════
  Overall Status: ❌  (Exit code: 2)
══════════════════════════════════════════════════════════
══════════════════════════════════════════════════════════
  API Key Verification Report
══════════════════════════════════════════════════════════
  Timestamp: 2026-07-20T22:00:38.145+00:00

  ❌  PyMuPDF Pro  (0ms)
      Error: PYMUPDF_PRO_KEY not configured
      Guidance: Set PYMUPDF_PRO_KEY environment variable with a 24-character trial key (prefix 'hFKt'). Obtain from https://pymupdf.io/

  ⊘  Document AI  (0ms)
      Error: Document AI not configured
      Guidance: Set DOCUMENT_AI_PROJECT_ID, DOCUMENT_AI_LOCATION, and DOCUMENT_AI_PROCESSOR_ID to enable transaction extraction.

  ❌  Gemini  (109ms)
      Method: API Key
      Error: API Error (HTTP 400 Bad Request): {
  "error": {
    "code": 400,
    "message": "API key not valid. Please pass a valid API key.",
    "status": "INVALID_ARGUMENT",
    "details": [
      {
        "@type": "type.googleapis.com/google.rpc.ErrorInfo",
        "reason": "API_KEY_INVALID",
        "domain": "googleapis.com",
        "metadata": {
          "service": "generativelanguage.googleapis.com"
        }
      },
      {
        "@type": "type.googleapis.com/google.rpc.LocalizedMessage",
        "locale": "en-US",
        "message": "API key not valid. Please pass a valid API key."
      }
    ]
  }
}

      Guidance: API error (HTTP 400 Bad Request): Check your API key and quota.

  ⊘  LlamaParse  (0ms)
      Error: LLAMAPARSE_API_KEY not configured
      Guidance: Set LLAMAPARSE_API_KEY to use the alternative LLM parser. Get a key at https://cloud.llamaindex.ai/

  ✅  pdfRest  (0ms)
      Method: API Key Configured

  ⊘  Vision AI  (0ms)
      Error: VISION_API_KEY not configured
      Guidance: Set VISION_API_KEY to enable visual AI testing verification layer.

══════════════════════════════════════════════════════════
  Overall Status: ❌  (Exit code: 2)
══════════════════════════════════════════════════════════
══════════════════════════════════════════════════════════
  API Key Verification Report
══════════════════════════════════════════════════════════
  Timestamp: 2026-07-20T22:00:38.146224+00:00

  ❌  PyMuPDF Pro  (0ms)
      Error: PYMUPDF_PRO_KEY not configured
      Guidance: Set PYMUPDF_PRO_KEY environment variable with a 24-character trial key (prefix 'hFKt'). Obtain from https://pymupdf.io/

  ⊘  Document AI  (0ms)
      Error: Document AI not configured
      Guidance: Set DOCUMENT_AI_PROJECT_ID, DOCUMENT_AI_LOCATION, and DOCUMENT_AI_PROCESSOR_ID to enable transaction extraction.

  ❌  Gemini  (103ms)
      Method: API Key
      Error: API Error (HTTP 400 Bad Request): {
  "error": {
    "code": 400,
    "message": "API key not valid. Please pass a valid API key.",
    "status": "INVALID_ARGUMENT",
    "details": [
      {
        "@type": "type.googleapis.com/google.rpc.ErrorInfo",
        "reason": "API_KEY_INVALID",
        "domain": "googleapis.com",
        "metadata": {
          "service": "generativelanguage.googleapis.com"
        }
      },
      {
        "@type": "type.googleapis.com/google.rpc.LocalizedMessage",
        "locale": "en-US",
        "message": "API key not valid. Please pass a valid API key."
      }
    ]
  }
}

      Guidance: API error (HTTP 400 Bad Request): Check your API key and quota.

  ⊘  LlamaParse  (0ms)
      Error: LLAMAPARSE_API_KEY not configured
      Guidance: Set LLAMAPARSE_API_KEY to use the alternative LLM parser. Get a key at https://cloud.llamaindex.ai/

  ✅  pdfRest  (0ms)
      Method: API Key Configured

  ⊘  Vision AI  (0ms)
      Error: VISION_API_KEY not configured
      Guidance: Set VISION_API_KEY to enable visual AI testing verification layer.

══════════════════════════════════════════════════════════
  Overall Status: ❌  (Exit code: 2)
══════════════════════════════════════════════════════════
══════════════════════════════════════════════════════════
  API Key Verification Report
══════════════════════════════════════════════════════════
  Timestamp: 2026-07-20T22:00:38.146337+00:00

  ❌  PyMuPDF Pro  (0ms)
      Error: PYMUPDF_PRO_KEY not configured
      Guidance: Set PYMUPDF_PRO_KEY environment variable with a 24-character trial key (prefix 'hFKt'). Obtain from https://pymupdf.io/

  ⊘  Document AI  (0ms)
      Error: Document AI not configured
      Guidance: Set DOCUMENT_AI_PROJECT_ID, DOCUMENT_AI_LOCATION, and DOCUMENT_AI_PROCESSOR_ID to enable transaction extraction.

  ❌  Gemini  (65ms)
      Method: API Key
      Error: API Error (HTTP 400 Bad Request): {
  "error": {
    "code": 400,
    "message": "API key not valid. Please pass a valid API key.",
    "status": "INVALID_ARGUMENT",
    "details": [
      {
        "@type": "type.googleapis.com/google.rpc.ErrorInfo",
        "reason": "API_KEY_INVALID",
        "domain": "googleapis.com",
        "metadata": {
          "service": "generativelanguage.googleapis.com"
        }
      },
      {
        "@type": "type.googleapis.com/google.rpc.LocalizedMessage",
        "locale": "en-US",
        "message": "API key not valid. Please pass a valid API key."
      }
    ]
  }
}

      Guidance: API error (HTTP 400 Bad Request): Check your API key and quota.

  ⊘  LlamaParse  (0ms)
      Error: LLAMAPARSE_API_KEY not configured
      Guidance: Set LLAMAPARSE_API_KEY to use the alternative LLM parser. Get a key at https://cloud.llamaindex.ai/

  ✅  pdfRest  (0ms)
      Method: API Key Configured

  ⊘  Vision AI  (0ms)
      Error: VISION_API_KEY not configured
      Guidance: Set VISION_API_KEY to enable visual AI testing verification layer.

══════════════════════════════════════════════════════════
  Overall Status: ❌  (Exit code: 2)
══════════════════════════════════════════════════════════
══════════════════════════════════════════════════════════
  API Key Verification Report
══════════════════════════════════════════════════════════
  Timestamp: 2026-07-20T22:00:38.147250+00:00

  ❌  PyMuPDF Pro  (0ms)
      Error: PYMUPDF_PRO_KEY not configured
      Guidance: Set PYMUPDF_PRO_KEY environment variable with a 24-character trial key (prefix 'hFKt'). Obtain from https://pymupdf.io/

  ⊘  Document AI  (0ms)
      Error: Document AI not configured
      Guidance: Set DOCUMENT_AI_PROJECT_ID, DOCUMENT_AI_LOCATION, and DOCUMENT_AI_PROCESSOR_ID to enable transaction extraction.

  ❌  Gemini  (105ms)
      Method: API Key
      Error: API Error (HTTP 400 Bad Request): {
  "error": {
    "code": 400,
    "message": "API key not valid. Please pass a valid API key.",
    "status": "INVALID_ARGUMENT",
    "details": [
      {
        "@type": "type.googleapis.com/google.rpc.ErrorInfo",
        "reason": "API_KEY_INVALID",
        "domain": "googleapis.com",
        "metadata": {
          "service": "generativelanguage.googleapis.com"
        }
      },
      {
        "@type": "type.googleapis.com/google.rpc.LocalizedMessage",
        "locale": "en-US",
        "message": "API key not valid. Please pass a valid API key."
      }
    ]
  }
}

      Guidance: API error (HTTP 400 Bad Request): Check your API key and quota.

  ⊘  LlamaParse  (0ms)
      Error: LLAMAPARSE_API_KEY not configured
      Guidance: Set LLAMAPARSE_API_KEY to use the alternative LLM parser. Get a key at https://cloud.llamaindex.ai/

  ✅  pdfRest  (0ms)
      Method: API Key Configured

  ⊘  Vision AI  (0ms)
      Error: VISION_API_KEY not configured
      Guidance: Set VISION_API_KEY to enable visual AI testing verification layer.

══════════════════════════════════════════════════════════
  Overall Status: ❌  (Exit code: 2)
══════════════════════════════════════════════════════════
══════════════════════════════════════════════════════════
  API Key Verification Report
══════════════════════════════════════════════════════════
  Timestamp: 2026-07-20T22:00:38.147659+00:00

  ❌  PyMuPDF Pro  (0ms)
      Error: PYMUPDF_PRO_KEY not configured
      Guidance: Set PYMUPDF_PRO_KEY environment variable with a 24-character trial key (prefix 'hFKt'). Obtain from https://pymupdf.io/

  ⊘  Document AI  (0ms)
      Error: Document AI not configured
      Guidance: Set DOCUMENT_AI_PROJECT_ID, DOCUMENT_AI_LOCATION, and DOCUMENT_AI_PROCESSOR_ID to enable transaction extraction.

  ❌  Gemini  (105ms)
      Method: API Key
      Error: API Error (HTTP 400 Bad Request): {
  "error": {
    "code": 400,
    "message": "API key not valid. Please pass a valid API key.",
    "status": "INVALID_ARGUMENT",
    "details": [
      {
        "@type": "type.googleapis.com/google.rpc.ErrorInfo",
        "reason": "API_KEY_INVALID",
        "domain": "googleapis.com",
        "metadata": {
          "service": "generativelanguage.googleapis.com"
        }
      },
      {
        "@type": "type.googleapis.com/google.rpc.LocalizedMessage",
        "locale": "en-US",
        "message": "API key not valid. Please pass a valid API key."
      }
    ]
  }
}

      Guidance: API error (HTTP 400 Bad Request): Check your API key and quota.

  ⊘  LlamaParse  (0ms)
      Error: LLAMAPARSE_API_KEY not configured
      Guidance: Set LLAMAPARSE_API_KEY to use the alternative LLM parser. Get a key at https://cloud.llamaindex.ai/

  ✅  pdfRest  (0ms)
      Method: API Key Configured

  ⊘  Vision AI  (0ms)
      Error: VISION_API_KEY not configured
      Guidance: Set VISION_API_KEY to enable visual AI testing verification layer.

══════════════════════════════════════════════════════════
  Overall Status: ❌  (Exit code: 2)
══════════════════════════════════════════════════════════
══════════════════════════════════════════════════════════
  API Key Verification Report
══════════════════════════════════════════════════════════
  Timestamp: 2026-07-20T22:00:38.148561+00:00

  ❌  PyMuPDF Pro  (0ms)
      Error: PYMUPDF_PRO_KEY not configured
      Guidance: Set PYMUPDF_PRO_KEY environment variable with a 24-character trial key (prefix 'hFKt'). Obtain from https://pymupdf.io/

  ⊘  Document AI  (0ms)
      Error: Document AI not configured
      Guidance: Set DOCUMENT_AI_PROJECT_ID, DOCUMENT_AI_LOCATION, and DOCUMENT_AI_PROCESSOR_ID to enable transaction extraction.

  ❌  Gemini  (106ms)
      Method: API Key
      Error: API Error (HTTP 400 Bad Request): {
  "error": {
    "code": 400,
    "message": "API key not valid. Please pass a valid API key.",
    "status": "INVALID_ARGUMENT",
    "details": [
      {
        "@type": "type.googleapis.com/google.rpc.ErrorInfo",
        "reason": "API_KEY_INVALID",
        "domain": "googleapis.com",
        "metadata": {
          "service": "generativelanguage.googleapis.com"
        }
      },
      {
        "@type": "type.googleapis.com/google.rpc.LocalizedMessage",
        "locale": "en-US",
        "message": "API key not valid. Please pass a valid API key."
      }
    ]
  }
}

      Guidance: API error (HTTP 400 Bad Request): Check your API key and quota.

  ⊘  LlamaParse  (0ms)
      Error: LLAMAPARSE_API_KEY not configured
      Guidance: Set LLAMAPARSE_API_KEY to use the alternative LLM parser. Get a key at https://cloud.llamaindex.ai/

  ✅  pdfRest  (0ms)
      Method: API Key Configured

  ⊘  Vision AI  (0ms)
      Error: VISION_API_KEY not configured
      Guidance: Set VISION_API_KEY to enable visual AI testing verification layer.

══════════════════════════════════════════════════════════
  Overall Status: ❌  (Exit code: 2)
══════════════════════════════════════════════════════════
══════════════════════════════════════════════════════════
  API Key Verification Report
══════════════════════════════════════════════════════════
  Timestamp: 2026-07-20T22:00:38.149518+00:00

  ❌  PyMuPDF Pro  (0ms)
      Error: PYMUPDF_PRO_KEY not configured
      Guidance: Set PYMUPDF_PRO_KEY environment variable with a 24-character trial key (prefix 'hFKt'). Obtain from https://pymupdf.io/

  ⊘  Document AI  (0ms)
      Error: Document AI not configured
      Guidance: Set DOCUMENT_AI_PROJECT_ID, DOCUMENT_AI_LOCATION, and DOCUMENT_AI_PROCESSOR_ID to enable transaction extraction.

  ❌  Gemini  (68ms)
      Method: API Key
      Error: API Error (HTTP 400 Bad Request): {
  "error": {
    "code": 400,
    "message": "API key not valid. Please pass a valid API key.",
    "status": "INVALID_ARGUMENT",
    "details": [
      {
        "@type": "type.googleapis.com/google.rpc.ErrorInfo",
        "reason": "API_KEY_INVALID",
        "domain": "googleapis.com",
        "metadata": {
          "service": "generativelanguage.googleapis.com"
        }
      },
      {
        "@type": "type.googleapis.com/google.rpc.LocalizedMessage",
        "locale": "en-US",
        "message": "API key not valid. Please pass a valid API key."
      }
    ]
  }
}

      Guidance: API error (HTTP 400 Bad Request): Check your API key and quota.

  ⊘  LlamaParse  (0ms)
      Error: LLAMAPARSE_API_KEY not configured
      Guidance: Set LLAMAPARSE_API_KEY to use the alternative LLM parser. Get a key at https://cloud.llamaindex.ai/

  ✅  pdfRest  (0ms)
      Method: API Key Configured

  ⊘  Vision AI  (0ms)
      Error: VISION_API_KEY not configured
      Guidance: Set VISION_API_KEY to enable visual AI testing verification layer.

══════════════════════════════════════════════════════════
  Overall Status: ❌  (Exit code: 2)
══════════════════════════════════════════════════════════
══════════════════════════════════════════════════════════
  API Key Verification Report
══════════════════════════════════════════════════════════
  Timestamp: 2026-07-20T22:00:38.150043+00:00

  ❌  PyMuPDF Pro  (0ms)
      Error: PYMUPDF_PRO_KEY not configured
      Guidance: Set PYMUPDF_PRO_KEY environment variable with a 24-character trial key (prefix 'hFKt'). Obtain from https://pymupdf.io/

  ⊘  Document AI  (0ms)
      Error: Document AI not configured
      Guidance: Set DOCUMENT_AI_PROJECT_ID, DOCUMENT_AI_LOCATION, and DOCUMENT_AI_PROCESSOR_ID to enable transaction extraction.

  ❌  Gemini  (69ms)
      Method: API Key
      Error: API Error (HTTP 400 Bad Request): {
  "error": {
    "code": 400,
    "message": "API key not valid. Please pass a valid API key.",
    "status": "INVALID_ARGUMENT",
    "details": [
      {
        "@type": "type.googleapis.com/google.rpc.ErrorInfo",
        "reason": "API_KEY_INVALID",
        "domain": "googleapis.com",
        "metadata": {
          "service": "generativelanguage.googleapis.com"
        }
      },
      {
        "@type": "type.googleapis.com/google.rpc.LocalizedMessage",
        "locale": "en-US",
        "message": "API key not valid. Please pass a valid API key."
      }
    ]
  }
}

      Guidance: API error (HTTP 400 Bad Request): Check your API key and quota.

  ⊘  LlamaParse  (0ms)
      Error: LLAMAPARSE_API_KEY not configured
      Guidance: Set LLAMAPARSE_API_KEY to use the alternative LLM parser. Get a key at https://cloud.llamaindex.ai/

  ✅  pdfRest  (0ms)
      Method: API Key Configured

  ⊘  Vision AI  (0ms)
      Error: VISION_API_KEY not configured
      Guidance: Set VISION_API_KEY to enable visual AI testing verification layer.

══════════════════════════════════════════════════════════
  Overall Status: ❌  (Exit code: 2)
══════════════════════════════════════════════════════════
══════════════════════════════════════════════════════════
  API Key Verification Report
══════════════════════════════════════════════════════════
  Timestamp: 2026-07-20T22:00:38.151312+00:00

  ❌  PyMuPDF Pro  (0ms)
      Error: PYMUPDF_PRO_KEY not configured
      Guidance: Set PYMUPDF_PRO_KEY environment variable with a 24-character trial key (prefix 'hFKt'). Obtain from https://pymupdf.io/

  ⊘  Document AI  (0ms)
      Error: Document AI not configured
      Guidance: Set DOCUMENT_AI_PROJECT_ID, DOCUMENT_AI_LOCATION, and DOCUMENT_AI_PROCESSOR_ID to enable transaction extraction.

  ❌  Gemini  (75ms)
      Method: API Key
      Error: API Error (HTTP 400 Bad Request): {
  "error": {
    "code": 400,
    "message": "API key not valid. Please pass a valid API key.",
    "status": "INVALID_ARGUMENT",
    "details": [
      {
        "@type": "type.googleapis.com/google.rpc.ErrorInfo",
        "reason": "API_KEY_INVALID",
        "domain": "googleapis.com",
        "metadata": {
          "service": "generativelanguage.googleapis.com"
        }
      },
      {
        "@type": "type.googleapis.com/google.rpc.LocalizedMessage",
        "locale": "en-US",
        "message": "API key not valid. Please pass a valid API key."
      }
    ]
  }
}

      Guidance: API error (HTTP 400 Bad Request): Check your API key and quota.

  ⊘  LlamaParse  (0ms)
      Error: LLAMAPARSE_API_KEY not configured
      Guidance: Set LLAMAPARSE_API_KEY to use the alternative LLM parser. Get a key at https://cloud.llamaindex.ai/

  ✅  pdfRest  (0ms)
      Method: API Key Configured

  ⊘  Vision AI  (0ms)
      Error: VISION_API_KEY not configured
      Guidance: Set VISION_API_KEY to enable visual AI testing verification layer.

══════════════════════════════════════════════════════════
  Overall Status: ❌  (Exit code: 2)
══════════════════════════════════════════════════════════
══════════════════════════════════════════════════════════
  API Key Verification Report
══════════════════════════════════════════════════════════
  Timestamp: 2026-07-20T22:00:38.151550+00:00

  ❌  PyMuPDF Pro  (0ms)
      Error: PYMUPDF_PRO_KEY not configured
      Guidance: Set PYMUPDF_PRO_KEY environment variable with a 24-character trial key (prefix 'hFKt'). Obtain from https://pymupdf.io/

  ⊘  Document AI  (0ms)
      Error: Document AI not configured
      Guidance: Set DOCUMENT_AI_PROJECT_ID, DOCUMENT_AI_LOCATION, and DOCUMENT_AI_PROCESSOR_ID to enable transaction extraction.

  ❌  Gemini  (103ms)
      Method: API Key
      Error: API Error (HTTP 400 Bad Request): {
  "error": {
    "code": 400,
    "message": "API key not valid. Please pass a valid API key.",
    "status": "INVALID_ARGUMENT",
    "details": [
      {
        "@type": "type.googleapis.com/google.rpc.ErrorInfo",
        "reason": "API_KEY_INVALID",
        "domain": "googleapis.com",
        "metadata": {
          "service": "generativelanguage.googleapis.com"
        }
      },
      {
        "@type": "type.googleapis.com/google.rpc.LocalizedMessage",
        "locale": "en-US",
        "message": "API key not valid. Please pass a valid API key."
      }
    ]
  }
}

      Guidance: API error (HTTP 400 Bad Request): Check your API key and quota.

  ⊘  LlamaParse  (0ms)
      Error: LLAMAPARSE_API_KEY not configured
      Guidance: Set LLAMAPARSE_API_KEY to use the alternative LLM parser. Get a key at https://cloud.llamaindex.ai/

  ✅  pdfRest  (0ms)
      Method: API Key Configured

  ⊘  Vision AI  (0ms)
      Error: VISION_API_KEY not configured
      Guidance: Set VISION_API_KEY to enable visual AI testing verification layer.

══════════════════════════════════════════════════════════
  Overall Status: ❌  (Exit code: 2)
══════════════════════════════════════════════════════════
══════════════════════════════════════════════════════════
  API Key Verification Report
══════════════════════════════════════════════════════════
  Timestamp: 2026-07-20T22:00:38.152394+00:00

  ❌  PyMuPDF Pro  (0ms)
      Error: PYMUPDF_PRO_KEY not configured
      Guidance: Set PYMUPDF_PRO_KEY environment variable with a 24-character trial key (prefix 'hFKt'). Obtain from https://pymupdf.io/

  ⊘  Document AI  (0ms)
      Error: Document AI not configured
      Guidance: Set DOCUMENT_AI_PROJECT_ID, DOCUMENT_AI_LOCATION, and DOCUMENT_AI_PROCESSOR_ID to enable transaction extraction.

  ❌  Gemini  (90ms)
      Method: API Key
      Error: API Error (HTTP 400 Bad Request): {
  "error": {
    "code": 400,
    "message": "API key not valid. Please pass a valid API key.",
    "status": "INVALID_ARGUMENT",
    "details": [
      {
        "@type": "type.googleapis.com/google.rpc.ErrorInfo",
        "reason": "API_KEY_INVALID",
        "domain": "googleapis.com",
        "metadata": {
          "service": "generativelanguage.googleapis.com"
        }
      },
      {
        "@type": "type.googleapis.com/google.rpc.LocalizedMessage",
        "locale": "en-US",
        "message": "API key not valid. Please pass a valid API key."
      }
    ]
  }
}

      Guidance: API error (HTTP 400 Bad Request): Check your API key and quota.

  ⊘  LlamaParse  (0ms)
      Error: LLAMAPARSE_API_KEY not configured
      Guidance: Set LLAMAPARSE_API_KEY to use the alternative LLM parser. Get a key at https://cloud.llamaindex.ai/

  ✅  pdfRest  (0ms)
      Method: API Key Configured

  ⊘  Vision AI  (0ms)
      Error: VISION_API_KEY not configured
      Guidance: Set VISION_API_KEY to enable visual AI testing verification layer.

══════════════════════════════════════════════════════════
  Overall Status: ❌  (Exit code: 2)
══════════════════════════════════════════════════════════
══════════════════════════════════════════════════════════
  API Key Verification Report
══════════════════════════════════════════════════════════
  Timestamp: 2026-07-20T22:00:38.152416+00:00

  ❌  PyMuPDF Pro  (0ms)
      Error: PYMUPDF_PRO_KEY not configured
      Guidance: Set PYMUPDF_PRO_KEY environment variable with a 24-character trial key (prefix 'hFKt'). Obtain from https://pymupdf.io/

  ⊘  Document AI  (0ms)
      Error: Document AI not configured
      Guidance: Set DOCUMENT_AI_PROJECT_ID, DOCUMENT_AI_LOCATION, and DOCUMENT_AI_PROCESSOR_ID to enable transaction extraction.

  ❌  Gemini  (63ms)
      Method: API Key
      Error: API Error (HTTP 400 Bad Request): {
  "error": {
    "code": 400,
    "message": "API key not valid. Please pass a valid API key.",
    "status": "INVALID_ARGUMENT",
    "details": [
      {
        "@type": "type.googleapis.com/google.rpc.ErrorInfo",
        "reason": "API_KEY_INVALID",
        "domain": "googleapis.com",
        "metadata": {
          "service": "generativelanguage.googleapis.com"
        }
      },
      {
        "@type": "type.googleapis.com/google.rpc.LocalizedMessage",
        "locale": "en-US",
        "message": "API key not valid. Please pass a valid API key."
      }
    ]
  }
}

      Guidance: API error (HTTP 400 Bad Request): Check your API key and quota.

  ⊘  LlamaParse  (0ms)
      Error: LLAMAPARSE_API_KEY not configured
      Guidance: Set LLAMAPARSE_API_KEY to use the alternative LLM parser. Get a key at https://cloud.llamaindex.ai/

  ✅  pdfRest  (0ms)
      Method: API Key Configured

  ⊘  Vision AI  (0ms)
      Error: VISION_API_KEY not configured
      Guidance: Set VISION_API_KEY to enable visual AI testing verification layer.

══════════════════════════════════════════════════════════
  Overall Status: ❌  (Exit code: 2)
══════════════════════════════════════════════════════════
══════════════════════════════════════════════════════════
  API Key Verification Report
══════════════════════════════════════════════════════════
  Timestamp: 2026-07-20T22:00:38.152598+00:00

  ❌  PyMuPDF Pro  (0ms)
      Error: PYMUPDF_PRO_KEY not configured
      Guidance: Set PYMUPDF_PRO_KEY environment variable with a 24-character trial key (prefix 'hFKt'). Obtain from https://pymupdf.io/

  ⊘  Document AI  (0ms)
      Error: Document AI not configured
      Guidance: Set DOCUMENT_AI_PROJECT_ID, DOCUMENT_AI_LOCATION, and DOCUMENT_AI_PROCESSOR_ID to enable transaction extraction.

  ❌  Gemini  (75ms)
      Method: API Key
      Error: API Error (HTTP 400 Bad Request): {
  "error": {
    "code": 400,
    "message": "API key not valid. Please pass a valid API key.",
    "status": "INVALID_ARGUMENT",
    "details": [
      {
        "@type": "type.googleapis.com/google.rpc.ErrorInfo",
        "reason": "API_KEY_INVALID",
        "domain": "googleapis.com",
        "metadata": {
          "service": "generativelanguage.googleapis.com"
        }
      },
      {
        "@type": "type.googleapis.com/google.rpc.LocalizedMessage",
        "locale": "en-US",
        "message": "API key not valid. Please pass a valid API key."
      }
    ]
  }
}

      Guidance: API error (HTTP 400 Bad Request): Check your API key and quota.

  ⊘  LlamaParse  (0ms)
      Error: LLAMAPARSE_API_KEY not configured
      Guidance: Set LLAMAPARSE_API_KEY to use the alternative LLM parser. Get a key at https://cloud.llamaindex.ai/

  ✅  pdfRest  (0ms)
      Method: API Key Configured

  ⊘  Vision AI  (0ms)
      Error: VISION_API_KEY not configured
      Guidance: Set VISION_API_KEY to enable visual AI testing verification layer.

══════════════════════════════════════════════════════════
  Overall Status: ❌  (Exit code: 2)
══════════════════════════════════════════════════════════
══════════════════════════════════════════════════════════
  API Key Verification Report
══════════════════════════════════════════════════════════
  Timestamp: 2026-07-20T22:00:38.153214+00:00

  ❌  PyMuPDF Pro  (0ms)
      Error: PYMUPDF_PRO_KEY not configured
      Guidance: Set PYMUPDF_PRO_KEY environment variable with a 24-character trial key (prefix 'hFKt'). Obtain from https://pymupdf.io/

  ⊘  Document AI  (0ms)
      Error: Document AI not configured
      Guidance: Set DOCUMENT_AI_PROJECT_ID, DOCUMENT_AI_LOCATION, and DOCUMENT_AI_PROCESSOR_ID to enable transaction extraction.

  ❌  Gemini  (77ms)
      Method: API Key
      Error: API Error (HTTP 400 Bad Request): {
  "error": {
    "code": 400,
    "message": "API key not valid. Please pass a valid API key.",
    "status": "INVALID_ARGUMENT",
    "details": [
      {
        "@type": "type.googleapis.com/google.rpc.ErrorInfo",
        "reason": "API_KEY_INVALID",
        "domain": "googleapis.com",
        "metadata": {
          "service": "generativelanguage.googleapis.com"
        }
      },
      {
        "@type": "type.googleapis.com/google.rpc.LocalizedMessage",
        "locale": "en-US",
        "message": "API key not valid. Please pass a valid API key."
      }
    ]
  }
}

      Guidance: API error (HTTP 400 Bad Request): Check your API key and quota.

  ⊘  LlamaParse  (0ms)
      Error: LLAMAPARSE_API_KEY not configured
      Guidance: Set LLAMAPARSE_API_KEY to use the alternative LLM parser. Get a key at https://cloud.llamaindex.ai/

  ✅  pdfRest  (0ms)
      Method: API Key Configured

  ⊘  Vision AI  (0ms)
      Error: VISION_API_KEY not configured
      Guidance: Set VISION_API_KEY to enable visual AI testing verification layer.

══════════════════════════════════════════════════════════
  Overall Status: ❌  (Exit code: 2)
══════════════════════════════════════════════════════════
══════════════════════════════════════════════════════════
  API Key Verification Report
══════════════════════════════════════════════════════════
  Timestamp: 2026-07-20T22:00:38.153812+00:00

  ❌  PyMuPDF Pro  (0ms)
      Error: PYMUPDF_PRO_KEY not configured
      Guidance: Set PYMUPDF_PRO_KEY environment variable with a 24-character trial key (prefix 'hFKt'). Obtain from https://pymupdf.io/

  ⊘  Document AI  (0ms)
      Error: Document AI not configured
      Guidance: Set DOCUMENT_AI_PROJECT_ID, DOCUMENT_AI_LOCATION, and DOCUMENT_AI_PROCESSOR_ID to enable transaction extraction.

  ❌  Gemini  (108ms)
      Method: API Key
      Error: API Error (HTTP 400 Bad Request): {
  "error": {
    "code": 400,
    "message": "API key not valid. Please pass a valid API key.",
    "status": "INVALID_ARGUMENT",
    "details": [
      {
        "@type": "type.googleapis.com/google.rpc.ErrorInfo",
        "reason": "API_KEY_INVALID",
        "domain": "googleapis.com",
        "metadata": {
          "service": "generativelanguage.googleapis.com"
        }
      },
      {
        "@type": "type.googleapis.com/google.rpc.LocalizedMessage",
        "locale": "en-US",
        "message": "API key not valid. Please pass a valid API key."
      }
    ]
  }
}

      Guidance: API error (HTTP 400 Bad Request): Check your API key and quota.

  ⊘  LlamaParse  (0ms)
      Error: LLAMAPARSE_API_KEY not configured
      Guidance: Set LLAMAPARSE_API_KEY to use the alternative LLM parser. Get a key at https://cloud.llamaindex.ai/

  ✅  pdfRest  (0ms)
      Method: API Key Configured

  ⊘  Vision AI  (0ms)
      Error: VISION_API_KEY not configured
      Guidance: Set VISION_API_KEY to enable visual AI testing verification layer.

══════════════════════════════════════════════════════════
  Overall Status: ❌  (Exit code: 2)
══════════════════════════════════════════════════════════
══════════════════════════════════════════════════════════
  API Key Verification Report
══════════════════════════════════════════════════════════
  Timestamp: 2026-07-20T22:00:38.156155+00:00

  ❌  PyMuPDF Pro  (0ms)
      Error: PYMUPDF_PRO_KEY not configured
      Guidance: Set PYMUPDF_PRO_KEY environment variable with a 24-character trial key (prefix 'hFKt'). Obtain from https://pymupdf.io/

  ⊘  Document AI  (0ms)
      Error: Document AI not configured
      Guidance: Set DOCUMENT_AI_PROJECT_ID, DOCUMENT_AI_LOCATION, and DOCUMENT_AI_PROCESSOR_ID to enable transaction extraction.

  ❌  Gemini  (82ms)
      Method: API Key
      Error: API Error (HTTP 400 Bad Request): {
  "error": {
    "code": 400,
    "message": "API key not valid. Please pass a valid API key.",
    "status": "INVALID_ARGUMENT",
    "details": [
      {
        "@type": "type.googleapis.com/google.rpc.ErrorInfo",
        "reason": "API_KEY_INVALID",
        "domain": "googleapis.com",
        "metadata": {
          "service": "generativelanguage.googleapis.com"
        }
      },
      {
        "@type": "type.googleapis.com/google.rpc.LocalizedMessage",
        "locale": "en-US",
        "message": "API key not valid. Please pass a valid API key."
      }
    ]
  }
}

      Guidance: API error (HTTP 400 Bad Request): Check your API key and quota.

  ⊘  LlamaParse  (0ms)
      Error: LLAMAPARSE_API_KEY not configured
      Guidance: Set LLAMAPARSE_API_KEY to use the alternative LLM parser. Get a key at https://cloud.llamaindex.ai/

  ✅  pdfRest  (0ms)
      Method: API Key Configured

  ⊘  Vision AI  (0ms)
      Error: VISION_API_KEY not configured
      Guidance: Set VISION_API_KEY to enable visual AI testing verification layer.

══════════════════════════════════════════════════════════
  Overall Status: ❌  (Exit code: 2)
══════════════════════════════════════════════════════════
══════════════════════════════════════════════════════════
  API Key Verification Report
══════════════════════════════════════════════════════════
  Timestamp: 2026-07-20T22:00:38.156478+00:00

  ❌  PyMuPDF Pro  (53ms)
      Error: PYMUPDF_PRO_KEY not configured
      Guidance: Set PYMUPDF_PRO_KEY environment variable with a 24-character trial key (prefix 'hFKt'). Obtain from https://pymupdf.io/

  ⊘  Document AI  (0ms)
      Error: Document AI not configured
      Guidance: Set DOCUMENT_AI_PROJECT_ID, DOCUMENT_AI_LOCATION, and DOCUMENT_AI_PROCESSOR_ID to enable transaction extraction.

  ❌  Gemini  (67ms)
      Method: API Key
      Error: API Error (HTTP 400 Bad Request): {
  "error": {
    "code": 400,
    "message": "API key not valid. Please pass a valid API key.",
    "status": "INVALID_ARGUMENT",
    "details": [
      {
        "@type": "type.googleapis.com/google.rpc.ErrorInfo",
        "reason": "API_KEY_INVALID",
        "domain": "googleapis.com",
        "metadata": {
          "service": "generativelanguage.googleapis.com"
        }
      },
      {
        "@type": "type.googleapis.com/google.rpc.LocalizedMessage",
        "locale": "en-US",
        "message": "API key not valid. Please pass a valid API key."
      }
    ]
  }
}

      Guidance: API error (HTTP 400 Bad Request): Check your API key and quota.

  ⊘  LlamaParse  (0ms)
      Error: LLAMAPARSE_API_KEY not configured
      Guidance: Set LLAMAPARSE_API_KEY to use the alternative LLM parser. Get a key at https://cloud.llamaindex.ai/

  ✅  pdfRest  (0ms)
      Method: API Key Configured

  ⊘  Vision AI  (0ms)
      Error: VISION_API_KEY not configured
      Guidance: Set VISION_API_KEY to enable visual AI testing verification layer.

══════════════════════════════════════════════════════════
  Overall Status: ❌  (Exit code: 2)
══════════════════════════════════════════════════════════
══════════════════════════════════════════════════════════
  API Key Verification Report
══════════════════════════════════════════════════════════
  Timestamp: 2026-07-20T22:00:38.156778+00:00

  ❌  PyMuPDF Pro  (0ms)
      Error: PYMUPDF_PRO_KEY not configured
      Guidance: Set PYMUPDF_PRO_KEY environment variable with a 24-character trial key (prefix 'hFKt'). Obtain from https://pymupdf.io/

  ⊘  Document AI  (0ms)
      Error: Document AI not configured
      Guidance: Set DOCUMENT_AI_PROJECT_ID, DOCUMENT_AI_LOCATION, and DOCUMENT_AI_PROCESSOR_ID to enable transaction extraction.

  ❌  Gemini  (112ms)
      Method: API Key
      Error: API Error (HTTP 400 Bad Request): {
  "error": {
    "code": 400,
    "message": "API key not valid. Please pass a valid API key.",
    "status": "INVALID_ARGUMENT",
    "details": [
      {
        "@type": "type.googleapis.com/google.rpc.ErrorInfo",
        "reason": "API_KEY_INVALID",
        "domain": "googleapis.com",
        "metadata": {
          "service": "generativelanguage.googleapis.com"
        }
      },
      {
        "@type": "type.googleapis.com/google.rpc.LocalizedMessage",
        "locale": "en-US",
        "message": "API key not valid. Please pass a valid API key."
      }
    ]
  }
}

      Guidance: API error (HTTP 400 Bad Request): Check your API key and quota.

  ⊘  LlamaParse  (0ms)
      Error: LLAMAPARSE_API_KEY not configured
      Guidance: Set LLAMAPARSE_API_KEY to use the alternative LLM parser. Get a key at https://cloud.llamaindex.ai/

  ✅  pdfRest  (0ms)
      Method: API Key Configured

  ⊘  Vision AI  (0ms)
      Error: VISION_API_KEY not configured
      Guidance: Set VISION_API_KEY to enable visual AI testing verification layer.

══════════════════════════════════════════════════════════
  Overall Status: ❌  (Exit code: 2)
══════════════════════════════════════════════════════════
══════════════════════════════════════════════════════════
  API Key Verification Report
══════════════════════════════════════════════════════════
  Timestamp: 2026-07-20T22:00:38.157269+00:00

  ❌  PyMuPDF Pro  (0ms)
      Error: PYMUPDF_PRO_KEY not configured
      Guidance: Set PYMUPDF_PRO_KEY environment variable with a 24-character trial key (prefix 'hFKt'). Obtain from https://pymupdf.io/

  ⊘  Document AI  (0ms)
      Error: Document AI not configured
      Guidance: Set DOCUMENT_AI_PROJECT_ID, DOCUMENT_AI_LOCATION, and DOCUMENT_AI_PROCESSOR_ID to enable transaction extraction.

  ❌  Gemini  (113ms)
      Method: API Key
      Error: API Error (HTTP 400 Bad Request): {
  "error": {
    "code": 400,
    "message": "API key not valid. Please pass a valid API key.",
    "status": "INVALID_ARGUMENT",
    "details": [
      {
        "@type": "type.googleapis.com/google.rpc.ErrorInfo",
        "reason": "API_KEY_INVALID",
        "domain": "googleapis.com",
        "metadata": {
          "service": "generativelanguage.googleapis.com"
        }
      },
      {
        "@type": "type.googleapis.com/google.rpc.LocalizedMessage",
        "locale": "en-US",
        "message": "API key not valid. Please pass a valid API key."
      }
    ]
  }
}

      Guidance: API error (HTTP 400 Bad Request): Check your API key and quota.

  ⊘  LlamaParse  (0ms)
      Error: LLAMAPARSE_API_KEY not configured
      Guidance: Set LLAMAPARSE_API_KEY to use the alternative LLM parser. Get a key at https://cloud.llamaindex.ai/

  ✅  pdfRest  (0ms)
      Method: API Key Configured

  ⊘  Vision AI  (0ms)
      Error: VISION_API_KEY not configured
      Guidance: Set VISION_API_KEY to enable visual AI testing verification layer.

══════════════════════════════════════════════════════════
  Overall Status: ❌  (Exit code: 2)
══════════════════════════════════════════════════════════
══════════════════════════════════════════════════════════
  API Key Verification Report
══════════════════════════════════════════════════════════
  Timestamp: 2026-07-20T22:00:38.157941+00:00

  ❌  PyMuPDF Pro  (0ms)
      Error: PYMUPDF_PRO_KEY not configured
      Guidance: Set PYMUPDF_PRO_KEY environment variable with a 24-character trial key (prefix 'hFKt'). Obtain from https://pymupdf.io/

  ⊘  Document AI  (0ms)
      Error: Document AI not configured
      Guidance: Set DOCUMENT_AI_PROJECT_ID, DOCUMENT_AI_LOCATION, and DOCUMENT_AI_PROCESSOR_ID to enable transaction extraction.

  ❌  Gemini  (112ms)
      Method: API Key
      Error: API Error (HTTP 400 Bad Request): {
  "error": {
    "code": 400,
    "message": "API key not valid. Please pass a valid API key.",
    "status": "INVALID_ARGUMENT",
    "details": [
      {
        "@type": "type.googleapis.com/google.rpc.ErrorInfo",
        "reason": "API_KEY_INVALID",
        "domain": "googleapis.com",
        "metadata": {
          "service": "generativelanguage.googleapis.com"
        }
      },
      {
        "@type": "type.googleapis.com/google.rpc.LocalizedMessage",
        "locale": "en-US",
        "message": "API key not valid. Please pass a valid API key."
      }
    ]
  }
}

      Guidance: API error (HTTP 400 Bad Request): Check your API key and quota.

  ⊘  LlamaParse  (0ms)
      Error: LLAMAPARSE_API_KEY not configured
      Guidance: Set LLAMAPARSE_API_KEY to use the alternative LLM parser. Get a key at https://cloud.llamaindex.ai/

  ✅  pdfRest  (0ms)
      Method: API Key Configured

  ⊘  Vision AI  (0ms)
      Error: VISION_API_KEY not configured
      Guidance: Set VISION_API_KEY to enable visual AI testing verification layer.

══════════════════════════════════════════════════════════
  Overall Status: ❌  (Exit code: 2)
══════════════════════════════════════════════════════════
══════════════════════════════════════════════════════════
  API Key Verification Report
══════════════════════════════════════════════════════════
  Timestamp: 2026-07-20T22:00:38.158612+00:00

  ❌  PyMuPDF Pro  (0ms)
      Error: PYMUPDF_PRO_KEY not configured
      Guidance: Set PYMUPDF_PRO_KEY environment variable with a 24-character trial key (prefix 'hFKt'). Obtain from https://pymupdf.io/

  ⊘  Document AI  (0ms)
      Error: Document AI not configured
      Guidance: Set DOCUMENT_AI_PROJECT_ID, DOCUMENT_AI_LOCATION, and DOCUMENT_AI_PROCESSOR_ID to enable transaction extraction.

  ❌  Gemini  (94ms)
      Method: API Key
      Error: API Error (HTTP 400 Bad Request): {
  "error": {
    "code": 400,
    "message": "API key not valid. Please pass a valid API key.",
    "status": "INVALID_ARGUMENT",
    "details": [
      {
        "@type": "type.googleapis.com/google.rpc.ErrorInfo",
        "reason": "API_KEY_INVALID",
        "domain": "googleapis.com",
        "metadata": {
          "service": "generativelanguage.googleapis.com"
        }
      },
      {
        "@type": "type.googleapis.com/google.rpc.LocalizedMessage",
        "locale": "en-US",
        "message": "API key not valid. Please pass a valid API key."
      }
    ]
  }
}

      Guidance: API error (HTTP 400 Bad Request): Check your API key and quota.

  ⊘  LlamaParse  (0ms)
      Error: LLAMAPARSE_API_KEY not configured
      Guidance: Set LLAMAPARSE_API_KEY to use the alternative LLM parser. Get a key at https://cloud.llamaindex.ai/

  ✅  pdfRest  (0ms)
      Method: API Key Configured

  ⊘  Vision AI  (0ms)
      Error: VISION_API_KEY not configured
      Guidance: Set VISION_API_KEY to enable visual AI testing verification layer.

══════════════════════════════════════════════════════════
  Overall Status: ❌  (Exit code: 2)
══════════════════════════════════════════════════════════
══════════════════════════════════════════════════════════
  API Key Verification Report
══════════════════════════════════════════════════════════
  Timestamp: 2026-07-20T22:00:38.160876+00:00

  ❌  PyMuPDF Pro  (0ms)
      Error: PYMUPDF_PRO_KEY not configured
      Guidance: Set PYMUPDF_PRO_KEY environment variable with a 24-character trial key (prefix 'hFKt'). Obtain from https://pymupdf.io/

  ⊘  Document AI  (0ms)
      Error: Document AI not configured
      Guidance: Set DOCUMENT_AI_PROJECT_ID, DOCUMENT_AI_LOCATION, and DOCUMENT_AI_PROCESSOR_ID to enable transaction extraction.

  ❌  Gemini  (115ms)
      Method: API Key
      Error: API Error (HTTP 400 Bad Request): {
  "error": {
    "code": 400,
    "message": "API key not valid. Please pass a valid API key.",
    "status": "INVALID_ARGUMENT",
    "details": [
      {
        "@type": "type.googleapis.com/google.rpc.ErrorInfo",
        "reason": "API_KEY_INVALID",
        "domain": "googleapis.com",
        "metadata": {
          "service": "generativelanguage.googleapis.com"
        }
      },
      {
        "@type": "type.googleapis.com/google.rpc.LocalizedMessage",
        "locale": "en-US",
        "message": "API key not valid. Please pass a valid API key."
      }
    ]
  }
}

      Guidance: API error (HTTP 400 Bad Request): Check your API key and quota.

  ⊘  LlamaParse  (0ms)
      Error: LLAMAPARSE_API_KEY not configured
      Guidance: Set LLAMAPARSE_API_KEY to use the alternative LLM parser. Get a key at https://cloud.llamaindex.ai/

  ✅  pdfRest  (0ms)
      Method: API Key Configured

  ⊘  Vision AI  (0ms)
      Error: VISION_API_KEY not configured
      Guidance: Set VISION_API_KEY to enable visual AI testing verification layer.

══════════════════════════════════════════════════════════
  Overall Status: ❌  (Exit code: 2)
══════════════════════════════════════════════════════════
══════════════════════════════════════════════════════════
  API Key Verification Report
══════════════════════════════════════════════════════════
  Timestamp: 2026-07-20T22:00:38.160927+00:00

  ❌  PyMuPDF Pro  (0ms)
      Error: PYMUPDF_PRO_KEY not configured
      Guidance: Set PYMUPDF_PRO_KEY environment variable with a 24-character trial key (prefix 'hFKt'). Obtain from https://pymupdf.io/

  ⊘  Document AI  (0ms)
      Error: Document AI not configured
      Guidance: Set DOCUMENT_AI_PROJECT_ID, DOCUMENT_AI_LOCATION, and DOCUMENT_AI_PROCESSOR_ID to enable transaction extraction.

  ❌  Gemini  (115ms)
      Method: API Key
      Error: API Error (HTTP 400 Bad Request): {
  "error": {
    "code": 400,
    "message": "API key not valid. Please pass a valid API key.",
    "status": "INVALID_ARGUMENT",
    "details": [
      {
        "@type": "type.googleapis.com/google.rpc.ErrorInfo",
        "reason": "API_KEY_INVALID",
        "domain": "googleapis.com",
        "metadata": {
          "service": "generativelanguage.googleapis.com"
        }
      },
      {
        "@type": "type.googleapis.com/google.rpc.LocalizedMessage",
        "locale": "en-US",
        "message": "API key not valid. Please pass a valid API key."
      }
    ]
  }
}

      Guidance: API error (HTTP 400 Bad Request): Check your API key and quota.

  ⊘  LlamaParse  (0ms)
      Error: LLAMAPARSE_API_KEY not configured
      Guidance: Set LLAMAPARSE_API_KEY to use the alternative LLM parser. Get a key at https://cloud.llamaindex.ai/

  ✅  pdfRest  (0ms)
      Method: API Key Configured

  ⊘  Vision AI  (0ms)
      Error: VISION_API_KEY not configured
      Guidance: Set VISION_API_KEY to enable visual AI testing verification layer.

══════════════════════════════════════════════════════════
  Overall Status: ❌  (Exit code: 2)
══════════════════════════════════════════════════════════
══════════════════════════════════════════════════════════
  API Key Verification Report
══════════════════════════════════════════════════════════
  Timestamp: 2026-07-20T22:00:38.161022+00:00

  ❌  PyMuPDF Pro  (0ms)
      Error: PYMUPDF_PRO_KEY not configured
      Guidance: Set PYMUPDF_PRO_KEY environment variable with a 24-character trial key (prefix 'hFKt'). Obtain from https://pymupdf.io/

  ⊘  Document AI  (0ms)
      Error: Document AI not configured
      Guidance: Set DOCUMENT_AI_PROJECT_ID, DOCUMENT_AI_LOCATION, and DOCUMENT_AI_PROCESSOR_ID to enable transaction extraction.

  ❌  Gemini  (99ms)
      Method: API Key
      Error: API Error (HTTP 400 Bad Request): {
  "error": {
    "code": 400,
    "message": "API key not valid. Please pass a valid API key.",
    "status": "INVALID_ARGUMENT",
    "details": [
      {
        "@type": "type.googleapis.com/google.rpc.ErrorInfo",
        "reason": "API_KEY_INVALID",
        "domain": "googleapis.com",
        "metadata": {
          "service": "generativelanguage.googleapis.com"
        }
      },
      {
        "@type": "type.googleapis.com/google.rpc.LocalizedMessage",
        "locale": "en-US",
        "message": "API key not valid. Please pass a valid API key."
      }
    ]
  }
}

      Guidance: API error (HTTP 400 Bad Request): Check your API key and quota.

  ⊘  LlamaParse  (0ms)
      Error: LLAMAPARSE_API_KEY not configured
      Guidance: Set LLAMAPARSE_API_KEY to use the alternative LLM parser. Get a key at https://cloud.llamaindex.ai/

  ✅  pdfRest  (0ms)
      Method: API Key Configured

  ⊘  Vision AI  (0ms)
      Error: VISION_API_KEY not configured
      Guidance: Set VISION_API_KEY to enable visual AI testing verification layer.

══════════════════════════════════════════════════════════
  Overall Status: ❌  (Exit code: 2)
══════════════════════════════════════════════════════════
══════════════════════════════════════════════════════════
  API Key Verification Report
══════════════════════════════════════════════════════════
  Timestamp: 2026-07-20T22:00:38.161104+00:00

  ❌  PyMuPDF Pro  (0ms)
      Error: PYMUPDF_PRO_KEY not configured
      Guidance: Set PYMUPDF_PRO_KEY environment variable with a 24-character trial key (prefix 'hFKt'). Obtain from https://pymupdf.io/

  ⊘  Document AI  (0ms)
      Error: Document AI not configured
      Guidance: Set DOCUMENT_AI_PROJECT_ID, DOCUMENT_AI_LOCATION, and DOCUMENT_AI_PROCESSOR_ID to enable transaction extraction.

  ❌  Gemini  (116ms)
      Method: API Key
      Error: API Error (HTTP 400 Bad Request): {
  "error": {
    "code": 400,
    "message": "API key not valid. Please pass a valid API key.",
    "status": "INVALID_ARGUMENT",
    "details": [
      {
        "@type": "type.googleapis.com/google.rpc.ErrorInfo",
        "reason": "API_KEY_INVALID",
        "domain": "googleapis.com",
        "metadata": {
          "service": "generativelanguage.googleapis.com"
        }
      },
      {
        "@type": "type.googleapis.com/google.rpc.LocalizedMessage",
        "locale": "en-US",
        "message": "API key not valid. Please pass a valid API key."
      }
    ]
  }
}

      Guidance: API error (HTTP 400 Bad Request): Check your API key and quota.

  ⊘  LlamaParse  (0ms)
      Error: LLAMAPARSE_API_KEY not configured
      Guidance: Set LLAMAPARSE_API_KEY to use the alternative LLM parser. Get a key at https://cloud.llamaindex.ai/

  ✅  pdfRest  (0ms)
      Method: API Key Configured

  ⊘  Vision AI  (0ms)
      Error: VISION_API_KEY not configured
      Guidance: Set VISION_API_KEY to enable visual AI testing verification layer.

══════════════════════════════════════════════════════════
  Overall Status: ❌  (Exit code: 2)
══════════════════════════════════════════════════════════
══════════════════════════════════════════════════════════
  API Key Verification Report
══════════════════════════════════════════════════════════
  Timestamp: 2026-07-20T22:00:38.161366+00:00

  ❌  PyMuPDF Pro  (0ms)
      Error: PYMUPDF_PRO_KEY not configured
      Guidance: Set PYMUPDF_PRO_KEY environment variable with a 24-character trial key (prefix 'hFKt'). Obtain from https://pymupdf.io/

  ⊘  Document AI  (0ms)
      Error: Document AI not configured
      Guidance: Set DOCUMENT_AI_PROJECT_ID, DOCUMENT_AI_LOCATION, and DOCUMENT_AI_PROCESSOR_ID to enable transaction extraction.

  ❌  Gemini  (119ms)
      Method: API Key
      Error: API Error (HTTP 400 Bad Request): {
  "error": {
    "code": 400,
    "message": "API key not valid. Please pass a valid API key.",
    "status": "INVALID_ARGUMENT",
    "details": [
      {
        "@type": "type.googleapis.com/google.rpc.ErrorInfo",
        "reason": "API_KEY_INVALID",
        "domain": "googleapis.com",
        "metadata": {
          "service": "generativelanguage.googleapis.com"
        }
      },
      {
        "@type": "type.googleapis.com/google.rpc.LocalizedMessage",
        "locale": "en-US",
        "message": "API key not valid. Please pass a valid API key."
      }
    ]
  }
}

      Guidance: API error (HTTP 400 Bad Request): Check your API key and quota.

  ⊘  LlamaParse  (0ms)
      Error: LLAMAPARSE_API_KEY not configured
      Guidance: Set LLAMAPARSE_API_KEY to use the alternative LLM parser. Get a key at https://cloud.llamaindex.ai/

  ✅  pdfRest  (0ms)
      Method: API Key Configured

  ⊘  Vision AI  (0ms)
      Error: VISION_API_KEY not configured
      Guidance: Set VISION_API_KEY to enable visual AI testing verification layer.

══════════════════════════════════════════════════════════
  Overall Status: ❌  (Exit code: 2)
══════════════════════════════════════════════════════════
══════════════════════════════════════════════════════════
  API Key Verification Report
══════════════════════════════════════════════════════════
  Timestamp: 2026-07-20T22:00:38.161819+00:00

  ❌  PyMuPDF Pro  (0ms)
      Error: PYMUPDF_PRO_KEY not configured
      Guidance: Set PYMUPDF_PRO_KEY environment variable with a 24-character trial key (prefix 'hFKt'). Obtain from https://pymupdf.io/

  ⊘  Document AI  (0ms)
      Error: Document AI not configured
      Guidance: Set DOCUMENT_AI_PROJECT_ID, DOCUMENT_AI_LOCATION, and DOCUMENT_AI_PROCESSOR_ID to enable transaction extraction.

  ❌  Gemini  (104ms)
      Method: API Key
      Error: API Error (HTTP 400 Bad Request): {
  "error": {
    "code": 400,
    "message": "API key not valid. Please pass a valid API key.",
    "status": "INVALID_ARGUMENT",
    "details": [
      {
        "@type": "type.googleapis.com/google.rpc.ErrorInfo",
        "reason": "API_KEY_INVALID",
        "domain": "googleapis.com",
        "metadata": {
          "service": "generativelanguage.googleapis.com"
        }
      },
      {
        "@type": "type.googleapis.com/google.rpc.LocalizedMessage",
        "locale": "en-US",
        "message": "API key not valid. Please pass a valid API key."
      }
    ]
  }
}

      Guidance: API error (HTTP 400 Bad Request): Check your API key and quota.

  ⊘  LlamaParse  (0ms)
      Error: LLAMAPARSE_API_KEY not configured
      Guidance: Set LLAMAPARSE_API_KEY to use the alternative LLM parser. Get a key at https://cloud.llamaindex.ai/

  ✅  pdfRest  (0ms)
      Method: API Key Configured

  ⊘  Vision AI  (0ms)
      Error: VISION_API_KEY not configured
      Guidance: Set VISION_API_KEY to enable visual AI testing verification layer.

══════════════════════════════════════════════════════════
  Overall Status: ❌  (Exit code: 2)
══════════════════════════════════════════════════════════
══════════════════════════════════════════════════════════
  API Key Verification Report
══════════════════════════════════════════════════════════
  Timestamp: 2026-07-20T22:00:38.162262+00:00

  ❌  PyMuPDF Pro  (0ms)
      Error: PYMUPDF_PRO_KEY not configured
      Guidance: Set PYMUPDF_PRO_KEY environment variable with a 24-character trial key (prefix 'hFKt'). Obtain from https://pymupdf.io/

  ⊘  Document AI  (0ms)
      Error: Document AI not configured
      Guidance: Set DOCUMENT_AI_PROJECT_ID, DOCUMENT_AI_LOCATION, and DOCUMENT_AI_PROCESSOR_ID to enable transaction extraction.

  ❌  Gemini  (120ms)
      Method: API Key
      Error: API Error (HTTP 400 Bad Request): {
  "error": {
    "code": 400,
    "message": "API key not valid. Please pass a valid API key.",
    "status": "INVALID_ARGUMENT",
    "details": [
      {
        "@type": "type.googleapis.com/google.rpc.ErrorInfo",
        "reason": "API_KEY_INVALID",
        "domain": "googleapis.com",
        "metadata": {
          "service": "generativelanguage.googleapis.com"
        }
      },
      {
        "@type": "type.googleapis.com/google.rpc.LocalizedMessage",
        "locale": "en-US",
        "message": "API key not valid. Please pass a valid API key."
      }
    ]
  }
}

      Guidance: API error (HTTP 400 Bad Request): Check your API key and quota.

  ⊘  LlamaParse  (0ms)
      Error: LLAMAPARSE_API_KEY not configured
      Guidance: Set LLAMAPARSE_API_KEY to use the alternative LLM parser. Get a key at https://cloud.llamaindex.ai/

  ✅  pdfRest  (0ms)
      Method: API Key Configured

  ⊘  Vision AI  (0ms)
      Error: VISION_API_KEY not configured
      Guidance: Set VISION_API_KEY to enable visual AI testing verification layer.

══════════════════════════════════════════════════════════
  Overall Status: ❌  (Exit code: 2)
══════════════════════════════════════════════════════════
══════════════════════════════════════════════════════════
  API Key Verification Report
══════════════════════════════════════════════════════════
  Timestamp: 2026-07-20T22:00:38.163303+00:00

  ❌  PyMuPDF Pro  (0ms)
      Error: PYMUPDF_PRO_KEY not configured
      Guidance: Set PYMUPDF_PRO_KEY environment variable with a 24-character trial key (prefix 'hFKt'). Obtain from https://pymupdf.io/

  ⊘  Document AI  (0ms)
      Error: Document AI not configured
      Guidance: Set DOCUMENT_AI_PROJECT_ID, DOCUMENT_AI_LOCATION, and DOCUMENT_AI_PROCESSOR_ID to enable transaction extraction.

  ❌  Gemini  (73ms)
      Method: API Key
      Error: API Error (HTTP 400 Bad Request): {
  "error": {
    "code": 400,
    "message": "API key not valid. Please pass a valid API key.",
    "status": "INVALID_ARGUMENT",
    "details": [
      {
        "@type": "type.googleapis.com/google.rpc.ErrorInfo",
        "reason": "API_KEY_INVALID",
        "domain": "googleapis.com",
        "metadata": {
          "service": "generativelanguage.googleapis.com"
        }
      },
      {
        "@type": "type.googleapis.com/google.rpc.LocalizedMessage",
        "locale": "en-US",
        "message": "API key not valid. Please pass a valid API key."
      }
    ]
  }
}

      Guidance: API error (HTTP 400 Bad Request): Check your API key and quota.

  ⊘  LlamaParse  (0ms)
      Error: LLAMAPARSE_API_KEY not configured
      Guidance: Set LLAMAPARSE_API_KEY to use the alternative LLM parser. Get a key at https://cloud.llamaindex.ai/

  ✅  pdfRest  (0ms)
      Method: API Key Configured

  ⊘  Vision AI  (0ms)
      Error: VISION_API_KEY not configured
      Guidance: Set VISION_API_KEY to enable visual AI testing verification layer.

══════════════════════════════════════════════════════════
  Overall Status: ❌  (Exit code: 2)
══════════════════════════════════════════════════════════
══════════════════════════════════════════════════════════
  API Key Verification Report
══════════════════════════════════════════════════════════
  Timestamp: 2026-07-20T22:00:38.163660+00:00

  ❌  PyMuPDF Pro  (0ms)
      Error: PYMUPDF_PRO_KEY not configured
      Guidance: Set PYMUPDF_PRO_KEY environment variable with a 24-character trial key (prefix 'hFKt'). Obtain from https://pymupdf.io/

  ⊘  Document AI  (0ms)
      Error: Document AI not configured
      Guidance: Set DOCUMENT_AI_PROJECT_ID, DOCUMENT_AI_LOCATION, and DOCUMENT_AI_PROCESSOR_ID to enable transaction extraction.

  ❌  Gemini  (88ms)
      Method: API Key
      Error: API Error (HTTP 400 Bad Request): {
  "error": {
    "code": 400,
    "message": "API key not valid. Please pass a valid API key.",
    "status": "INVALID_ARGUMENT",
    "details": [
      {
        "@type": "type.googleapis.com/google.rpc.ErrorInfo",
        "reason": "API_KEY_INVALID",
        "domain": "googleapis.com",
        "metadata": {
          "service": "generativelanguage.googleapis.com"
        }
      },
      {
        "@type": "type.googleapis.com/google.rpc.LocalizedMessage",
        "locale": "en-US",
        "message": "API key not valid. Please pass a valid API key."
      }
    ]
  }
}

      Guidance: API error (HTTP 400 Bad Request): Check your API key and quota.

  ⊘  LlamaParse  (0ms)
      Error: LLAMAPARSE_API_KEY not configured
      Guidance: Set LLAMAPARSE_API_KEY to use the alternative LLM parser. Get a key at https://cloud.llamaindex.ai/

  ✅  pdfRest  (0ms)
      Method: API Key Configured

  ⊘  Vision AI  (0ms)
      Error: VISION_API_KEY not configured
      Guidance: Set VISION_API_KEY to enable visual AI testing verification layer.

══════════════════════════════════════════════════════════
  Overall Status: ❌  (Exit code: 2)
══════════════════════════════════════════════════════════
══════════════════════════════════════════════════════════
  API Key Verification Report
══════════════════════════════════════════════════════════
  Timestamp: 2026-07-20T22:00:38.164246+00:00

  ❌  PyMuPDF Pro  (0ms)
      Error: PYMUPDF_PRO_KEY not configured
      Guidance: Set PYMUPDF_PRO_KEY environment variable with a 24-character trial key (prefix 'hFKt'). Obtain from https://pymupdf.io/

  ⊘  Document AI  (0ms)
      Error: Document AI not configured
      Guidance: Set DOCUMENT_AI_PROJECT_ID, DOCUMENT_AI_LOCATION, and DOCUMENT_AI_PROCESSOR_ID to enable transaction extraction.

  ❌  Gemini  (83ms)
      Method: API Key
      Error: API Error (HTTP 400 Bad Request): {
  "error": {
    "code": 400,
    "message": "API key not valid. Please pass a valid API key.",
    "status": "INVALID_ARGUMENT",
    "details": [
      {
        "@type": "type.googleapis.com/google.rpc.ErrorInfo",
        "reason": "API_KEY_INVALID",
        "domain": "googleapis.com",
        "metadata": {
          "service": "generativelanguage.googleapis.com"
        }
      },
      {
        "@type": "type.googleapis.com/google.rpc.LocalizedMessage",
        "locale": "en-US",
        "message": "API key not valid. Please pass a valid API key."
      }
    ]
  }
}

      Guidance: API error (HTTP 400 Bad Request): Check your API key and quota.

  ⊘  LlamaParse  (0ms)
      Error: LLAMAPARSE_API_KEY not configured
      Guidance: Set LLAMAPARSE_API_KEY to use the alternative LLM parser. Get a key at https://cloud.llamaindex.ai/

  ✅  pdfRest  (0ms)
      Method: API Key Configured

  ⊘  Vision AI  (0ms)
      Error: VISION_API_KEY not configured
      Guidance: Set VISION_API_KEY to enable visual AI testing verification layer.

══════════════════════════════════════════════════════════
  Overall Status: ❌  (Exit code: 2)
══════════════════════════════════════════════════════════
══════════════════════════════════════════════════════════
  API Key Verification Report
══════════════════════════════════════════════════════════
  Timestamp: 2026-07-20T22:00:38.165904+00:00

  ❌  PyMuPDF Pro  (0ms)
      Error: PYMUPDF_PRO_KEY not configured
      Guidance: Set PYMUPDF_PRO_KEY environment variable with a 24-character trial key (prefix 'hFKt'). Obtain from https://pymupdf.io/

  ⊘  Document AI  (0ms)
      Error: Document AI not configured
      Guidance: Set DOCUMENT_AI_PROJECT_ID, DOCUMENT_AI_LOCATION, and DOCUMENT_AI_PROCESSOR_ID to enable transaction extraction.

  ❌  Gemini  (120ms)
      Method: API Key
      Error: API Error (HTTP 400 Bad Request): {
  "error": {
    "code": 400,
    "message": "API key not valid. Please pass a valid API key.",
    "status": "INVALID_ARGUMENT",
    "details": [
      {
        "@type": "type.googleapis.com/google.rpc.ErrorInfo",
        "reason": "API_KEY_INVALID",
        "domain": "googleapis.com",
        "metadata": {
          "service": "generativelanguage.googleapis.com"
        }
      },
      {
        "@type": "type.googleapis.com/google.rpc.LocalizedMessage",
        "locale": "en-US",
        "message": "API key not valid. Please pass a valid API key."
      }
    ]
  }
}

      Guidance: API error (HTTP 400 Bad Request): Check your API key and quota.

  ⊘  LlamaParse  (0ms)
      Error: LLAMAPARSE_API_KEY not configured
      Guidance: Set LLAMAPARSE_API_KEY to use the alternative LLM parser. Get a key at https://cloud.llamaindex.ai/

  ✅  pdfRest  (0ms)
      Method: API Key Configured

  ⊘  Vision AI  (0ms)
      Error: VISION_API_KEY not configured
      Guidance: Set VISION_API_KEY to enable visual AI testing verification layer.

══════════════════════════════════════════════════════════
  Overall Status: ❌  (Exit code: 2)
══════════════════════════════════════════════════════════
══════════════════════════════════════════════════════════
  API Key Verification Report
══════════════════════════════════════════════════════════
  Timestamp: 2026-07-20T22:00:38.166206+00:00

  ❌  PyMuPDF Pro  (0ms)
      Error: PYMUPDF_PRO_KEY not configured
      Guidance: Set PYMUPDF_PRO_KEY environment variable with a 24-character trial key (prefix 'hFKt'). Obtain from https://pymupdf.io/

  ⊘  Document AI  (0ms)
      Error: Document AI not configured
      Guidance: Set DOCUMENT_AI_PROJECT_ID, DOCUMENT_AI_LOCATION, and DOCUMENT_AI_PROCESSOR_ID to enable transaction extraction.

  ❌  Gemini  (130ms)
      Method: API Key
      Error: API Error (HTTP 400 Bad Request): {
  "error": {
    "code": 400,
    "message": "API key not valid. Please pass a valid API key.",
    "status": "INVALID_ARGUMENT",
    "details": [
      {
        "@type": "type.googleapis.com/google.rpc.ErrorInfo",
        "reason": "API_KEY_INVALID",
        "domain": "googleapis.com",
        "metadata": {
          "service": "generativelanguage.googleapis.com"
        }
      },
      {
        "@type": "type.googleapis.com/google.rpc.LocalizedMessage",
        "locale": "en-US",
        "message": "API key not valid. Please pass a valid API key."
      }
    ]
  }
}

      Guidance: API error (HTTP 400 Bad Request): Check your API key and quota.

  ⊘  LlamaParse  (0ms)
      Error: LLAMAPARSE_API_KEY not configured
      Guidance: Set LLAMAPARSE_API_KEY to use the alternative LLM parser. Get a key at https://cloud.llamaindex.ai/

  ✅  pdfRest  (0ms)
      Method: API Key Configured

  ⊘  Vision AI  (0ms)
      Error: VISION_API_KEY not configured
      Guidance: Set VISION_API_KEY to enable visual AI testing verification layer.

══════════════════════════════════════════════════════════
  Overall Status: ❌  (Exit code: 2)
══════════════════════════════════════════════════════════
══════════════════════════════════════════════════════════
  API Key Verification Report
══════════════════════════════════════════════════════════
  Timestamp: 2026-07-20T22:00:38.168624+00:00

  ❌  PyMuPDF Pro  (0ms)
      Error: PYMUPDF_PRO_KEY not configured
      Guidance: Set PYMUPDF_PRO_KEY environment variable with a 24-character trial key (prefix 'hFKt'). Obtain from https://pymupdf.io/

  ⊘  Document AI  (0ms)
      Error: Document AI not configured
      Guidance: Set DOCUMENT_AI_PROJECT_ID, DOCUMENT_AI_LOCATION, and DOCUMENT_AI_PROCESSOR_ID to enable transaction extraction.

  ❌  Gemini  (123ms)
      Method: API Key
      Error: API Error (HTTP 400 Bad Request): {
  "error": {
    "code": 400,
    "message": "API key not valid. Please pass a valid API key.",
    "status": "INVALID_ARGUMENT",
    "details": [
      {
        "@type": "type.googleapis.com/google.rpc.ErrorInfo",
        "reason": "API_KEY_INVALID",
        "domain": "googleapis.com",
        "metadata": {
          "service": "generativelanguage.googleapis.com"
        }
      },
      {
        "@type": "type.googleapis.com/google.rpc.LocalizedMessage",
        "locale": "en-US",
        "message": "API key not valid. Please pass a valid API key."
      }
    ]
  }
}

      Guidance: API error (HTTP 400 Bad Request): Check your API key and quota.

  ⊘  LlamaParse  (0ms)
      Error: LLAMAPARSE_API_KEY not configured
      Guidance: Set LLAMAPARSE_API_KEY to use the alternative LLM parser. Get a key at https://cloud.llamaindex.ai/

  ✅  pdfRest  (0ms)
      Method: API Key Configured

  ⊘  Vision AI  (0ms)
      Error: VISION_API_KEY not configured
      Guidance: Set VISION_API_KEY to enable visual AI testing verification layer.

══════════════════════════════════════════════════════════
  Overall Status: ❌  (Exit code: 2)
══════════════════════════════════════════════════════════
══════════════════════════════════════════════════════════
  API Key Verification Report
══════════════════════════════════════════════════════════
  Timestamp: 2026-07-20T22:00:38.170683+00:00

  ❌  PyMuPDF Pro  (0ms)
      Error: PYMUPDF_PRO_KEY not configured
      Guidance: Set PYMUPDF_PRO_KEY environment variable with a 24-character trial key (prefix 'hFKt'). Obtain from https://pymupdf.io/

  ⊘  Document AI  (0ms)
      Error: Document AI not configured
      Guidance: Set DOCUMENT_AI_PROJECT_ID, DOCUMENT_AI_LOCATION, and DOCUMENT_AI_PROCESSOR_ID to enable transaction extraction.

  ❌  Gemini  (89ms)
      Method: API Key
      Error: API Error (HTTP 400 Bad Request): {
  "error": {
    "code": 400,
    "message": "API key not valid. Please pass a valid API key.",
    "status": "INVALID_ARGUMENT",
    "details": [
      {
        "@type": "type.googleapis.com/google.rpc.ErrorInfo",
        "reason": "API_KEY_INVALID",
        "domain": "googleapis.com",
        "metadata": {
          "service": "generativelanguage.googleapis.com"
        }
      },
      {
        "@type": "type.googleapis.com/google.rpc.LocalizedMessage",
        "locale": "en-US",
        "message": "API key not valid. Please pass a valid API key."
      }
    ]
  }
}

      Guidance: API error (HTTP 400 Bad Request): Check your API key and quota.

  ⊘  LlamaParse  (0ms)
      Error: LLAMAPARSE_API_KEY not configured
      Guidance: Set LLAMAPARSE_API_KEY to use the alternative LLM parser. Get a key at https://cloud.llamaindex.ai/

  ✅  pdfRest  (0ms)
      Method: API Key Configured

  ⊘  Vision AI  (0ms)
      Error: VISION_API_KEY not configured
      Guidance: Set VISION_API_KEY to enable visual AI testing verification layer.

══════════════════════════════════════════════════════════
  Overall Status: ❌  (Exit code: 2)
══════════════════════════════════════════════════════════
══════════════════════════════════════════════════════════
  API Key Verification Report
══════════════════════════════════════════════════════════
  Timestamp: 2026-07-20T22:00:38.170709+00:00

  ❌  PyMuPDF Pro  (0ms)
      Error: PYMUPDF_PRO_KEY not configured
      Guidance: Set PYMUPDF_PRO_KEY environment variable with a 24-character trial key (prefix 'hFKt'). Obtain from https://pymupdf.io/

  ⊘  Document AI  (0ms)
      Error: Document AI not configured
      Guidance: Set DOCUMENT_AI_PROJECT_ID, DOCUMENT_AI_LOCATION, and DOCUMENT_AI_PROCESSOR_ID to enable transaction extraction.

  ❌  Gemini  (90ms)
      Method: API Key
      Error: API Error (HTTP 400 Bad Request): {
  "error": {
    "code": 400,
    "message": "API key not valid. Please pass a valid API key.",
    "status": "INVALID_ARGUMENT",
    "details": [
      {
        "@type": "type.googleapis.com/google.rpc.ErrorInfo",
        "reason": "API_KEY_INVALID",
        "domain": "googleapis.com",
        "metadata": {
          "service": "generativelanguage.googleapis.com"
        }
      },
      {
        "@type": "type.googleapis.com/google.rpc.LocalizedMessage",
        "locale": "en-US",
        "message": "API key not valid. Please pass a valid API key."
      }
    ]
  }
}

      Guidance: API error (HTTP 400 Bad Request): Check your API key and quota.

  ⊘  LlamaParse  (0ms)
      Error: LLAMAPARSE_API_KEY not configured
      Guidance: Set LLAMAPARSE_API_KEY to use the alternative LLM parser. Get a key at https://cloud.llamaindex.ai/

  ✅  pdfRest  (0ms)
      Method: API Key Configured

  ⊘  Vision AI  (0ms)
      Error: VISION_API_KEY not configured
      Guidance: Set VISION_API_KEY to enable visual AI testing verification layer.

══════════════════════════════════════════════════════════
  Overall Status: ❌  (Exit code: 2)
══════════════════════════════════════════════════════════
══════════════════════════════════════════════════════════
  API Key Verification Report
══════════════════════════════════════════════════════════
  Timestamp: 2026-07-20T22:00:38.172457+00:00

  ❌  PyMuPDF Pro  (0ms)
      Error: PYMUPDF_PRO_KEY not configured
      Guidance: Set PYMUPDF_PRO_KEY environment variable with a 24-character trial key (prefix 'hFKt'). Obtain from https://pymupdf.io/

  ⊘  Document AI  (0ms)
      Error: Document AI not configured
      Guidance: Set DOCUMENT_AI_PROJECT_ID, DOCUMENT_AI_LOCATION, and DOCUMENT_AI_PROCESSOR_ID to enable transaction extraction.

  ❌  Gemini  (126ms)
      Method: API Key
      Error: API Error (HTTP 400 Bad Request): {
  "error": {
    "code": 400,
    "message": "API key not valid. Please pass a valid API key.",
    "status": "INVALID_ARGUMENT",
    "details": [
      {
        "@type": "type.googleapis.com/google.rpc.ErrorInfo",
        "reason": "API_KEY_INVALID",
        "domain": "googleapis.com",
        "metadata": {
          "service": "generativelanguage.googleapis.com"
        }
      },
      {
        "@type": "type.googleapis.com/google.rpc.LocalizedMessage",
        "locale": "en-US",
        "message": "API key not valid. Please pass a valid API key."
      }
    ]
  }
}

      Guidance: API error (HTTP 400 Bad Request): Check your API key and quota.

  ⊘  LlamaParse  (0ms)
      Error: LLAMAPARSE_API_KEY not configured
      Guidance: Set LLAMAPARSE_API_KEY to use the alternative LLM parser. Get a key at https://cloud.llamaindex.ai/

  ✅  pdfRest  (0ms)
      Method: API Key Configured

  ⊘  Vision AI  (0ms)
      Error: VISION_API_KEY not configured
      Guidance: Set VISION_API_KEY to enable visual AI testing verification layer.

══════════════════════════════════════════════════════════
  Overall Status: ❌  (Exit code: 2)
══════════════════════════════════════════════════════════
══════════════════════════════════════════════════════════
  API Key Verification Report
══════════════════════════════════════════════════════════
  Timestamp: 2026-07-20T22:00:38.172798+00:00

  ❌  PyMuPDF Pro  (0ms)
      Error: PYMUPDF_PRO_KEY not configured
      Guidance: Set PYMUPDF_PRO_KEY environment variable with a 24-character trial key (prefix 'hFKt'). Obtain from https://pymupdf.io/

  ⊘  Document AI  (0ms)
      Error: Document AI not configured
      Guidance: Set DOCUMENT_AI_PROJECT_ID, DOCUMENT_AI_LOCATION, and DOCUMENT_AI_PROCESSOR_ID to enable transaction extraction.

  ❌  Gemini  (97ms)
      Method: API Key
      Error: API Error (HTTP 400 Bad Request): {
  "error": {
    "code": 400,
    "message": "API key not valid. Please pass a valid API key.",
    "status": "INVALID_ARGUMENT",
    "details": [
      {
        "@type": "type.googleapis.com/google.rpc.ErrorInfo",
        "reason": "API_KEY_INVALID",
        "domain": "googleapis.com",
        "metadata": {
          "service": "generativelanguage.googleapis.com"
        }
      },
      {
        "@type": "type.googleapis.com/google.rpc.LocalizedMessage",
        "locale": "en-US",
        "message": "API key not valid. Please pass a valid API key."
      }
    ]
  }
}

      Guidance: API error (HTTP 400 Bad Request): Check your API key and quota.

  ⊘  LlamaParse  (0ms)
      Error: LLAMAPARSE_API_KEY not configured
      Guidance: Set LLAMAPARSE_API_KEY to use the alternative LLM parser. Get a key at https://cloud.llamaindex.ai/

  ✅  pdfRest  (0ms)
      Method: API Key Configured

  ⊘  Vision AI  (0ms)
      Error: VISION_API_KEY not configured
      Guidance: Set VISION_API_KEY to enable visual AI testing verification layer.

══════════════════════════════════════════════════════════
  Overall Status: ❌  (Exit code: 2)
══════════════════════════════════════════════════════════
PyMuPDFPro: Restricted Mode. Please visit https://pymupdf.io/try-pro to request your trial key.
Fontconfig error: Cannot load default config file: No such file: (null)
PyMuPDFPro: Restricted Mode. Please visit https://pymupdf.io/try-pro to request your trial key.
PyMuPDFPro: Restricted Mode. Please visit https://pymupdf.io/try-pro to request your trial key.
PyMuPDFPro: Restricted Mode. Please visit https://pymupdf.io/try-pro to request your trial key.
PyMuPDFPro: Restricted Mode. Please visit https://pymupdf.io/try-pro to request your trial key.
PyMuPDFPro: Restricted Mode. Please visit https://pymupdf.io/try-pro to request your trial key.
PyMuPDFPro: Restricted Mode. Please visit https://pymupdf.io/try-pro to request your trial key.
PyMuPDFPro: Restricted Mode. Please visit https://pymupdf.io/try-pro to request your trial key.
PyMuPDFPro: Restricted Mode. Please visit https://pymupdf.io/try-pro to request your trial key.
PyMuPDFPro: Restricted Mode. Please visit https://pymupdf.io/try-pro to request your trial key.
PyMuPDFPro: Restricted Mode. Please visit https://pymupdf.io/try-pro to request your trial key.
PyMuPDFPro: Restricted Mode. Please visit https://pymupdf.io/try-pro to request your trial key.
PyMuPDFPro: Restricted Mode. Please visit https://pymupdf.io/try-pro to request your trial key.
PyMuPDFPro: Restricted Mode. Please visit https://pymupdf.io/try-pro to request your trial key.
PyMuPDFPro: Restricted Mode. Please visit https://pymupdf.io/try-pro to request your trial key.
PyMuPDFPro: Restricted Mode. Please visit https://pymupdf.io/try-pro to request your trial key.
PyMuPDFPro: Restricted Mode. Please visit https://pymupdf.io/try-pro to request your trial key.
PyMuPDFPro: Restricted Mode. Please visit https://pymupdf.io/try-pro to request your trial key.
PyMuPDFPro: Restricted Mode. Please visit https://pymupdf.io/try-pro to request your trial key.
PyMuPDFPro: Restricted Mode. Please visit https://pymupdf.io/try-pro to request your trial key.
PyMuPDFPro: Restricted Mode. Please visit https://pymupdf.io/try-pro to request your trial key.
PyMuPDFPro: Restricted Mode. Please visit https://pymupdf.io/try-pro to request your trial key.
PyMuPDFPro: Restricted Mode. Please visit https://pymupdf.io/try-pro to request your trial key.
PyMuPDFPro: Restricted Mode. Please visit https://pymupdf.io/try-pro to request your trial key.
PyMuPDFPro: Restricted Mode. Please visit https://pymupdf.io/try-pro to request your trial key.
PyMuPDFPro: Restricted Mode. Please visit https://pymupdf.io/try-pro to request your trial key.
PyMuPDFPro: Restricted Mode. Please visit https://pymupdf.io/try-pro to request your trial key.
PyMuPDFPro: Restricted Mode. Please visit https://pymupdf.io/try-pro to request your trial key.
PyMuPDFPro: Restricted Mode. Please visit https://pymupdf.io/try-pro to request your trial key.
PyMuPDFPro: Restricted Mode. Please visit https://pymupdf.io/try-pro to request your trial key.
PyMuPDFPro: Restricted Mode. Please visit https://pymupdf.io/try-pro to request your trial key.
PyMuPDFPro: Restricted Mode. Please visit https://pymupdf.io/try-pro to request your trial key.
PyMuPDFPro: Restricted Mode. Please visit https://pymupdf.io/try-pro to request your trial key.
PyMuPDFPro: Restricted Mode. Please visit https://pymupdf.io/try-pro to request your trial key.
PyMuPDFPro: Restricted Mode. Please visit https://pymupdf.io/try-pro to request your trial key.
PyMuPDFPro: Restricted Mode. Please visit https://pymupdf.io/try-pro to request your trial key.
PyMuPDFPro: Restricted Mode. Please visit https://pymupdf.io/try-pro to request your trial key.
PyMuPDFPro: Restricted Mode. Please visit https://pymupdf.io/try-pro to request your trial key.
PyMuPDFPro: Restricted Mode. Please visit https://pymupdf.io/try-pro to request your trial key.
PyMuPDFPro: Restricted Mode. Please visit https://pymupdf.io/try-pro to request your trial key.
PyMuPDFPro: Restricted Mode. Please visit https://pymupdf.io/try-pro to request your trial key.
PyMuPDFPro: Restricted Mode. Please visit https://pymupdf.io/try-pro to request your trial key.
PyMuPDFPro: Restricted Mode. Please visit https://pymupdf.io/try-pro to request your trial key.
PyMuPDFPro: Restricted Mode. Please visit https://pymupdf.io/try-pro to request your trial key.
PyMuPDFPro: Restricted Mode. Please visit https://pymupdf.io/try-pro to request your trial key.
PyMuPDFPro: Restricted Mode. Please visit https://pymupdf.io/try-pro to request your trial key.
PyMuPDFPro: Restricted Mode. Please visit https://pymupdf.io/try-pro to request your trial key.
PyMuPDFPro: Restricted Mode. Please visit https://pymupdf.io/try-pro to request your trial key.
PyMuPDFPro: Restricted Mode. Please visit https://pymupdf.io/try-pro to request your trial key.
PyMuPDFPro: Restricted Mode. Please visit https://pymupdf.io/try-pro to request your trial key.
PyMuPDFPro: Restricted Mode. Please visit https://pymupdf.io/try-pro to request your trial key.
PyMuPDFPro: Restricted Mode. Please visit https://pymupdf.io/try-pro to request your trial key.
PyMuPDFPro: Restricted Mode. Please visit https://pymupdf.io/try-pro to request your trial key.
PyMuPDFPro: Restricted Mode. Please visit https://pymupdf.io/try-pro to request your trial key.
PyMuPDFPro: Restricted Mode. Please visit https://pymupdf.io/try-pro to request your trial key.
PyMuPDFPro: Restricted Mode. Please visit https://pymupdf.io/try-pro to request your trial key.
PyMuPDFPro: Restricted Mode. Please visit https://pymupdf.io/try-pro to request your trial key.
PyMuPDFPro: Restricted Mode. Please visit https://pymupdf.io/try-pro to request your trial key.
PyMuPDFPro: Restricted Mode. Please visit https://pymupdf.io/try-pro to request your trial key.
PyMuPDFPro: Restricted Mode. Please visit https://pymupdf.io/try-pro to request your trial key.
PyMuPDFPro: Restricted Mode. Please visit https://pymupdf.io/try-pro to request your trial key.
PyMuPDFPro: Restricted Mode. Please visit https://pymupdf.io/try-pro to request your trial key.
PyMuPDFPro: Restricted Mode. Please visit https://pymupdf.io/try-pro to request your trial key.
PyMuPDFPro: Restricted Mode. Please visit https://pymupdf.io/try-pro to request your trial key.
PyMuPDFPro: Restricted Mode. Please visit https://pymupdf.io/try-pro to request your trial key.
PyMuPDFPro: Restricted Mode. Please visit https://pymupdf.io/try-pro to request your trial key.
PyMuPDFPro: Restricted Mode. Please visit https://pymupdf.io/try-pro to request your trial key.
PyMuPDFPro: Restricted Mode. Please visit https://pymupdf.io/try-pro to request your trial key.
  ❌ FAILED (anz_example → fallback) at stage 'AnalyzeSource' in 4.5s: Source statement has 0 transactions - nothing to transfer.
PyMuPDFPro: Restricted Mode. Please visit https://pymupdf.io/try-pro to request your trial key.
PyMuPDFPro: Restricted Mode. Please visit https://pymupdf.io/try-pro to request your trial key.
PyMuPDFPro: Restricted Mode. Please visit https://pymupdf.io/try-pro to request your trial key.
PyMuPDFPro: Restricted Mode. Please visit https://pymupdf.io/try-pro to request your trial key.
PyMuPDFPro: Restricted Mode. Please visit https://pymupdf.io/try-pro to request your trial key.
PyMuPDFPro: Restricted Mode. Please visit https://pymupdf.io/try-pro to request your trial key.
PyMuPDFPro: Restricted Mode. Please visit https://pymupdf.io/try-pro to request your trial key.
PyMuPDFPro: Restricted Mode. Please visit https://pymupdf.io/try-pro to request your trial key.
PyMuPDFPro: Restricted Mode. Please visit https://pymupdf.io/try-pro to request your trial key.
PyMuPDFPro: Restricted Mode. Please visit https://pymupdf.io/try-pro to request your trial key.
PyMuPDFPro: Restricted Mode. Please visit https://pymupdf.io/try-pro to request your trial key.
PyMuPDFPro: Restricted Mode. Please visit https://pymupdf.io/try-pro to request your trial key.
PyMuPDFPro: Restricted Mode. Please visit https://pymupdf.io/try-pro to request your trial key.
PyMuPDFPro: Restricted Mode. Please visit https://pymupdf.io/try-pro to request your trial key.
PyMuPDFPro: Restricted Mode. Please visit https://pymupdf.io/try-pro to request your trial key.
PyMuPDFPro: Restricted Mode. Please visit https://pymupdf.io/try-pro to request your trial key.
  ❌ FAILED (macquarie_example → bankwest_example) at stage 'AiFormatMapping' in 4.8s: Gemini format mapping failed: Gemini Error: API Error (HTTP 400 Bad Request): {
  "error": {
    "code": 400,
    "message": "API key not valid. Please pass a valid API key.",
    "status": "INVALID_ARGUMENT",
    "details": [
      {
        "@type": "type.googleapis.com/google.rpc.ErrorInfo",
        "reason": "API_KEY_INVALID",
        "domain": "googleapis.com",
        "metadata": {
          "service": "generativelanguage.googleapis.com"
        }
      },
      {
        "@type": "type.googleapis.com/google.rpc.LocalizedMessage",
        "locale": "en-US",
        "message": "API key not valid. Please pass a valid API key."
      }
    ]
  }
}

PyMuPDFPro: Restricted Mode. Please visit https://pymupdf.io/try-pro to request your trial key.
PyMuPDFPro: Restricted Mode. Please visit https://pymupdf.io/try-pro to request your trial key.
PyMuPDFPro: Restricted Mode. Please visit https://pymupdf.io/try-pro to request your trial key.
PyMuPDFPro: Restricted Mode. Please visit https://pymupdf.io/try-pro to request your trial key.
PyMuPDFPro: Restricted Mode. Please visit https://pymupdf.io/try-pro to request your trial key.
PyMuPDFPro: Restricted Mode. Please visit https://pymupdf.io/try-pro to request your trial key.
  ❌ FAILED (anz_example → bankwest_example) at stage 'AnalyzeSource' in 5.0s: Source statement has 0 transactions - nothing to transfer.
PyMuPDFPro: Restricted Mode. Please visit https://pymupdf.io/try-pro to request your trial key.
PyMuPDFPro: Restricted Mode. Please visit https://pymupdf.io/try-pro to request your trial key.
PyMuPDFPro: Restricted Mode. Please visit https://pymupdf.io/try-pro to request your trial key.
PyMuPDFPro: Restricted Mode. Please visit https://pymupdf.io/try-pro to request your trial key.
  ❌ FAILED (anz_example → ing_orangeeveryday_example) at stage 'AnalyzeSource' in 5.2s: Source statement has 0 transactions - nothing to transfer.
PyMuPDFPro: Restricted Mode. Please visit https://pymupdf.io/try-pro to request your trial key.
PyMuPDFPro: Restricted Mode. Please visit https://pymupdf.io/try-pro to request your trial key.
PyMuPDFPro: Restricted Mode. Please visit https://pymupdf.io/try-pro to request your trial key.
PyMuPDFPro: Restricted Mode. Please visit https://pymupdf.io/try-pro to request your trial key.
PyMuPDFPro: Restricted Mode. Please visit https://pymupdf.io/try-pro to request your trial key.
PyMuPDFPro: Restricted Mode. Please visit https://pymupdf.io/try-pro to request your trial key.
PyMuPDFPro: Restricted Mode. Please visit https://pymupdf.io/try-pro to request your trial key.
PyMuPDFPro: Restricted Mode. Please visit https://pymupdf.io/try-pro to request your trial key.
PyMuPDFPro: Restricted Mode. Please visit https://pymupdf.io/try-pro to request your trial key.
PyMuPDFPro: Restricted Mode. Please visit https://pymupdf.io/try-pro to request your trial key.
PyMuPDFPro: Restricted Mode. Please visit https://pymupdf.io/try-pro to request your trial key.
PyMuPDFPro: Restricted Mode. Please visit https://pymupdf.io/try-pro to request your trial key.
PyMuPDFPro: Restricted Mode. Please visit https://pymupdf.io/try-pro to request your trial key.
PyMuPDFPro: Restricted Mode. Please visit https://pymupdf.io/try-pro to request your trial key.
PyMuPDFPro: Restricted Mode. Please visit https://pymupdf.io/try-pro to request your trial key.
PyMuPDFPro: Restricted Mode. Please visit https://pymupdf.io/try-pro to request your trial key.
PyMuPDFPro: Restricted Mode. Please visit https://pymupdf.io/try-pro to request your trial key.
PyMuPDFPro: Restricted Mode. Please visit https://pymupdf.io/try-pro to request your trial key.
PyMuPDFPro: Restricted Mode. Please visit https://pymupdf.io/try-pro to request your trial key.
PyMuPDFPro: Restricted Mode. Please visit https://pymupdf.io/try-pro to request your trial key.
PyMuPDFPro: Restricted Mode. Please visit https://pymupdf.io/try-pro to request your trial key.
PyMuPDFPro: Restricted Mode. Please visit https://pymupdf.io/try-pro to request your trial key.
PyMuPDFPro: Restricted Mode. Please visit https://pymupdf.io/try-pro to request your trial key.
PyMuPDFPro: Restricted Mode. Please visit https://pymupdf.io/try-pro to request your trial key.
PyMuPDFPro: Restricted Mode. Please visit https://pymupdf.io/try-pro to request your trial key.
PyMuPDFPro: Restricted Mode. Please visit https://pymupdf.io/try-pro to request your trial key.
PyMuPDFPro: Restricted Mode. Please visit https://pymupdf.io/try-pro to request your trial key.
PyMuPDFPro: Restricted Mode. Please visit https://pymupdf.io/try-pro to request your trial key.
PyMuPDFPro: Restricted Mode. Please visit https://pymupdf.io/try-pro to request your trial key.
PyMuPDFPro: Restricted Mode. Please visit https://pymupdf.io/try-pro to request your trial key.
PyMuPDFPro: Restricted Mode. Please visit https://pymupdf.io/try-pro to request your trial key.
  ❌ FAILED (anz_example → commbank_smartaccess_example) at stage 'AnalyzeSource' in 6.2s: Source statement has 0 transactions - nothing to transfer.
PyMuPDFPro: Restricted Mode. Please visit https://pymupdf.io/try-pro to request your trial key.
PyMuPDFPro: Restricted Mode. Please visit https://pymupdf.io/try-pro to request your trial key.
  ❌ FAILED (macquarie_example → fallback) at stage 'AiFormatMapping' in 6.2s: Gemini format mapping failed: Gemini Error: API Error (HTTP 400 Bad Request): {
  "error": {
    "code": 400,
    "message": "API key not valid. Please pass a valid API key.",
    "status": "INVALID_ARGUMENT",
    "details": [
      {
        "@type": "type.googleapis.com/google.rpc.ErrorInfo",
        "reason": "API_KEY_INVALID",
        "domain": "googleapis.com",
        "metadata": {
          "service": "generativelanguage.googleapis.com"
        }
      },
      {
        "@type": "type.googleapis.com/google.rpc.LocalizedMessage",
        "locale": "en-US",
        "message": "API key not valid. Please pass a valid API key."
      }
    ]
  }
}

PyMuPDFPro: Restricted Mode. Please visit https://pymupdf.io/try-pro to request your trial key.
PyMuPDFPro: Restricted Mode. Please visit https://pymupdf.io/try-pro to request your trial key.
PyMuPDFPro: Restricted Mode. Please visit https://pymupdf.io/try-pro to request your trial key.
PyMuPDFPro: Restricted Mode. Please visit https://pymupdf.io/try-pro to request your trial key.
PyMuPDFPro: Restricted Mode. Please visit https://pymupdf.io/try-pro to request your trial key.
PyMuPDFPro: Restricted Mode. Please visit https://pymupdf.io/try-pro to request your trial key.
PyMuPDFPro: Restricted Mode. Please visit https://pymupdf.io/try-pro to request your trial key.
PyMuPDFPro: Restricted Mode. Please visit https://pymupdf.io/try-pro to request your trial key.
PyMuPDFPro: Restricted Mode. Please visit https://pymupdf.io/try-pro to request your trial key.
PyMuPDFPro: Restricted Mode. Please visit https://pymupdf.io/try-pro to request your trial key.
PyMuPDFPro: Restricted Mode. Please visit https://pymupdf.io/try-pro to request your trial key.
PyMuPDFPro: Restricted Mode. Please visit https://pymupdf.io/try-pro to request your trial key.
PyMuPDFPro: Restricted Mode. Please visit https://pymupdf.io/try-pro to request your trial key.
  ❌ FAILED (bankwest_example → commbank_smartaccess_example) at stage 'AiFormatMapping' in 6.5s: Gemini format mapping failed: Gemini Error: API Error (HTTP 400 Bad Request): {
  "error": {
    "code": 400,
    "message": "API key not valid. Please pass a valid API key.",
    "status": "INVALID_ARGUMENT",
    "details": [
      {
        "@type": "type.googleapis.com/google.rpc.ErrorInfo",
        "reason": "API_KEY_INVALID",
        "domain": "googleapis.com",
        "metadata": {
          "service": "generativelanguage.googleapis.com"
        }
      },
      {
        "@type": "type.googleapis.com/google.rpc.LocalizedMessage",
        "locale": "en-US",
        "message": "API key not valid. Please pass a valid API key."
      }
    ]
  }
}

PyMuPDFPro: Restricted Mode. Please visit https://pymupdf.io/try-pro to request your trial key.
PyMuPDFPro: Restricted Mode. Please visit https://pymupdf.io/try-pro to request your trial key.
PyMuPDFPro: Restricted Mode. Please visit https://pymupdf.io/try-pro to request your trial key.
PyMuPDFPro: Restricted Mode. Please visit https://pymupdf.io/try-pro to request your trial key.
PyMuPDFPro: Restricted Mode. Please visit https://pymupdf.io/try-pro to request your trial key.
PyMuPDFPro: Restricted Mode. Please visit https://pymupdf.io/try-pro to request your trial key.
PyMuPDFPro: Restricted Mode. Please visit https://pymupdf.io/try-pro to request your trial key.
PyMuPDFPro: Restricted Mode. Please visit https://pymupdf.io/try-pro to request your trial key.
PyMuPDFPro: Restricted Mode. Please visit https://pymupdf.io/try-pro to request your trial key.
PyMuPDFPro: Restricted Mode. Please visit https://pymupdf.io/try-pro to request your trial key.
PyMuPDFPro: Restricted Mode. Please visit https://pymupdf.io/try-pro to request your trial key.
PyMuPDFPro: Restricted Mode. Please visit https://pymupdf.io/try-pro to request your trial key.
PyMuPDFPro: Restricted Mode. Please visit https://pymupdf.io/try-pro to request your trial key.
PyMuPDFPro: Restricted Mode. Please visit https://pymupdf.io/try-pro to request your trial key.
PyMuPDFPro: Restricted Mode. Please visit https://pymupdf.io/try-pro to request your trial key.
PyMuPDFPro: Restricted Mode. Please visit https://pymupdf.io/try-pro to request your trial key.
PyMuPDFPro: Restricted Mode. Please visit https://pymupdf.io/try-pro to request your trial key.
PyMuPDFPro: Restricted Mode. Please visit https://pymupdf.io/try-pro to request your trial key.
PyMuPDFPro: Restricted Mode. Please visit https://pymupdf.io/try-pro to request your trial key.
PyMuPDFPro: Restricted Mode. Please visit https://pymupdf.io/try-pro to request your trial key.
PyMuPDFPro: Restricted Mode. Please visit https://pymupdf.io/try-pro to request your trial key.
PyMuPDFPro: Restricted Mode. Please visit https://pymupdf.io/try-pro to request your trial key.
PyMuPDFPro: Restricted Mode. Please visit https://pymupdf.io/try-pro to request your trial key.
PyMuPDFPro: Restricted Mode. Please visit https://pymupdf.io/try-pro to request your trial key.
PyMuPDFPro: Restricted Mode. Please visit https://pymupdf.io/try-pro to request your trial key.
PyMuPDFPro: Restricted Mode. Please visit https://pymupdf.io/try-pro to request your trial key.
PyMuPDFPro: Restricted Mode. Please visit https://pymupdf.io/try-pro to request your trial key.
PyMuPDFPro: Restricted Mode. Please visit https://pymupdf.io/try-pro to request your trial key.
PyMuPDFPro: Restricted Mode. Please visit https://pymupdf.io/try-pro to request your trial key.
PyMuPDFPro: Restricted Mode. Please visit https://pymupdf.io/try-pro to request your trial key.
PyMuPDFPro: Restricted Mode. Please visit https://pymupdf.io/try-pro to request your trial key.
PyMuPDFPro: Restricted Mode. Please visit https://pymupdf.io/try-pro to request your trial key.
PyMuPDFPro: Restricted Mode. Please visit https://pymupdf.io/try-pro to request your trial key.
PyMuPDFPro: Restricted Mode. Please visit https://pymupdf.io/try-pro to request your trial key.
PyMuPDFPro: Restricted Mode. Please visit https://pymupdf.io/try-pro to request your trial key.
PyMuPDFPro: Restricted Mode. Please visit https://pymupdf.io/try-pro to request your trial key.
PyMuPDFPro: Restricted Mode. Please visit https://pymupdf.io/try-pro to request your trial key.
PyMuPDFPro: Restricted Mode. Please visit https://pymupdf.io/try-pro to request your trial key.
PyMuPDFPro: Restricted Mode. Please visit https://pymupdf.io/try-pro to request your trial key.
PyMuPDFPro: Restricted Mode. Please visit https://pymupdf.io/try-pro to request your trial key.
PyMuPDFPro: Restricted Mode. Please visit https://pymupdf.io/try-pro to request your trial key.
PyMuPDFPro: Restricted Mode. Please visit https://pymupdf.io/try-pro to request your trial key.
PyMuPDFPro: Restricted Mode. Please visit https://pymupdf.io/try-pro to request your trial key.
PyMuPDFPro: Restricted Mode. Please visit https://pymupdf.io/try-pro to request your trial key.
PyMuPDFPro: Restricted Mode. Please visit https://pymupdf.io/try-pro to request your trial key.
PyMuPDFPro: Restricted Mode. Please visit https://pymupdf.io/try-pro to request your trial key.
  ❌ FAILED (macquarie_example → anz_example) at stage 'AnalyzeTarget' in 7.9s: Target statement has 0 transactions - no layout to map into.
PyMuPDFPro: Restricted Mode. Please visit https://pymupdf.io/try-pro to request your trial key.
PyMuPDFPro: Restricted Mode. Please visit https://pymupdf.io/try-pro to request your trial key.
PyMuPDFPro: Restricted Mode. Please visit https://pymupdf.io/try-pro to request your trial key.
PyMuPDFPro: Restricted Mode. Please visit https://pymupdf.io/try-pro to request your trial key.
PyMuPDFPro: Restricted Mode. Please visit https://pymupdf.io/try-pro to request your trial key.
PyMuPDFPro: Restricted Mode. Please visit https://pymupdf.io/try-pro to request your trial key.
PyMuPDFPro: Restricted Mode. Please visit https://pymupdf.io/try-pro to request your trial key.
PyMuPDFPro: Restricted Mode. Please visit https://pymupdf.io/try-pro to request your trial key.
PyMuPDFPro: Restricted Mode. Please visit https://pymupdf.io/try-pro to request your trial key.
PyMuPDFPro: Restricted Mode. Please visit https://pymupdf.io/try-pro to request your trial key.
PyMuPDFPro: Restricted Mode. Please visit https://pymupdf.io/try-pro to request your trial key.
PyMuPDFPro: Restricted Mode. Please visit https://pymupdf.io/try-pro to request your trial key.
PyMuPDFPro: Restricted Mode. Please visit https://pymupdf.io/try-pro to request your trial key.
PyMuPDFPro: Restricted Mode. Please visit https://pymupdf.io/try-pro to request your trial key.
  ❌ FAILED (fallback → bankwest_example) at stage 'AiFormatMapping' in 8.2s: Gemini format mapping failed: Gemini Error: API Error (HTTP 400 Bad Request): {
  "error": {
    "code": 400,
    "message": "API key not valid. Please pass a valid API key.",
    "status": "INVALID_ARGUMENT",
    "details": [
      {
        "@type": "type.googleapis.com/google.rpc.ErrorInfo",
        "reason": "API_KEY_INVALID",
        "domain": "googleapis.com",
        "metadata": {
          "service": "generativelanguage.googleapis.com"
        }
      },
      {
        "@type": "type.googleapis.com/google.rpc.LocalizedMessage",
        "locale": "en-US",
        "message": "API key not valid. Please pass a valid API key."
      }
    ]
  }
}

PyMuPDFPro: Restricted Mode. Please visit https://pymupdf.io/try-pro to request your trial key.
PyMuPDFPro: Restricted Mode. Please visit https://pymupdf.io/try-pro to request your trial key.
PyMuPDFPro: Restricted Mode. Please visit https://pymupdf.io/try-pro to request your trial key.
PyMuPDFPro: Restricted Mode. Please visit https://pymupdf.io/try-pro to request your trial key.
  ❌ FAILED (commbank_smartaccess_example → anz_example) at stage 'AnalyzeTarget' in 8.3s: Target statement has 0 transactions - no layout to map into.
PyMuPDFPro: Restricted Mode. Please visit https://pymupdf.io/try-pro to request your trial key.
PyMuPDFPro: Restricted Mode. Please visit https://pymupdf.io/try-pro to request your trial key.
PyMuPDFPro: Restricted Mode. Please visit https://pymupdf.io/try-pro to request your trial key.
PyMuPDFPro: Restricted Mode. Please visit https://pymupdf.io/try-pro to request your trial key.
PyMuPDFPro: Restricted Mode. Please visit https://pymupdf.io/try-pro to request your trial key.
PyMuPDFPro: Restricted Mode. Please visit https://pymupdf.io/try-pro to request your trial key.
PyMuPDFPro: Restricted Mode. Please visit https://pymupdf.io/try-pro to request your trial key.
PyMuPDFPro: Restricted Mode. Please visit https://pymupdf.io/try-pro to request your trial key.
PyMuPDFPro: Restricted Mode. Please visit https://pymupdf.io/try-pro to request your trial key.
PyMuPDFPro: Restricted Mode. Please visit https://pymupdf.io/try-pro to request your trial key.
PyMuPDFPro: Restricted Mode. Please visit https://pymupdf.io/try-pro to request your trial key.
PyMuPDFPro: Restricted Mode. Please visit https://pymupdf.io/try-pro to request your trial key.
PyMuPDFPro: Restricted Mode. Please visit https://pymupdf.io/try-pro to request your trial key.
PyMuPDFPro: Restricted Mode. Please visit https://pymupdf.io/try-pro to request your trial key.
PyMuPDFPro: Restricted Mode. Please visit https://pymupdf.io/try-pro to request your trial key.
PyMuPDFPro: Restricted Mode. Please visit https://pymupdf.io/try-pro to request your trial key.
PyMuPDFPro: Restricted Mode. Please visit https://pymupdf.io/try-pro to request your trial key.
  ❌ FAILED (commbank_smartaccess_example → macquarie_example) at stage 'AiFormatMapping' in 8.8s: Gemini format mapping failed: Gemini Error: API Error (HTTP 400 Bad Request): {
  "error": {
    "code": 400,
    "message": "API key not valid. Please pass a valid API key.",
    "status": "INVALID_ARGUMENT",
    "details": [
      {
        "@type": "type.googleapis.com/google.rpc.ErrorInfo",
        "reason": "API_KEY_INVALID",
        "domain": "googleapis.com",
        "metadata": {
          "service": "generativelanguage.googleapis.com"
        }
      },
      {
        "@type": "type.googleapis.com/google.rpc.LocalizedMessage",
        "locale": "en-US",
        "message": "API key not valid. Please pass a valid API key."
      }
    ]
  }
}

PyMuPDFPro: Restricted Mode. Please visit https://pymupdf.io/try-pro to request your trial key.
PyMuPDFPro: Restricted Mode. Please visit https://pymupdf.io/try-pro to request your trial key.
PyMuPDFPro: Restricted Mode. Please visit https://pymupdf.io/try-pro to request your trial key.
PyMuPDFPro: Restricted Mode. Please visit https://pymupdf.io/try-pro to request your trial key.
PyMuPDFPro: Restricted Mode. Please visit https://pymupdf.io/try-pro to request your trial key.
PyMuPDFPro: Restricted Mode. Please visit https://pymupdf.io/try-pro to request your trial key.
PyMuPDFPro: Restricted Mode. Please visit https://pymupdf.io/try-pro to request your trial key.
PyMuPDFPro: Restricted Mode. Please visit https://pymupdf.io/try-pro to request your trial key.
PyMuPDFPro: Restricted Mode. Please visit https://pymupdf.io/try-pro to request your trial key.
PyMuPDFPro: Restricted Mode. Please visit https://pymupdf.io/try-pro to request your trial key.
PyMuPDFPro: Restricted Mode. Please visit https://pymupdf.io/try-pro to request your trial key.
PyMuPDFPro: Restricted Mode. Please visit https://pymupdf.io/try-pro to request your trial key.
PyMuPDFPro: Restricted Mode. Please visit https://pymupdf.io/try-pro to request your trial key.
PyMuPDFPro: Restricted Mode. Please visit https://pymupdf.io/try-pro to request your trial key.
PyMuPDFPro: Restricted Mode. Please visit https://pymupdf.io/try-pro to request your trial key.
PyMuPDFPro: Restricted Mode. Please visit https://pymupdf.io/try-pro to request your trial key.
PyMuPDFPro: Restricted Mode. Please visit https://pymupdf.io/try-pro to request your trial key.
PyMuPDFPro: Restricted Mode. Please visit https://pymupdf.io/try-pro to request your trial key.
PyMuPDFPro: Restricted Mode. Please visit https://pymupdf.io/try-pro to request your trial key.
PyMuPDFPro: Restricted Mode. Please visit https://pymupdf.io/try-pro to request your trial key.
PyMuPDFPro: Restricted Mode. Please visit https://pymupdf.io/try-pro to request your trial key.
PyMuPDFPro: Restricted Mode. Please visit https://pymupdf.io/try-pro to request your trial key.
PyMuPDFPro: Restricted Mode. Please visit https://pymupdf.io/try-pro to request your trial key.
PyMuPDFPro: Restricted Mode. Please visit https://pymupdf.io/try-pro to request your trial key.
PyMuPDFPro: Restricted Mode. Please visit https://pymupdf.io/try-pro to request your trial key.
  ❌ FAILED (anz_example → macquarie_example) at stage 'AnalyzeSource' in 9.7s: Source statement has 0 transactions - nothing to transfer.
PyMuPDFPro: Restricted Mode. Please visit https://pymupdf.io/try-pro to request your trial key.
PyMuPDFPro: Restricted Mode. Please visit https://pymupdf.io/try-pro to request your trial key.
PyMuPDFPro: Restricted Mode. Please visit https://pymupdf.io/try-pro to request your trial key.
PyMuPDFPro: Restricted Mode. Please visit https://pymupdf.io/try-pro to request your trial key.
PyMuPDFPro: Restricted Mode. Please visit https://pymupdf.io/try-pro to request your trial key.
PyMuPDFPro: Restricted Mode. Please visit https://pymupdf.io/try-pro to request your trial key.
PyMuPDFPro: Restricted Mode. Please visit https://pymupdf.io/try-pro to request your trial key.
PyMuPDFPro: Restricted Mode. Please visit https://pymupdf.io/try-pro to request your trial key.
PyMuPDFPro: Restricted Mode. Please visit https://pymupdf.io/try-pro to request your trial key.
PyMuPDFPro: Restricted Mode. Please visit https://pymupdf.io/try-pro to request your trial key.
PyMuPDFPro: Restricted Mode. Please visit https://pymupdf.io/try-pro to request your trial key.
PyMuPDFPro: Restricted Mode. Please visit https://pymupdf.io/try-pro to request your trial key.
PyMuPDFPro: Restricted Mode. Please visit https://pymupdf.io/try-pro to request your trial key.
PyMuPDFPro: Restricted Mode. Please visit https://pymupdf.io/try-pro to request your trial key.
PyMuPDFPro: Restricted Mode. Please visit https://pymupdf.io/try-pro to request your trial key.
PyMuPDFPro: Restricted Mode. Please visit https://pymupdf.io/try-pro to request your trial key.
PyMuPDFPro: Restricted Mode. Please visit https://pymupdf.io/try-pro to request your trial key.
PyMuPDFPro: Restricted Mode. Please visit https://pymupdf.io/try-pro to request your trial key.
PyMuPDFPro: Restricted Mode. Please visit https://pymupdf.io/try-pro to request your trial key.
PyMuPDFPro: Restricted Mode. Please visit https://pymupdf.io/try-pro to request your trial key.
  ❌ FAILED (commbank_smartaccess_example → fallback) at stage 'AiFormatMapping' in 10.3s: Gemini format mapping failed: Gemini Error: API Error (HTTP 400 Bad Request): {
  "error": {
    "code": 400,
    "message": "API key not valid. Please pass a valid API key.",
    "status": "INVALID_ARGUMENT",
    "details": [
      {
        "@type": "type.googleapis.com/google.rpc.ErrorInfo",
        "reason": "API_KEY_INVALID",
        "domain": "googleapis.com",
        "metadata": {
          "service": "generativelanguage.googleapis.com"
        }
      },
      {
        "@type": "type.googleapis.com/google.rpc.LocalizedMessage",
        "locale": "en-US",
        "message": "API key not valid. Please pass a valid API key."
      }
    ]
  }
}

PyMuPDFPro: Restricted Mode. Please visit https://pymupdf.io/try-pro to request your trial key.
PyMuPDFPro: Restricted Mode. Please visit https://pymupdf.io/try-pro to request your trial key.
PyMuPDFPro: Restricted Mode. Please visit https://pymupdf.io/try-pro to request your trial key.
PyMuPDFPro: Restricted Mode. Please visit https://pymupdf.io/try-pro to request your trial key.
PyMuPDFPro: Restricted Mode. Please visit https://pymupdf.io/try-pro to request your trial key.
PyMuPDFPro: Restricted Mode. Please visit https://pymupdf.io/try-pro to request your trial key.
PyMuPDFPro: Restricted Mode. Please visit https://pymupdf.io/try-pro to request your trial key.
PyMuPDFPro: Restricted Mode. Please visit https://pymupdf.io/try-pro to request your trial key.
PyMuPDFPro: Restricted Mode. Please visit https://pymupdf.io/try-pro to request your trial key.
PyMuPDFPro: Restricted Mode. Please visit https://pymupdf.io/try-pro to request your trial key.
  ❌ FAILED (anz_example → westpac_choicebasic_example) at stage 'AnalyzeSource' in 10.4s: Source statement has 0 transactions - nothing to transfer.
PyMuPDFPro: Restricted Mode. Please visit https://pymupdf.io/try-pro to request your trial key.
PyMuPDFPro: Restricted Mode. Please visit https://pymupdf.io/try-pro to request your trial key.
PyMuPDFPro: Restricted Mode. Please visit https://pymupdf.io/try-pro to request your trial key.
PyMuPDFPro: Restricted Mode. Please visit https://pymupdf.io/try-pro to request your trial key.
PyMuPDFPro: Restricted Mode. Please visit https://pymupdf.io/try-pro to request your trial key.
PyMuPDFPro: Restricted Mode. Please visit https://pymupdf.io/try-pro to request your trial key.
PyMuPDFPro: Restricted Mode. Please visit https://pymupdf.io/try-pro to request your trial key.
PyMuPDFPro: Restricted Mode. Please visit https://pymupdf.io/try-pro to request your trial key.
PyMuPDFPro: Restricted Mode. Please visit https://pymupdf.io/try-pro to request your trial key.
PyMuPDFPro: Restricted Mode. Please visit https://pymupdf.io/try-pro to request your trial key.
PyMuPDFPro: Restricted Mode. Please visit https://pymupdf.io/try-pro to request your trial key.
PyMuPDFPro: Restricted Mode. Please visit https://pymupdf.io/try-pro to request your trial key.
PyMuPDFPro: Restricted Mode. Please visit https://pymupdf.io/try-pro to request your trial key.
PyMuPDFPro: Restricted Mode. Please visit https://pymupdf.io/try-pro to request your trial key.
PyMuPDFPro: Restricted Mode. Please visit https://pymupdf.io/try-pro to request your trial key.
PyMuPDFPro: Restricted Mode. Please visit https://pymupdf.io/try-pro to request your trial key.
  ❌ FAILED (bankwest_example → fallback) at stage 'AiFormatMapping' in 10.8s: Gemini format mapping failed: Gemini Error: API Error (HTTP 400 Bad Request): {
  "error": {
    "code": 400,
    "message": "API key not valid. Please pass a valid API key.",
    "status": "INVALID_ARGUMENT",
    "details": [
      {
        "@type": "type.googleapis.com/google.rpc.ErrorInfo",
        "reason": "API_KEY_INVALID",
        "domain": "googleapis.com",
        "metadata": {
          "service": "generativelanguage.googleapis.com"
        }
      },
      {
        "@type": "type.googleapis.com/google.rpc.LocalizedMessage",
        "locale": "en-US",
        "message": "API key not valid. Please pass a valid API key."
      }
    ]
  }
}

PyMuPDFPro: Restricted Mode. Please visit https://pymupdf.io/try-pro to request your trial key.
PyMuPDFPro: Restricted Mode. Please visit https://pymupdf.io/try-pro to request your trial key.
PyMuPDFPro: Restricted Mode. Please visit https://pymupdf.io/try-pro to request your trial key.
PyMuPDFPro: Restricted Mode. Please visit https://pymupdf.io/try-pro to request your trial key.
PyMuPDFPro: Restricted Mode. Please visit https://pymupdf.io/try-pro to request your trial key.
PyMuPDFPro: Restricted Mode. Please visit https://pymupdf.io/try-pro to request your trial key.
PyMuPDFPro: Restricted Mode. Please visit https://pymupdf.io/try-pro to request your trial key.
  ❌ FAILED (macquarie_example → commbank_smartaccess_example) at stage 'AiFormatMapping' in 11.0s: Gemini format mapping failed: Gemini Error: API Error (HTTP 400 Bad Request): {
  "error": {
    "code": 400,
    "message": "API key not valid. Please pass a valid API key.",
    "status": "INVALID_ARGUMENT",
    "details": [
      {
        "@type": "type.googleapis.com/google.rpc.ErrorInfo",
        "reason": "API_KEY_INVALID",
        "domain": "googleapis.com",
        "metadata": {
          "service": "generativelanguage.googleapis.com"
        }
      },
      {
        "@type": "type.googleapis.com/google.rpc.LocalizedMessage",
        "locale": "en-US",
        "message": "API key not valid. Please pass a valid API key."
      }
    ]
  }
}

PyMuPDFPro: Restricted Mode. Please visit https://pymupdf.io/try-pro to request your trial key.
PyMuPDFPro: Restricted Mode. Please visit https://pymupdf.io/try-pro to request your trial key.
PyMuPDFPro: Restricted Mode. Please visit https://pymupdf.io/try-pro to request your trial key.
  ❌ FAILED (commbank_smartaccess_example → bankwest_example) at stage 'AiFormatMapping' in 11.1s: Gemini format mapping failed: Gemini Error: API Error (HTTP 400 Bad Request): {
  "error": {
    "code": 400,
    "message": "API key not valid. Please pass a valid API key.",
    "status": "INVALID_ARGUMENT",
    "details": [
      {
        "@type": "type.googleapis.com/google.rpc.ErrorInfo",
        "reason": "API_KEY_INVALID",
        "domain": "googleapis.com",
        "metadata": {
          "service": "generativelanguage.googleapis.com"
        }
      },
      {
        "@type": "type.googleapis.com/google.rpc.LocalizedMessage",
        "locale": "en-US",
        "message": "API key not valid. Please pass a valid API key."
      }
    ]
  }
}

PyMuPDFPro: Restricted Mode. Please visit https://pymupdf.io/try-pro to request your trial key.
PyMuPDFPro: Restricted Mode. Please visit https://pymupdf.io/try-pro to request your trial key.
PyMuPDFPro: Restricted Mode. Please visit https://pymupdf.io/try-pro to request your trial key.
PyMuPDFPro: Restricted Mode. Please visit https://pymupdf.io/try-pro to request your trial key.
PyMuPDFPro: Restricted Mode. Please visit https://pymupdf.io/try-pro to request your trial key.
PyMuPDFPro: Restricted Mode. Please visit https://pymupdf.io/try-pro to request your trial key.
PyMuPDFPro: Restricted Mode. Please visit https://pymupdf.io/try-pro to request your trial key.
  ❌ FAILED (macquarie_example → ing_orangeeveryday_example) at stage 'AiFormatMapping' in 11.2s: Gemini format mapping failed: Gemini Error: API Error (HTTP 400 Bad Request): {
  "error": {
    "code": 400,
    "message": "API key not valid. Please pass a valid API key.",
    "status": "INVALID_ARGUMENT",
    "details": [
      {
        "@type": "type.googleapis.com/google.rpc.ErrorInfo",
        "reason": "API_KEY_INVALID",
        "domain": "googleapis.com",
        "metadata": {
          "service": "generativelanguage.googleapis.com"
        }
      },
      {
        "@type": "type.googleapis.com/google.rpc.LocalizedMessage",
        "locale": "en-US",
        "message": "API key not valid. Please pass a valid API key."
      }
    ]
  }
}

PyMuPDFPro: Restricted Mode. Please visit https://pymupdf.io/try-pro to request your trial key.
  ❌ FAILED (ing_orangeeveryday_example → bankwest_example) at stage 'AiFormatMapping' in 11.2s: Gemini format mapping failed: Gemini Error: API Error (HTTP 400 Bad Request): {
  "error": {
    "code": 400,
    "message": "API key not valid. Please pass a valid API key.",
    "status": "INVALID_ARGUMENT",
    "details": [
      {
        "@type": "type.googleapis.com/google.rpc.ErrorInfo",
        "reason": "API_KEY_INVALID",
        "domain": "googleapis.com",
        "metadata": {
          "service": "generativelanguage.googleapis.com"
        }
      },
      {
        "@type": "type.googleapis.com/google.rpc.LocalizedMessage",
        "locale": "en-US",
        "message": "API key not valid. Please pass a valid API key."
      }
    ]
  }
}

PyMuPDFPro: Restricted Mode. Please visit https://pymupdf.io/try-pro to request your trial key.
PyMuPDFPro: Restricted Mode. Please visit https://pymupdf.io/try-pro to request your trial key.
PyMuPDFPro: Restricted Mode. Please visit https://pymupdf.io/try-pro to request your trial key.
PyMuPDFPro: Restricted Mode. Please visit https://pymupdf.io/try-pro to request your trial key.
PyMuPDFPro: Restricted Mode. Please visit https://pymupdf.io/try-pro to request your trial key.
PyMuPDFPro: Restricted Mode. Please visit https://pymupdf.io/try-pro to request your trial key.
PyMuPDFPro: Restricted Mode. Please visit https://pymupdf.io/try-pro to request your trial key.
PyMuPDFPro: Restricted Mode. Please visit https://pymupdf.io/try-pro to request your trial key.
PyMuPDFPro: Restricted Mode. Please visit https://pymupdf.io/try-pro to request your trial key.
PyMuPDFPro: Restricted Mode. Please visit https://pymupdf.io/try-pro to request your trial key.
PyMuPDFPro: Restricted Mode. Please visit https://pymupdf.io/try-pro to request your trial key.
PyMuPDFPro: Restricted Mode. Please visit https://pymupdf.io/try-pro to request your trial key.
PyMuPDFPro: Restricted Mode. Please visit https://pymupdf.io/try-pro to request your trial key.
PyMuPDFPro: Restricted Mode. Please visit https://pymupdf.io/try-pro to request your trial key.
  ❌ FAILED (bankwest_example → anz_example) at stage 'AnalyzeTarget' in 11.6s: Target statement has 0 transactions - no layout to map into.
PyMuPDFPro: Restricted Mode. Please visit https://pymupdf.io/try-pro to request your trial key.
PyMuPDFPro: Restricted Mode. Please visit https://pymupdf.io/try-pro to request your trial key.
PyMuPDFPro: Restricted Mode. Please visit https://pymupdf.io/try-pro to request your trial key.
PyMuPDFPro: Restricted Mode. Please visit https://pymupdf.io/try-pro to request your trial key.
PyMuPDFPro: Restricted Mode. Please visit https://pymupdf.io/try-pro to request your trial key.
  ❌ FAILED (bankwest_example → macquarie_example) at stage 'AiFormatMapping' in 12.0s: Gemini format mapping failed: Gemini Error: API Error (HTTP 400 Bad Request): {
  "error": {
    "code": 400,
    "message": "API key not valid. Please pass a valid API key.",
    "status": "INVALID_ARGUMENT",
    "details": [
      {
        "@type": "type.googleapis.com/google.rpc.ErrorInfo",
        "reason": "API_KEY_INVALID",
        "domain": "googleapis.com",
        "metadata": {
          "service": "generativelanguage.googleapis.com"
        }
      },
      {
        "@type": "type.googleapis.com/google.rpc.LocalizedMessage",
        "locale": "en-US",
        "message": "API key not valid. Please pass a valid API key."
      }
    ]
  }
}

PyMuPDFPro: Restricted Mode. Please visit https://pymupdf.io/try-pro to request your trial key.
PyMuPDFPro: Restricted Mode. Please visit https://pymupdf.io/try-pro to request your trial key.
PyMuPDFPro: Restricted Mode. Please visit https://pymupdf.io/try-pro to request your trial key.
PyMuPDFPro: Restricted Mode. Please visit https://pymupdf.io/try-pro to request your trial key.
PyMuPDFPro: Restricted Mode. Please visit https://pymupdf.io/try-pro to request your trial key.
PyMuPDFPro: Restricted Mode. Please visit https://pymupdf.io/try-pro to request your trial key.
PyMuPDFPro: Restricted Mode. Please visit https://pymupdf.io/try-pro to request your trial key.
PyMuPDFPro: Restricted Mode. Please visit https://pymupdf.io/try-pro to request your trial key.
PyMuPDFPro: Restricted Mode. Please visit https://pymupdf.io/try-pro to request your trial key.
PyMuPDFPro: Restricted Mode. Please visit https://pymupdf.io/try-pro to request your trial key.
PyMuPDFPro: Restricted Mode. Please visit https://pymupdf.io/try-pro to request your trial key.
PyMuPDFPro: Restricted Mode. Please visit https://pymupdf.io/try-pro to request your trial key.
PyMuPDFPro: Restricted Mode. Please visit https://pymupdf.io/try-pro to request your trial key.
PyMuPDFPro: Restricted Mode. Please visit https://pymupdf.io/try-pro to request your trial key.
PyMuPDFPro: Restricted Mode. Please visit https://pymupdf.io/try-pro to request your trial key.
PyMuPDFPro: Restricted Mode. Please visit https://pymupdf.io/try-pro to request your trial key.
PyMuPDFPro: Restricted Mode. Please visit https://pymupdf.io/try-pro to request your trial key.
PyMuPDFPro: Restricted Mode. Please visit https://pymupdf.io/try-pro to request your trial key.
PyMuPDFPro: Restricted Mode. Please visit https://pymupdf.io/try-pro to request your trial key.
PyMuPDFPro: Restricted Mode. Please visit https://pymupdf.io/try-pro to request your trial key.
PyMuPDFPro: Restricted Mode. Please visit https://pymupdf.io/try-pro to request your trial key.
PyMuPDFPro: Restricted Mode. Please visit https://pymupdf.io/try-pro to request your trial key.
PyMuPDFPro: Restricted Mode. Please visit https://pymupdf.io/try-pro to request your trial key.
PyMuPDFPro: Restricted Mode. Please visit https://pymupdf.io/try-pro to request your trial key.
PyMuPDFPro: Restricted Mode. Please visit https://pymupdf.io/try-pro to request your trial key.
PyMuPDFPro: Restricted Mode. Please visit https://pymupdf.io/try-pro to request your trial key.
PyMuPDFPro: Restricted Mode. Please visit https://pymupdf.io/try-pro to request your trial key.
PyMuPDFPro: Restricted Mode. Please visit https://pymupdf.io/try-pro to request your trial key.
PyMuPDFPro: Restricted Mode. Please visit https://pymupdf.io/try-pro to request your trial key.
PyMuPDFPro: Restricted Mode. Please visit https://pymupdf.io/try-pro to request your trial key.
PyMuPDFPro: Restricted Mode. Please visit https://pymupdf.io/try-pro to request your trial key.
PyMuPDFPro: Restricted Mode. Please visit https://pymupdf.io/try-pro to request your trial key.
PyMuPDFPro: Restricted Mode. Please visit https://pymupdf.io/try-pro to request your trial key.
PyMuPDFPro: Restricted Mode. Please visit https://pymupdf.io/try-pro to request your trial key.
PyMuPDFPro: Restricted Mode. Please visit https://pymupdf.io/try-pro to request your trial key.
PyMuPDFPro: Restricted Mode. Please visit https://pymupdf.io/try-pro to request your trial key.
PyMuPDFPro: Restricted Mode. Please visit https://pymupdf.io/try-pro to request your trial key.
PyMuPDFPro: Restricted Mode. Please visit https://pymupdf.io/try-pro to request your trial key.
PyMuPDFPro: Restricted Mode. Please visit https://pymupdf.io/try-pro to request your trial key.
PyMuPDFPro: Restricted Mode. Please visit https://pymupdf.io/try-pro to request your trial key.
PyMuPDFPro: Restricted Mode. Please visit https://pymupdf.io/try-pro to request your trial key.
PyMuPDFPro: Restricted Mode. Please visit https://pymupdf.io/try-pro to request your trial key.
PyMuPDFPro: Restricted Mode. Please visit https://pymupdf.io/try-pro to request your trial key.
PyMuPDFPro: Restricted Mode. Please visit https://pymupdf.io/try-pro to request your trial key.
PyMuPDFPro: Restricted Mode. Please visit https://pymupdf.io/try-pro to request your trial key.
PyMuPDFPro: Restricted Mode. Please visit https://pymupdf.io/try-pro to request your trial key.
PyMuPDFPro: Restricted Mode. Please visit https://pymupdf.io/try-pro to request your trial key.
PyMuPDFPro: Restricted Mode. Please visit https://pymupdf.io/try-pro to request your trial key.
PyMuPDFPro: Restricted Mode. Please visit https://pymupdf.io/try-pro to request your trial key.
PyMuPDFPro: Restricted Mode. Please visit https://pymupdf.io/try-pro to request your trial key.
PyMuPDFPro: Restricted Mode. Please visit https://pymupdf.io/try-pro to request your trial key.
PyMuPDFPro: Restricted Mode. Please visit https://pymupdf.io/try-pro to request your trial key.
PyMuPDFPro: Restricted Mode. Please visit https://pymupdf.io/try-pro to request your trial key.
PyMuPDFPro: Restricted Mode. Please visit https://pymupdf.io/try-pro to request your trial key.
PyMuPDFPro: Restricted Mode. Please visit https://pymupdf.io/try-pro to request your trial key.
PyMuPDFPro: Restricted Mode. Please visit https://pymupdf.io/try-pro to request your trial key.
  ❌ FAILED (ing_orangeeveryday_example → commbank_smartaccess_example) at stage 'AiFormatMapping' in 13.1s: Gemini format mapping failed: Gemini Error: API Error (HTTP 400 Bad Request): {
  "error": {
    "code": 400,
    "message": "API key not valid. Please pass a valid API key.",
    "status": "INVALID_ARGUMENT",
    "details": [
      {
        "@type": "type.googleapis.com/google.rpc.ErrorInfo",
        "reason": "API_KEY_INVALID",
        "domain": "googleapis.com",
        "metadata": {
          "service": "generativelanguage.googleapis.com"
        }
      },
      {
        "@type": "type.googleapis.com/google.rpc.LocalizedMessage",
        "locale": "en-US",
        "message": "API key not valid. Please pass a valid API key."
      }
    ]
  }
}

PyMuPDFPro: Restricted Mode. Please visit https://pymupdf.io/try-pro to request your trial key.
PyMuPDFPro: Restricted Mode. Please visit https://pymupdf.io/try-pro to request your trial key.
  ❌ FAILED (fallback → macquarie_example) at stage 'AiFormatMapping' in 13.3s: Gemini format mapping failed: Gemini Error: API Error (HTTP 400 Bad Request): {
  "error": {
    "code": 400,
    "message": "API key not valid. Please pass a valid API key.",
    "status": "INVALID_ARGUMENT",
    "details": [
      {
        "@type": "type.googleapis.com/google.rpc.ErrorInfo",
        "reason": "API_KEY_INVALID",
        "domain": "googleapis.com",
        "metadata": {
          "service": "generativelanguage.googleapis.com"
        }
      },
      {
        "@type": "type.googleapis.com/google.rpc.LocalizedMessage",
        "locale": "en-US",
        "message": "API key not valid. Please pass a valid API key."
      }
    ]
  }
}

PyMuPDFPro: Restricted Mode. Please visit https://pymupdf.io/try-pro to request your trial key.
PyMuPDFPro: Restricted Mode. Please visit https://pymupdf.io/try-pro to request your trial key.
PyMuPDFPro: Restricted Mode. Please visit https://pymupdf.io/try-pro to request your trial key.
PyMuPDFPro: Restricted Mode. Please visit https://pymupdf.io/try-pro to request your trial key.
PyMuPDFPro: Restricted Mode. Please visit https://pymupdf.io/try-pro to request your trial key.
PyMuPDFPro: Restricted Mode. Please visit https://pymupdf.io/try-pro to request your trial key.
PyMuPDFPro: Restricted Mode. Please visit https://pymupdf.io/try-pro to request your trial key.
PyMuPDFPro: Restricted Mode. Please visit https://pymupdf.io/try-pro to request your trial key.
  ❌ FAILED (commbank_smartaccess_example → ing_orangeeveryday_example) at stage 'AiFormatMapping' in 13.5s: Gemini format mapping failed: Gemini Error: API Error (HTTP 400 Bad Request): {
  "error": {
    "code": 400,
    "message": "API key not valid. Please pass a valid API key.",
    "status": "INVALID_ARGUMENT",
    "details": [
      {
        "@type": "type.googleapis.com/google.rpc.ErrorInfo",
        "reason": "API_KEY_INVALID",
        "domain": "googleapis.com",
        "metadata": {
          "service": "generativelanguage.googleapis.com"
        }
      },
      {
        "@type": "type.googleapis.com/google.rpc.LocalizedMessage",
        "locale": "en-US",
        "message": "API key not valid. Please pass a valid API key."
      }
    ]
  }
}

PyMuPDFPro: Restricted Mode. Please visit https://pymupdf.io/try-pro to request your trial key.
PyMuPDFPro: Restricted Mode. Please visit https://pymupdf.io/try-pro to request your trial key.
PyMuPDFPro: Restricted Mode. Please visit https://pymupdf.io/try-pro to request your trial key.
PyMuPDFPro: Restricted Mode. Please visit https://pymupdf.io/try-pro to request your trial key.
  ❌ FAILED (fallback → anz_example) at stage 'AnalyzeTarget' in 13.6s: Target statement has 0 transactions - no layout to map into.
PyMuPDFPro: Restricted Mode. Please visit https://pymupdf.io/try-pro to request your trial key.
PyMuPDFPro: Restricted Mode. Please visit https://pymupdf.io/try-pro to request your trial key.
PyMuPDFPro: Restricted Mode. Please visit https://pymupdf.io/try-pro to request your trial key.
PyMuPDFPro: Restricted Mode. Please visit https://pymupdf.io/try-pro to request your trial key.
PyMuPDFPro: Restricted Mode. Please visit https://pymupdf.io/try-pro to request your trial key.
PyMuPDFPro: Restricted Mode. Please visit https://pymupdf.io/try-pro to request your trial key.
PyMuPDFPro: Restricted Mode. Please visit https://pymupdf.io/try-pro to request your trial key.
PyMuPDFPro: Restricted Mode. Please visit https://pymupdf.io/try-pro to request your trial key.
PyMuPDFPro: Restricted Mode. Please visit https://pymupdf.io/try-pro to request your trial key.
PyMuPDFPro: Restricted Mode. Please visit https://pymupdf.io/try-pro to request your trial key.
PyMuPDFPro: Restricted Mode. Please visit https://pymupdf.io/try-pro to request your trial key.
PyMuPDFPro: Restricted Mode. Please visit https://pymupdf.io/try-pro to request your trial key.
PyMuPDFPro: Restricted Mode. Please visit https://pymupdf.io/try-pro to request your trial key.
PyMuPDFPro: Restricted Mode. Please visit https://pymupdf.io/try-pro to request your trial key.
PyMuPDFPro: Restricted Mode. Please visit https://pymupdf.io/try-pro to request your trial key.
PyMuPDFPro: Restricted Mode. Please visit https://pymupdf.io/try-pro to request your trial key.
PyMuPDFPro: Restricted Mode. Please visit https://pymupdf.io/try-pro to request your trial key.
PyMuPDFPro: Restricted Mode. Please visit https://pymupdf.io/try-pro to request your trial key.
PyMuPDFPro: Restricted Mode. Please visit https://pymupdf.io/try-pro to request your trial key.
PyMuPDFPro: Restricted Mode. Please visit https://pymupdf.io/try-pro to request your trial key.
PyMuPDFPro: Restricted Mode. Please visit https://pymupdf.io/try-pro to request your trial key.
PyMuPDFPro: Restricted Mode. Please visit https://pymupdf.io/try-pro to request your trial key.
PyMuPDFPro: Restricted Mode. Please visit https://pymupdf.io/try-pro to request your trial key.
PyMuPDFPro: Restricted Mode. Please visit https://pymupdf.io/try-pro to request your trial key.
PyMuPDFPro: Restricted Mode. Please visit https://pymupdf.io/try-pro to request your trial key.
PyMuPDFPro: Restricted Mode. Please visit https://pymupdf.io/try-pro to request your trial key.
PyMuPDFPro: Restricted Mode. Please visit https://pymupdf.io/try-pro to request your trial key.
PyMuPDFPro: Restricted Mode. Please visit https://pymupdf.io/try-pro to request your trial key.
PyMuPDFPro: Restricted Mode. Please visit https://pymupdf.io/try-pro to request your trial key.
PyMuPDFPro: Restricted Mode. Please visit https://pymupdf.io/try-pro to request your trial key.
  ❌ FAILED (ing_orangeeveryday_example → fallback) at stage 'AiFormatMapping' in 14.5s: Gemini format mapping failed: Gemini Error: API Error (HTTP 400 Bad Request): {
  "error": {
    "code": 400,
    "message": "API key not valid. Please pass a valid API key.",
    "status": "INVALID_ARGUMENT",
    "details": [
      {
        "@type": "type.googleapis.com/google.rpc.ErrorInfo",
        "reason": "API_KEY_INVALID",
        "domain": "googleapis.com",
        "metadata": {
          "service": "generativelanguage.googleapis.com"
        }
      },
      {
        "@type": "type.googleapis.com/google.rpc.LocalizedMessage",
        "locale": "en-US",
        "message": "API key not valid. Please pass a valid API key."
      }
    ]
  }
}

PyMuPDFPro: Restricted Mode. Please visit https://pymupdf.io/try-pro to request your trial key.
PyMuPDFPro: Restricted Mode. Please visit https://pymupdf.io/try-pro to request your trial key.
PyMuPDFPro: Restricted Mode. Please visit https://pymupdf.io/try-pro to request your trial key.
PyMuPDFPro: Restricted Mode. Please visit https://pymupdf.io/try-pro to request your trial key.
PyMuPDFPro: Restricted Mode. Please visit https://pymupdf.io/try-pro to request your trial key.
PyMuPDFPro: Restricted Mode. Please visit https://pymupdf.io/try-pro to request your trial key.
PyMuPDFPro: Restricted Mode. Please visit https://pymupdf.io/try-pro to request your trial key.
PyMuPDFPro: Restricted Mode. Please visit https://pymupdf.io/try-pro to request your trial key.
PyMuPDFPro: Restricted Mode. Please visit https://pymupdf.io/try-pro to request your trial key.
PyMuPDFPro: Restricted Mode. Please visit https://pymupdf.io/try-pro to request your trial key.
PyMuPDFPro: Restricted Mode. Please visit https://pymupdf.io/try-pro to request your trial key.
PyMuPDFPro: Restricted Mode. Please visit https://pymupdf.io/try-pro to request your trial key.
PyMuPDFPro: Restricted Mode. Please visit https://pymupdf.io/try-pro to request your trial key.
PyMuPDFPro: Restricted Mode. Please visit https://pymupdf.io/try-pro to request your trial key.
PyMuPDFPro: Restricted Mode. Please visit https://pymupdf.io/try-pro to request your trial key.
PyMuPDFPro: Restricted Mode. Please visit https://pymupdf.io/try-pro to request your trial key.
PyMuPDFPro: Restricted Mode. Please visit https://pymupdf.io/try-pro to request your trial key.
PyMuPDFPro: Restricted Mode. Please visit https://pymupdf.io/try-pro to request your trial key.
PyMuPDFPro: Restricted Mode. Please visit https://pymupdf.io/try-pro to request your trial key.
PyMuPDFPro: Restricted Mode. Please visit https://pymupdf.io/try-pro to request your trial key.
PyMuPDFPro: Restricted Mode. Please visit https://pymupdf.io/try-pro to request your trial key.
PyMuPDFPro: Restricted Mode. Please visit https://pymupdf.io/try-pro to request your trial key.
  ❌ FAILED (bankwest_example → ing_orangeeveryday_example) at stage 'AiFormatMapping' in 14.8s: Gemini format mapping failed: Gemini Error: API Error (HTTP 400 Bad Request): {
  "error": {
    "code": 400,
    "message": "API key not valid. Please pass a valid API key.",
    "status": "INVALID_ARGUMENT",
    "details": [
      {
        "@type": "type.googleapis.com/google.rpc.ErrorInfo",
        "reason": "API_KEY_INVALID",
        "domain": "googleapis.com",
        "metadata": {
          "service": "generativelanguage.googleapis.com"
        }
      },
      {
        "@type": "type.googleapis.com/google.rpc.LocalizedMessage",
        "locale": "en-US",
        "message": "API key not valid. Please pass a valid API key."
      }
    ]
  }
}

PyMuPDFPro: Restricted Mode. Please visit https://pymupdf.io/try-pro to request your trial key.
PyMuPDFPro: Restricted Mode. Please visit https://pymupdf.io/try-pro to request your trial key.
PyMuPDFPro: Restricted Mode. Please visit https://pymupdf.io/try-pro to request your trial key.
PyMuPDFPro: Restricted Mode. Please visit https://pymupdf.io/try-pro to request your trial key.
PyMuPDFPro: Restricted Mode. Please visit https://pymupdf.io/try-pro to request your trial key.
PyMuPDFPro: Restricted Mode. Please visit https://pymupdf.io/try-pro to request your trial key.
PyMuPDFPro: Restricted Mode. Please visit https://pymupdf.io/try-pro to request your trial key.
PyMuPDFPro: Restricted Mode. Please visit https://pymupdf.io/try-pro to request your trial key.
PyMuPDFPro: Restricted Mode. Please visit https://pymupdf.io/try-pro to request your trial key.
PyMuPDFPro: Restricted Mode. Please visit https://pymupdf.io/try-pro to request your trial key.
PyMuPDFPro: Restricted Mode. Please visit https://pymupdf.io/try-pro to request your trial key.
PyMuPDFPro: Restricted Mode. Please visit https://pymupdf.io/try-pro to request your trial key.
  ❌ FAILED (westpac_choicebasic_example → commbank_smartaccess_example) at stage 'AiFormatMapping' in 15.0s: Gemini format mapping failed: Gemini Error: API Error (HTTP 400 Bad Request): {
  "error": {
    "code": 400,
    "message": "API key not valid. Please pass a valid API key.",
    "status": "INVALID_ARGUMENT",
    "details": [
      {
        "@type": "type.googleapis.com/google.rpc.ErrorInfo",
        "reason": "API_KEY_INVALID",
        "domain": "googleapis.com",
        "metadata": {
          "service": "generativelanguage.googleapis.com"
        }
      },
      {
        "@type": "type.googleapis.com/google.rpc.LocalizedMessage",
        "locale": "en-US",
        "message": "API key not valid. Please pass a valid API key."
      }
    ]
  }
}

PyMuPDFPro: Restricted Mode. Please visit https://pymupdf.io/try-pro to request your trial key.
PyMuPDFPro: Restricted Mode. Please visit https://pymupdf.io/try-pro to request your trial key.
PyMuPDFPro: Restricted Mode. Please visit https://pymupdf.io/try-pro to request your trial key.
PyMuPDFPro: Restricted Mode. Please visit https://pymupdf.io/try-pro to request your trial key.
PyMuPDFPro: Restricted Mode. Please visit https://pymupdf.io/try-pro to request your trial key.
PyMuPDFPro: Restricted Mode. Please visit https://pymupdf.io/try-pro to request your trial key.
PyMuPDFPro: Restricted Mode. Please visit https://pymupdf.io/try-pro to request your trial key.
PyMuPDFPro: Restricted Mode. Please visit https://pymupdf.io/try-pro to request your trial key.
  ❌ FAILED (ing_orangeeveryday_example → anz_example) at stage 'AnalyzeTarget' in 15.1s: Target statement has 0 transactions - no layout to map into.
  ❌ FAILED (macquarie_example → westpac_choicebasic_example) at stage 'AiFormatMapping' in 15.1s: Gemini format mapping failed: Gemini Error: API Error (HTTP 400 Bad Request): {
  "error": {
    "code": 400,
    "message": "API key not valid. Please pass a valid API key.",
    "status": "INVALID_ARGUMENT",
    "details": [
      {
        "@type": "type.googleapis.com/google.rpc.ErrorInfo",
        "reason": "API_KEY_INVALID",
        "domain": "googleapis.com",
        "metadata": {
          "service": "generativelanguage.googleapis.com"
        }
      },
      {
        "@type": "type.googleapis.com/google.rpc.LocalizedMessage",
        "locale": "en-US",
        "message": "API key not valid. Please pass a valid API key."
      }
    ]
  }
}

PyMuPDFPro: Restricted Mode. Please visit https://pymupdf.io/try-pro to request your trial key.
PyMuPDFPro: Restricted Mode. Please visit https://pymupdf.io/try-pro to request your trial key.
PyMuPDFPro: Restricted Mode. Please visit https://pymupdf.io/try-pro to request your trial key.
PyMuPDFPro: Restricted Mode. Please visit https://pymupdf.io/try-pro to request your trial key.
  ❌ FAILED (fallback → commbank_smartaccess_example) at stage 'AiFormatMapping' in 15.2s: Gemini format mapping failed: Gemini Error: API Error (HTTP 400 Bad Request): {
  "error": {
    "code": 400,
    "message": "API key not valid. Please pass a valid API key.",
    "status": "INVALID_ARGUMENT",
    "details": [
      {
        "@type": "type.googleapis.com/google.rpc.ErrorInfo",
        "reason": "API_KEY_INVALID",
        "domain": "googleapis.com",
        "metadata": {
          "service": "generativelanguage.googleapis.com"
        }
      },
      {
        "@type": "type.googleapis.com/google.rpc.LocalizedMessage",
        "locale": "en-US",
        "message": "API key not valid. Please pass a valid API key."
      }
    ]
  }
}

  ❌ FAILED (ing_orangeeveryday_example → macquarie_example) at stage 'AiFormatMapping' in 15.2s: Gemini format mapping failed: Gemini Error: API Error (HTTP 400 Bad Request): {
  "error": {
    "code": 400,
    "message": "API key not valid. Please pass a valid API key.",
    "status": "INVALID_ARGUMENT",
    "details": [
      {
        "@type": "type.googleapis.com/google.rpc.ErrorInfo",
        "reason": "API_KEY_INVALID",
        "domain": "googleapis.com",
        "metadata": {
          "service": "generativelanguage.googleapis.com"
        }
      },
      {
        "@type": "type.googleapis.com/google.rpc.LocalizedMessage",
        "locale": "en-US",
        "message": "API key not valid. Please pass a valid API key."
      }
    ]
  }
}

PyMuPDFPro: Restricted Mode. Please visit https://pymupdf.io/try-pro to request your trial key.
PyMuPDFPro: Restricted Mode. Please visit https://pymupdf.io/try-pro to request your trial key.
PyMuPDFPro: Restricted Mode. Please visit https://pymupdf.io/try-pro to request your trial key.
PyMuPDFPro: Restricted Mode. Please visit https://pymupdf.io/try-pro to request your trial key.
PyMuPDFPro: Restricted Mode. Please visit https://pymupdf.io/try-pro to request your trial key.
PyMuPDFPro: Restricted Mode. Please visit https://pymupdf.io/try-pro to request your trial key.
PyMuPDFPro: Restricted Mode. Please visit https://pymupdf.io/try-pro to request your trial key.
  ❌ FAILED (commbank_smartaccess_example → westpac_choicebasic_example) at stage 'AiFormatMapping' in 15.3s: Gemini format mapping failed: Gemini Error: API Error (HTTP 400 Bad Request): {
  "error": {
    "code": 400,
    "message": "API key not valid. Please pass a valid API key.",
    "status": "INVALID_ARGUMENT",
    "details": [
      {
        "@type": "type.googleapis.com/google.rpc.ErrorInfo",
        "reason": "API_KEY_INVALID",
        "domain": "googleapis.com",
        "metadata": {
          "service": "generativelanguage.googleapis.com"
        }
      },
      {
        "@type": "type.googleapis.com/google.rpc.LocalizedMessage",
        "locale": "en-US",
        "message": "API key not valid. Please pass a valid API key."
      }
    ]
  }
}

PyMuPDFPro: Restricted Mode. Please visit https://pymupdf.io/try-pro to request your trial key.
  ❌ FAILED (bankwest_example → westpac_choicebasic_example) at stage 'AiFormatMapping' in 15.3s: Gemini format mapping failed: Gemini Error: API Error (HTTP 400 Bad Request): {
  "error": {
    "code": 400,
    "message": "API key not valid. Please pass a valid API key.",
    "status": "INVALID_ARGUMENT",
    "details": [
      {
        "@type": "type.googleapis.com/google.rpc.ErrorInfo",
        "reason": "API_KEY_INVALID",
        "domain": "googleapis.com",
        "metadata": {
          "service": "generativelanguage.googleapis.com"
        }
      },
      {
        "@type": "type.googleapis.com/google.rpc.LocalizedMessage",
        "locale": "en-US",
        "message": "API key not valid. Please pass a valid API key."
      }
    ]
  }
}

PyMuPDFPro: Restricted Mode. Please visit https://pymupdf.io/try-pro to request your trial key.
PyMuPDFPro: Restricted Mode. Please visit https://pymupdf.io/try-pro to request your trial key.
PyMuPDFPro: Restricted Mode. Please visit https://pymupdf.io/try-pro to request your trial key.
PyMuPDFPro: Restricted Mode. Please visit https://pymupdf.io/try-pro to request your trial key.
PyMuPDFPro: Restricted Mode. Please visit https://pymupdf.io/try-pro to request your trial key.
  ❌ FAILED (westpac_choicebasic_example → bankwest_example) at stage 'AiFormatMapping' in 15.3s: Gemini format mapping failed: Gemini Error: API Error (HTTP 400 Bad Request): {
  "error": {
    "code": 400,
    "message": "API key not valid. Please pass a valid API key.",
    "status": "INVALID_ARGUMENT",
    "details": [
      {
        "@type": "type.googleapis.com/google.rpc.ErrorInfo",
        "reason": "API_KEY_INVALID",
        "domain": "googleapis.com",
        "metadata": {
          "service": "generativelanguage.googleapis.com"
        }
      },
      {
        "@type": "type.googleapis.com/google.rpc.LocalizedMessage",
        "locale": "en-US",
        "message": "API key not valid. Please pass a valid API key."
      }
    ]
  }
}

PyMuPDFPro: Restricted Mode. Please visit https://pymupdf.io/try-pro to request your trial key.
PyMuPDFPro: Restricted Mode. Please visit https://pymupdf.io/try-pro to request your trial key.
PyMuPDFPro: Restricted Mode. Please visit https://pymupdf.io/try-pro to request your trial key.
PyMuPDFPro: Restricted Mode. Please visit https://pymupdf.io/try-pro to request your trial key.
PyMuPDFPro: Restricted Mode. Please visit https://pymupdf.io/try-pro to request your trial key.
PyMuPDFPro: Restricted Mode. Please visit https://pymupdf.io/try-pro to request your trial key.
PyMuPDFPro: Restricted Mode. Please visit https://pymupdf.io/try-pro to request your trial key.
PyMuPDFPro: Restricted Mode. Please visit https://pymupdf.io/try-pro to request your trial key.
PyMuPDFPro: Restricted Mode. Please visit https://pymupdf.io/try-pro to request your trial key.
PyMuPDFPro: Restricted Mode. Please visit https://pymupdf.io/try-pro to request your trial key.
PyMuPDFPro: Restricted Mode. Please visit https://pymupdf.io/try-pro to request your trial key.
PyMuPDFPro: Restricted Mode. Please visit https://pymupdf.io/try-pro to request your trial key.
PyMuPDFPro: Restricted Mode. Please visit https://pymupdf.io/try-pro to request your trial key.
PyMuPDFPro: Restricted Mode. Please visit https://pymupdf.io/try-pro to request your trial key.
PyMuPDFPro: Restricted Mode. Please visit https://pymupdf.io/try-pro to request your trial key.
PyMuPDFPro: Restricted Mode. Please visit https://pymupdf.io/try-pro to request your trial key.
PyMuPDFPro: Restricted Mode. Please visit https://pymupdf.io/try-pro to request your trial key.
PyMuPDFPro: Restricted Mode. Please visit https://pymupdf.io/try-pro to request your trial key.
PyMuPDFPro: Restricted Mode. Please visit https://pymupdf.io/try-pro to request your trial key.
PyMuPDFPro: Restricted Mode. Please visit https://pymupdf.io/try-pro to request your trial key.
PyMuPDFPro: Restricted Mode. Please visit https://pymupdf.io/try-pro to request your trial key.
PyMuPDFPro: Restricted Mode. Please visit https://pymupdf.io/try-pro to request your trial key.
PyMuPDFPro: Restricted Mode. Please visit https://pymupdf.io/try-pro to request your trial key.
PyMuPDFPro: Restricted Mode. Please visit https://pymupdf.io/try-pro to request your trial key.
PyMuPDFPro: Restricted Mode. Please visit https://pymupdf.io/try-pro to request your trial key.
PyMuPDFPro: Restricted Mode. Please visit https://pymupdf.io/try-pro to request your trial key.
PyMuPDFPro: Restricted Mode. Please visit https://pymupdf.io/try-pro to request your trial key.
PyMuPDFPro: Restricted Mode. Please visit https://pymupdf.io/try-pro to request your trial key.
PyMuPDFPro: Restricted Mode. Please visit https://pymupdf.io/try-pro to request your trial key.
PyMuPDFPro: Restricted Mode. Please visit https://pymupdf.io/try-pro to request your trial key.
PyMuPDFPro: Restricted Mode. Please visit https://pymupdf.io/try-pro to request your trial key.
PyMuPDFPro: Restricted Mode. Please visit https://pymupdf.io/try-pro to request your trial key.
PyMuPDFPro: Restricted Mode. Please visit https://pymupdf.io/try-pro to request your trial key.
PyMuPDFPro: Restricted Mode. Please visit https://pymupdf.io/try-pro to request your trial key.
  ❌ FAILED (fallback → ing_orangeeveryday_example) at stage 'AiFormatMapping' in 15.8s: Gemini format mapping failed: Gemini Error: API Error (HTTP 400 Bad Request): {
  "error": {
    "code": 400,
    "message": "API key not valid. Please pass a valid API key.",
    "status": "INVALID_ARGUMENT",
    "details": [
      {
        "@type": "type.googleapis.com/google.rpc.ErrorInfo",
        "reason": "API_KEY_INVALID",
        "domain": "googleapis.com",
        "metadata": {
          "service": "generativelanguage.googleapis.com"
        }
      },
      {
        "@type": "type.googleapis.com/google.rpc.LocalizedMessage",
        "locale": "en-US",
        "message": "API key not valid. Please pass a valid API key."
      }
    ]
  }
}

  ❌ FAILED (westpac_choicebasic_example → macquarie_example) at stage 'AiFormatMapping' in 15.9s: Gemini format mapping failed: Gemini Error: API Error (HTTP 400 Bad Request): {
  "error": {
    "code": 400,
    "message": "API key not valid. Please pass a valid API key.",
    "status": "INVALID_ARGUMENT",
    "details": [
      {
        "@type": "type.googleapis.com/google.rpc.ErrorInfo",
        "reason": "API_KEY_INVALID",
        "domain": "googleapis.com",
        "metadata": {
          "service": "generativelanguage.googleapis.com"
        }
      },
      {
        "@type": "type.googleapis.com/google.rpc.LocalizedMessage",
        "locale": "en-US",
        "message": "API key not valid. Please pass a valid API key."
      }
    ]
  }
}

PyMuPDFPro: Restricted Mode. Please visit https://pymupdf.io/try-pro to request your trial key.
PyMuPDFPro: Restricted Mode. Please visit https://pymupdf.io/try-pro to request your trial key.
PyMuPDFPro: Restricted Mode. Please visit https://pymupdf.io/try-pro to request your trial key.
PyMuPDFPro: Restricted Mode. Please visit https://pymupdf.io/try-pro to request your trial key.
PyMuPDFPro: Restricted Mode. Please visit https://pymupdf.io/try-pro to request your trial key.
PyMuPDFPro: Restricted Mode. Please visit https://pymupdf.io/try-pro to request your trial key.
PyMuPDFPro: Restricted Mode. Please visit https://pymupdf.io/try-pro to request your trial key.
  ❌ FAILED (fallback → westpac_choicebasic_example) at stage 'AiFormatMapping' in 16.0s: Gemini format mapping failed: Gemini Error: API Error (HTTP 400 Bad Request): {
  "error": {
    "code": 400,
    "message": "API key not valid. Please pass a valid API key.",
    "status": "INVALID_ARGUMENT",
    "details": [
      {
        "@type": "type.googleapis.com/google.rpc.ErrorInfo",
        "reason": "API_KEY_INVALID",
        "domain": "googleapis.com",
        "metadata": {
          "service": "generativelanguage.googleapis.com"
        }
      },
      {
        "@type": "type.googleapis.com/google.rpc.LocalizedMessage",
        "locale": "en-US",
        "message": "API key not valid. Please pass a valid API key."
      }
    ]
  }
}

  ❌ FAILED (westpac_choicebasic_example → anz_example) at stage 'AnalyzeTarget' in 16.0s: Target statement has 0 transactions - no layout to map into.
  ❌ FAILED (westpac_choicebasic_example → ing_orangeeveryday_example) at stage 'AiFormatMapping' in 16.0s: Gemini format mapping failed: Gemini Error: API Error (HTTP 400 Bad Request): {
  "error": {
    "code": 400,
    "message": "API key not valid. Please pass a valid API key.",
    "status": "INVALID_ARGUMENT",
    "details": [
      {
        "@type": "type.googleapis.com/google.rpc.ErrorInfo",
        "reason": "API_KEY_INVALID",
        "domain": "googleapis.com",
        "metadata": {
          "service": "generativelanguage.googleapis.com"
        }
      },
      {
        "@type": "type.googleapis.com/google.rpc.LocalizedMessage",
        "locale": "en-US",
        "message": "API key not valid. Please pass a valid API key."
      }
    ]
  }
}

  ❌ FAILED (ing_orangeeveryday_example → westpac_choicebasic_example) at stage 'AiFormatMapping' in 16.0s: Gemini format mapping failed: Gemini Error: API Error (HTTP 400 Bad Request): {
  "error": {
    "code": 400,
    "message": "API key not valid. Please pass a valid API key.",
    "status": "INVALID_ARGUMENT",
    "details": [
      {
        "@type": "type.googleapis.com/google.rpc.ErrorInfo",
        "reason": "API_KEY_INVALID",
        "domain": "googleapis.com",
        "metadata": {
          "service": "generativelanguage.googleapis.com"
        }
      },
      {
        "@type": "type.googleapis.com/google.rpc.LocalizedMessage",
        "locale": "en-US",
        "message": "API key not valid. Please pass a valid API key."
      }
    ]
  }
}

PyMuPDFPro: Restricted Mode. Please visit https://pymupdf.io/try-pro to request your trial key.
PyMuPDFPro: Restricted Mode. Please visit https://pymupdf.io/try-pro to request your trial key.
PyMuPDFPro: Restricted Mode. Please visit https://pymupdf.io/try-pro to request your trial key.
PyMuPDFPro: Restricted Mode. Please visit https://pymupdf.io/try-pro to request your trial key.
  ❌ FAILED (westpac_choicebasic_example → fallback) at stage 'AiFormatMapping' in 16.4s: Gemini format mapping failed: Gemini Error: API Error (HTTP 400 Bad Request): {
  "error": {
    "code": 400,
    "message": "API key not valid. Please pass a valid API key.",
    "status": "INVALID_ARGUMENT",
    "details": [
      {
        "@type": "type.googleapis.com/google.rpc.ErrorInfo",
        "reason": "API_KEY_INVALID",
        "domain": "googleapis.com",
        "metadata": {
          "service": "generativelanguage.googleapis.com"
        }
      },
      {
        "@type": "type.googleapis.com/google.rpc.LocalizedMessage",
        "locale": "en-US",
        "message": "API key not valid. Please pass a valid API key."
      }
    ]
  }
}


╔══════════════════════════════════════════════════════════════╗
║  STRESS TEST SUMMARY                                       ║
╠══════════════════════════════════════════════════════════════╣
║  Total pairs: 42   | Passed: 0    | Failed: 42             ║
║  Total time:  16s                                         ║
╠══════════════════════════════════════════════════════════════╣
║              TARGET → │ anz_ bank comm fall ing_ macq west  ║
║  ─────────────────────┼─────────────────────────────────────║
║           anz_example │    ·    ✗    ✗    ✗    ✗    ✗    ✗  ║
║      bankwest_example │    ✗    ·    ✗    ✗    ✗    ✗    ✗  ║
║  commbank_smartaccess │    ✗    ✗    ·    ✗    ✗    ✗    ✗  ║
║              fallback │    ✗    ✗    ✗    ·    ✗    ✗    ✗  ║
║  ing_orangeeveryday_e │    ✗    ✗    ✗    ✗    ·    ✗    ✗  ║
║     macquarie_example │    ✗    ✗    ✗    ✗    ✗    ·    ✗  ║
║  westpac_choicebasic_ │    ✗    ✗    ✗    ✗    ✗    ✗    ·  ║
╚══════════════════════════════════════════════════════════════╝

Report written to: audit/transfer_tests/stress_test_20260721_060054.json

── FAILURES ─────────────────────────────────────────────────
  anz_example → bankwest_example: [AnalyzeSource] Source statement has 0 transactions - nothing to transfer.
  anz_example → commbank_smartaccess_example: [AnalyzeSource] Source statement has 0 transactions - nothing to transfer.
  anz_example → fallback: [AnalyzeSource] Source statement has 0 transactions - nothing to transfer.
  anz_example → ing_orangeeveryday_example: [AnalyzeSource] Source statement has 0 transactions - nothing to transfer.
  anz_example → macquarie_example: [AnalyzeSource] Source statement has 0 transactions - nothing to transfer.
  anz_example → westpac_choicebasic_example: [AnalyzeSource] Source statement has 0 transactions - nothing to transfer.
  bankwest_example → anz_example: [AnalyzeTarget] Target statement has 0 transactions - no layout to map into.
  bankwest_example → commbank_smartaccess_example: [AiFormatMapping] Gemini format mapping failed: Gemini Error: API Error (HTTP 400 Bad Request): {
  "error": {
    "code": 400,
    "message": "API key not valid. Please pass a valid API key.",
    "status": "INVALID_ARGUMENT",
    "details": [
      {
        "@type": "type.googleapis.com/google.rpc.ErrorInfo",
        "reason": "API_KEY_INVALID",
        "domain": "googleapis.com",
        "metadata": {
          "service": "generativelanguage.googleapis.com"
        }
      },
      {
        "@type": "type.googleapis.com/google.rpc.LocalizedMessage",
        "locale": "en-US",
        "message": "API key not valid. Please pass a valid API key."
      }
    ]
  }
}

  bankwest_example → fallback: [AiFormatMapping] Gemini format mapping failed: Gemini Error: API Error (HTTP 400 Bad Request): {
  "error": {
    "code": 400,
    "message": "API key not valid. Please pass a valid API key.",
    "status": "INVALID_ARGUMENT",
    "details": [
      {
        "@type": "type.googleapis.com/google.rpc.ErrorInfo",
        "reason": "API_KEY_INVALID",
        "domain": "googleapis.com",
        "metadata": {
          "service": "generativelanguage.googleapis.com"
        }
      },
      {
        "@type": "type.googleapis.com/google.rpc.LocalizedMessage",
        "locale": "en-US",
        "message": "API key not valid. Please pass a valid API key."
      }
    ]
  }
}

  bankwest_example → ing_orangeeveryday_example: [AiFormatMapping] Gemini format mapping failed: Gemini Error: API Error (HTTP 400 Bad Request): {
  "error": {
    "code": 400,
    "message": "API key not valid. Please pass a valid API key.",
    "status": "INVALID_ARGUMENT",
    "details": [
      {
        "@type": "type.googleapis.com/google.rpc.ErrorInfo",
        "reason": "API_KEY_INVALID",
        "domain": "googleapis.com",
        "metadata": {
          "service": "generativelanguage.googleapis.com"
        }
      },
      {
        "@type": "type.googleapis.com/google.rpc.LocalizedMessage",
        "locale": "en-US",
        "message": "API key not valid. Please pass a valid API key."
      }
    ]
  }
}

  bankwest_example → macquarie_example: [AiFormatMapping] Gemini format mapping failed: Gemini Error: API Error (HTTP 400 Bad Request): {
  "error": {
    "code": 400,
    "message": "API key not valid. Please pass a valid API key.",
    "status": "INVALID_ARGUMENT",
    "details": [
      {
        "@type": "type.googleapis.com/google.rpc.ErrorInfo",
        "reason": "API_KEY_INVALID",
        "domain": "googleapis.com",
        "metadata": {
          "service": "generativelanguage.googleapis.com"
        }
      },
      {
        "@type": "type.googleapis.com/google.rpc.LocalizedMessage",
        "locale": "en-US",
        "message": "API key not valid. Please pass a valid API key."
      }
    ]
  }
}

  bankwest_example → westpac_choicebasic_example: [AiFormatMapping] Gemini format mapping failed: Gemini Error: API Error (HTTP 400 Bad Request): {
  "error": {
    "code": 400,
    "message": "API key not valid. Please pass a valid API key.",
    "status": "INVALID_ARGUMENT",
    "details": [
      {
        "@type": "type.googleapis.com/google.rpc.ErrorInfo",
        "reason": "API_KEY_INVALID",
        "domain": "googleapis.com",
        "metadata": {
          "service": "generativelanguage.googleapis.com"
        }
      },
      {
        "@type": "type.googleapis.com/google.rpc.LocalizedMessage",
        "locale": "en-US",
        "message": "API key not valid. Please pass a valid API key."
      }
    ]
  }
}

  commbank_smartaccess_example → anz_example: [AnalyzeTarget] Target statement has 0 transactions - no layout to map into.
  commbank_smartaccess_example → bankwest_example: [AiFormatMapping] Gemini format mapping failed: Gemini Error: API Error (HTTP 400 Bad Request): {
  "error": {
    "code": 400,
    "message": "API key not valid. Please pass a valid API key.",
    "status": "INVALID_ARGUMENT",
    "details": [
      {
        "@type": "type.googleapis.com/google.rpc.ErrorInfo",
        "reason": "API_KEY_INVALID",
        "domain": "googleapis.com",
        "metadata": {
          "service": "generativelanguage.googleapis.com"
        }
      },
      {
        "@type": "type.googleapis.com/google.rpc.LocalizedMessage",
        "locale": "en-US",
        "message": "API key not valid. Please pass a valid API key."
      }
    ]
  }
}

  commbank_smartaccess_example → fallback: [AiFormatMapping] Gemini format mapping failed: Gemini Error: API Error (HTTP 400 Bad Request): {
  "error": {
    "code": 400,
    "message": "API key not valid. Please pass a valid API key.",
    "status": "INVALID_ARGUMENT",
    "details": [
      {
        "@type": "type.googleapis.com/google.rpc.ErrorInfo",
        "reason": "API_KEY_INVALID",
        "domain": "googleapis.com",
        "metadata": {
          "service": "generativelanguage.googleapis.com"
        }
      },
      {
        "@type": "type.googleapis.com/google.rpc.LocalizedMessage",
        "locale": "en-US",
        "message": "API key not valid. Please pass a valid API key."
      }
    ]
  }
}

  commbank_smartaccess_example → ing_orangeeveryday_example: [AiFormatMapping] Gemini format mapping failed: Gemini Error: API Error (HTTP 400 Bad Request): {
  "error": {
    "code": 400,
    "message": "API key not valid. Please pass a valid API key.",
    "status": "INVALID_ARGUMENT",
    "details": [
      {
        "@type": "type.googleapis.com/google.rpc.ErrorInfo",
        "reason": "API_KEY_INVALID",
        "domain": "googleapis.com",
        "metadata": {
          "service": "generativelanguage.googleapis.com"
        }
      },
      {
        "@type": "type.googleapis.com/google.rpc.LocalizedMessage",
        "locale": "en-US",
        "message": "API key not valid. Please pass a valid API key."
      }
    ]
  }
}

  commbank_smartaccess_example → macquarie_example: [AiFormatMapping] Gemini format mapping failed: Gemini Error: API Error (HTTP 400 Bad Request): {
  "error": {
    "code": 400,
    "message": "API key not valid. Please pass a valid API key.",
    "status": "INVALID_ARGUMENT",
    "details": [
      {
        "@type": "type.googleapis.com/google.rpc.ErrorInfo",
        "reason": "API_KEY_INVALID",
        "domain": "googleapis.com",
        "metadata": {
          "service": "generativelanguage.googleapis.com"
        }
      },
      {
        "@type": "type.googleapis.com/google.rpc.LocalizedMessage",
        "locale": "en-US",
        "message": "API key not valid. Please pass a valid API key."
      }
    ]
  }
}

  commbank_smartaccess_example → westpac_choicebasic_example: [AiFormatMapping] Gemini format mapping failed: Gemini Error: API Error (HTTP 400 Bad Request): {
  "error": {
    "code": 400,
    "message": "API key not valid. Please pass a valid API key.",
    "status": "INVALID_ARGUMENT",
    "details": [
      {
        "@type": "type.googleapis.com/google.rpc.ErrorInfo",
        "reason": "API_KEY_INVALID",
        "domain": "googleapis.com",
        "metadata": {
          "service": "generativelanguage.googleapis.com"
        }
      },
      {
        "@type": "type.googleapis.com/google.rpc.LocalizedMessage",
        "locale": "en-US",
        "message": "API key not valid. Please pass a valid API key."
      }
    ]
  }
}

  fallback → anz_example: [AnalyzeTarget] Target statement has 0 transactions - no layout to map into.
  fallback → bankwest_example: [AiFormatMapping] Gemini format mapping failed: Gemini Error: API Error (HTTP 400 Bad Request): {
  "error": {
    "code": 400,
    "message": "API key not valid. Please pass a valid API key.",
    "status": "INVALID_ARGUMENT",
    "details": [
      {
        "@type": "type.googleapis.com/google.rpc.ErrorInfo",
        "reason": "API_KEY_INVALID",
        "domain": "googleapis.com",
        "metadata": {
          "service": "generativelanguage.googleapis.com"
        }
      },
      {
        "@type": "type.googleapis.com/google.rpc.LocalizedMessage",
        "locale": "en-US",
        "message": "API key not valid. Please pass a valid API key."
      }
    ]
  }
}

  fallback → commbank_smartaccess_example: [AiFormatMapping] Gemini format mapping failed: Gemini Error: API Error (HTTP 400 Bad Request): {
  "error": {
    "code": 400,
    "message": "API key not valid. Please pass a valid API key.",
    "status": "INVALID_ARGUMENT",
    "details": [
      {
        "@type": "type.googleapis.com/google.rpc.ErrorInfo",
        "reason": "API_KEY_INVALID",
        "domain": "googleapis.com",
        "metadata": {
          "service": "generativelanguage.googleapis.com"
        }
      },
      {
        "@type": "type.googleapis.com/google.rpc.LocalizedMessage",
        "locale": "en-US",
        "message": "API key not valid. Please pass a valid API key."
      }
    ]
  }
}

  fallback → ing_orangeeveryday_example: [AiFormatMapping] Gemini format mapping failed: Gemini Error: API Error (HTTP 400 Bad Request): {
  "error": {
    "code": 400,
    "message": "API key not valid. Please pass a valid API key.",
    "status": "INVALID_ARGUMENT",
    "details": [
      {
        "@type": "type.googleapis.com/google.rpc.ErrorInfo",
        "reason": "API_KEY_INVALID",
        "domain": "googleapis.com",
        "metadata": {
          "service": "generativelanguage.googleapis.com"
        }
      },
      {
        "@type": "type.googleapis.com/google.rpc.LocalizedMessage",
        "locale": "en-US",
        "message": "API key not valid. Please pass a valid API key."
      }
    ]
  }
}

  fallback → macquarie_example: [AiFormatMapping] Gemini format mapping failed: Gemini Error: API Error (HTTP 400 Bad Request): {
  "error": {
    "code": 400,
    "message": "API key not valid. Please pass a valid API key.",
    "status": "INVALID_ARGUMENT",
    "details": [
      {
        "@type": "type.googleapis.com/google.rpc.ErrorInfo",
        "reason": "API_KEY_INVALID",
        "domain": "googleapis.com",
        "metadata": {
          "service": "generativelanguage.googleapis.com"
        }
      },
      {
        "@type": "type.googleapis.com/google.rpc.LocalizedMessage",
        "locale": "en-US",
        "message": "API key not valid. Please pass a valid API key."
      }
    ]
  }
}

  fallback → westpac_choicebasic_example: [AiFormatMapping] Gemini format mapping failed: Gemini Error: API Error (HTTP 400 Bad Request): {
  "error": {
    "code": 400,
    "message": "API key not valid. Please pass a valid API key.",
    "status": "INVALID_ARGUMENT",
    "details": [
      {
        "@type": "type.googleapis.com/google.rpc.ErrorInfo",
        "reason": "API_KEY_INVALID",
        "domain": "googleapis.com",
        "metadata": {
          "service": "generativelanguage.googleapis.com"
        }
      },
      {
        "@type": "type.googleapis.com/google.rpc.LocalizedMessage",
        "locale": "en-US",
        "message": "API key not valid. Please pass a valid API key."
      }
    ]
  }
}

  ing_orangeeveryday_example → anz_example: [AnalyzeTarget] Target statement has 0 transactions - no layout to map into.
  ing_orangeeveryday_example → bankwest_example: [AiFormatMapping] Gemini format mapping failed: Gemini Error: API Error (HTTP 400 Bad Request): {
  "error": {
    "code": 400,
    "message": "API key not valid. Please pass a valid API key.",
    "status": "INVALID_ARGUMENT",
    "details": [
      {
        "@type": "type.googleapis.com/google.rpc.ErrorInfo",
        "reason": "API_KEY_INVALID",
        "domain": "googleapis.com",
        "metadata": {
          "service": "generativelanguage.googleapis.com"
        }
      },
      {
        "@type": "type.googleapis.com/google.rpc.LocalizedMessage",
        "locale": "en-US",
        "message": "API key not valid. Please pass a valid API key."
      }
    ]
  }
}

  ing_orangeeveryday_example → commbank_smartaccess_example: [AiFormatMapping] Gemini format mapping failed: Gemini Error: API Error (HTTP 400 Bad Request): {
  "error": {
    "code": 400,
    "message": "API key not valid. Please pass a valid API key.",
    "status": "INVALID_ARGUMENT",
    "details": [
      {
        "@type": "type.googleapis.com/google.rpc.ErrorInfo",
        "reason": "API_KEY_INVALID",
        "domain": "googleapis.com",
        "metadata": {
          "service": "generativelanguage.googleapis.com"
        }
      },
      {
        "@type": "type.googleapis.com/google.rpc.LocalizedMessage",
        "locale": "en-US",
        "message": "API key not valid. Please pass a valid API key."
      }
    ]
  }
}

  ing_orangeeveryday_example → fallback: [AiFormatMapping] Gemini format mapping failed: Gemini Error: API Error (HTTP 400 Bad Request): {
  "error": {
    "code": 400,
    "message": "API key not valid. Please pass a valid API key.",
    "status": "INVALID_ARGUMENT",
    "details": [
      {
        "@type": "type.googleapis.com/google.rpc.ErrorInfo",
        "reason": "API_KEY_INVALID",
        "domain": "googleapis.com",
        "metadata": {
          "service": "generativelanguage.googleapis.com"
        }
      },
      {
        "@type": "type.googleapis.com/google.rpc.LocalizedMessage",
        "locale": "en-US",
        "message": "API key not valid. Please pass a valid API key."
      }
    ]
  }
}

  ing_orangeeveryday_example → macquarie_example: [AiFormatMapping] Gemini format mapping failed: Gemini Error: API Error (HTTP 400 Bad Request): {
  "error": {
    "code": 400,
    "message": "API key not valid. Please pass a valid API key.",
    "status": "INVALID_ARGUMENT",
    "details": [
      {
        "@type": "type.googleapis.com/google.rpc.ErrorInfo",
        "reason": "API_KEY_INVALID",
        "domain": "googleapis.com",
        "metadata": {
          "service": "generativelanguage.googleapis.com"
        }
      },
      {
        "@type": "type.googleapis.com/google.rpc.LocalizedMessage",
        "locale": "en-US",
        "message": "API key not valid. Please pass a valid API key."
      }
    ]
  }
}

  ing_orangeeveryday_example → westpac_choicebasic_example: [AiFormatMapping] Gemini format mapping failed: Gemini Error: API Error (HTTP 400 Bad Request): {
  "error": {
    "code": 400,
    "message": "API key not valid. Please pass a valid API key.",
    "status": "INVALID_ARGUMENT",
    "details": [
      {
        "@type": "type.googleapis.com/google.rpc.ErrorInfo",
        "reason": "API_KEY_INVALID",
        "domain": "googleapis.com",
        "metadata": {
          "service": "generativelanguage.googleapis.com"
        }
      },
      {
        "@type": "type.googleapis.com/google.rpc.LocalizedMessage",
        "locale": "en-US",
        "message": "API key not valid. Please pass a valid API key."
      }
    ]
  }
}

  macquarie_example → anz_example: [AnalyzeTarget] Target statement has 0 transactions - no layout to map into.
  macquarie_example → bankwest_example: [AiFormatMapping] Gemini format mapping failed: Gemini Error: API Error (HTTP 400 Bad Request): {
  "error": {
    "code": 400,
    "message": "API key not valid. Please pass a valid API key.",
    "status": "INVALID_ARGUMENT",
    "details": [
      {
        "@type": "type.googleapis.com/google.rpc.ErrorInfo",
        "reason": "API_KEY_INVALID",
        "domain": "googleapis.com",
        "metadata": {
          "service": "generativelanguage.googleapis.com"
        }
      },
      {
        "@type": "type.googleapis.com/google.rpc.LocalizedMessage",
        "locale": "en-US",
        "message": "API key not valid. Please pass a valid API key."
      }
    ]
  }
}

  macquarie_example → commbank_smartaccess_example: [AiFormatMapping] Gemini format mapping failed: Gemini Error: API Error (HTTP 400 Bad Request): {
  "error": {
    "code": 400,
    "message": "API key not valid. Please pass a valid API key.",
    "status": "INVALID_ARGUMENT",
    "details": [
      {
        "@type": "type.googleapis.com/google.rpc.ErrorInfo",
        "reason": "API_KEY_INVALID",
        "domain": "googleapis.com",
        "metadata": {
          "service": "generativelanguage.googleapis.com"
        }
      },
      {
        "@type": "type.googleapis.com/google.rpc.LocalizedMessage",
        "locale": "en-US",
        "message": "API key not valid. Please pass a valid API key."
      }
    ]
  }
}

  macquarie_example → fallback: [AiFormatMapping] Gemini format mapping failed: Gemini Error: API Error (HTTP 400 Bad Request): {
  "error": {
    "code": 400,
    "message": "API key not valid. Please pass a valid API key.",
    "status": "INVALID_ARGUMENT",
    "details": [
      {
        "@type": "type.googleapis.com/google.rpc.ErrorInfo",
        "reason": "API_KEY_INVALID",
        "domain": "googleapis.com",
        "metadata": {
          "service": "generativelanguage.googleapis.com"
        }
      },
      {
        "@type": "type.googleapis.com/google.rpc.LocalizedMessage",
        "locale": "en-US",
        "message": "API key not valid. Please pass a valid API key."
      }
    ]
  }
}

  macquarie_example → ing_orangeeveryday_example: [AiFormatMapping] Gemini format mapping failed: Gemini Error: API Error (HTTP 400 Bad Request): {
  "error": {
    "code": 400,
    "message": "API key not valid. Please pass a valid API key.",
    "status": "INVALID_ARGUMENT",
    "details": [
      {
        "@type": "type.googleapis.com/google.rpc.ErrorInfo",
        "reason": "API_KEY_INVALID",
        "domain": "googleapis.com",
        "metadata": {
          "service": "generativelanguage.googleapis.com"
        }
      },
      {
        "@type": "type.googleapis.com/google.rpc.LocalizedMessage",
        "locale": "en-US",
        "message": "API key not valid. Please pass a valid API key."
      }
    ]
  }
}

  macquarie_example → westpac_choicebasic_example: [AiFormatMapping] Gemini format mapping failed: Gemini Error: API Error (HTTP 400 Bad Request): {
  "error": {
    "code": 400,
    "message": "API key not valid. Please pass a valid API key.",
    "status": "INVALID_ARGUMENT",
    "details": [
      {
        "@type": "type.googleapis.com/google.rpc.ErrorInfo",
        "reason": "API_KEY_INVALID",
        "domain": "googleapis.com",
        "metadata": {
          "service": "generativelanguage.googleapis.com"
        }
      },
      {
        "@type": "type.googleapis.com/google.rpc.LocalizedMessage",
        "locale": "en-US",
        "message": "API key not valid. Please pass a valid API key."
      }
    ]
  }
}

  westpac_choicebasic_example → anz_example: [AnalyzeTarget] Target statement has 0 transactions - no layout to map into.
  westpac_choicebasic_example → bankwest_example: [AiFormatMapping] Gemini format mapping failed: Gemini Error: API Error (HTTP 400 Bad Request): {
  "error": {
    "code": 400,
    "message": "API key not valid. Please pass a valid API key.",
    "status": "INVALID_ARGUMENT",
    "details": [
      {
        "@type": "type.googleapis.com/google.rpc.ErrorInfo",
        "reason": "API_KEY_INVALID",
        "domain": "googleapis.com",
        "metadata": {
          "service": "generativelanguage.googleapis.com"
        }
      },
      {
        "@type": "type.googleapis.com/google.rpc.LocalizedMessage",
        "locale": "en-US",
        "message": "API key not valid. Please pass a valid API key."
      }
    ]
  }
}

  westpac_choicebasic_example → commbank_smartaccess_example: [AiFormatMapping] Gemini format mapping failed: Gemini Error: API Error (HTTP 400 Bad Request): {
  "error": {
    "code": 400,
    "message": "API key not valid. Please pass a valid API key.",
    "status": "INVALID_ARGUMENT",
    "details": [
      {
        "@type": "type.googleapis.com/google.rpc.ErrorInfo",
        "reason": "API_KEY_INVALID",
        "domain": "googleapis.com",
        "metadata": {
          "service": "generativelanguage.googleapis.com"
        }
      },
      {
        "@type": "type.googleapis.com/google.rpc.LocalizedMessage",
        "locale": "en-US",
        "message": "API key not valid. Please pass a valid API key."
      }
    ]
  }
}

  westpac_choicebasic_example → fallback: [AiFormatMapping] Gemini format mapping failed: Gemini Error: API Error (HTTP 400 Bad Request): {
  "error": {
    "code": 400,
    "message": "API key not valid. Please pass a valid API key.",
    "status": "INVALID_ARGUMENT",
    "details": [
      {
        "@type": "type.googleapis.com/google.rpc.ErrorInfo",
        "reason": "API_KEY_INVALID",
        "domain": "googleapis.com",
        "metadata": {
          "service": "generativelanguage.googleapis.com"
        }
      },
      {
        "@type": "type.googleapis.com/google.rpc.LocalizedMessage",
        "locale": "en-US",
        "message": "API key not valid. Please pass a valid API key."
      }
    ]
  }
}

  westpac_choicebasic_example → ing_orangeeveryday_example: [AiFormatMapping] Gemini format mapping failed: Gemini Error: API Error (HTTP 400 Bad Request): {
  "error": {
    "code": 400,
    "message": "API key not valid. Please pass a valid API key.",
    "status": "INVALID_ARGUMENT",
    "details": [
      {
        "@type": "type.googleapis.com/google.rpc.ErrorInfo",
        "reason": "API_KEY_INVALID",
        "domain": "googleapis.com",
        "metadata": {
          "service": "generativelanguage.googleapis.com"
        }
      },
      {
        "@type": "type.googleapis.com/google.rpc.LocalizedMessage",
        "locale": "en-US",
        "message": "API key not valid. Please pass a valid API key."
      }
    ]
  }
}

  westpac_choicebasic_example → macquarie_example: [AiFormatMapping] Gemini format mapping failed: Gemini Error: API Error (HTTP 400 Bad Request): {
  "error": {
    "code": 400,
    "message": "API key not valid. Please pass a valid API key.",
    "status": "INVALID_ARGUMENT",
    "details": [
      {
        "@type": "type.googleapis.com/google.rpc.ErrorInfo",
        "reason": "API_KEY_INVALID",
        "domain": "googleapis.com",
        "metadata": {
          "service": "generativelanguage.googleapis.com"
        }
      },
      {
        "@type": "type.googleapis.com/google.rpc.LocalizedMessage",
        "locale": "en-US",
        "message": "API key not valid. Please pass a valid API key."
      }
    ]
  }
}

test test_all_au_transfer_pairs ... ok

test result: ok. 1 passed; 0 failed; 0 ignored; 0 measured; 0 filtered out; finished in 16.38s

     Running tests/cascade_fallback.rs (target/debug/deps/cascade_fallback-300c3f8e5abbfecb)

running 1 test
══════════════════════════════════════════════════════════
  API Key Verification Report
══════════════════════════════════════════════════════════
  Timestamp: 2026-07-20T22:00:54.427482+00:00

  ❌  PyMuPDF Pro  (0ms)
      Error: PYMUPDF_PRO_KEY not configured
      Guidance: Set PYMUPDF_PRO_KEY environment variable with a 24-character trial key (prefix 'hFKt'). Obtain from https://pymupdf.io/

  ⊘  Document AI  (0ms)
      Error: Document AI not configured
      Guidance: Set DOCUMENT_AI_PROJECT_ID, DOCUMENT_AI_LOCATION, and DOCUMENT_AI_PROCESSOR_ID to enable transaction extraction.

  ⊘  Gemini  (0ms)
      Error: Gemini not configured
      Guidance: Set GEMINI_API_KEY for AI Studio mode, or configure Document AI with project_id for Vertex AI mode.

  ⊘  LlamaParse  (0ms)
      Error: LLAMAPARSE_API_KEY not configured
      Guidance: Set LLAMAPARSE_API_KEY to use the alternative LLM parser. Get a key at https://cloud.llamaindex.ai/

  ⊘  pdfRest  (0ms)
      Error: PDFREST_API_KEY not configured
      Guidance: Set PDFREST_API_KEY to enable Adobe-tier cloud rendering for verification.

  ⊘  Vision AI  (0ms)
      Error: VISION_API_KEY not configured
      Guidance: Set VISION_API_KEY to enable visual AI testing verification layer.

══════════════════════════════════════════════════════════
  Overall Status: ❌  (Exit code: 2)
══════════════════════════════════════════════════════════
BLOCKS 0: [
    TextBlock {
        page: 0,
        text: "Modified 0",
        bbox: [
            50.0,
            700.0,
            110.0,
            712.0,
        ],
        font: "F1",
        size: 12.0,
        obj_id: Some(
            "ObjId(8, 0)",
        ),
    },
]
test test_cascade_fallback_with_downed_actor ... ok

test result: ok. 1 passed; 0 failed; 0 ignored; 0 measured; 0 filtered out; finished in 0.01s

     Running tests/chaos_fallback.rs (target/debug/deps/chaos_fallback-d9a571246cefd562)

running 2 tests
test test_chaos_fallback_selector_returns_encrypted_error ... ok
test test_chaos_fallback_triggers_typst_reconstruct ... ok

test result: ok. 2 passed; 0 failed; 0 ignored; 0 measured; 0 filtered out; finished in 0.03s

     Running tests/chaos_tests.rs (target/debug/deps/chaos_tests-57657cbbf0772e02)

running 1 test
test test_chaos_malformed_json_repair ... ok

test result: ok. 1 passed; 0 failed; 0 ignored; 0 measured; 0 filtered out; finished in 0.04s

     Running tests/check_sysinfo.rs (target/debug/deps/check_sysinfo-88e09baa556b333c)

running 0 tests

test result: ok. 0 passed; 0 failed; 0 ignored; 0 measured; 0 filtered out; finished in 0.00s

     Running tests/computer_use.rs (target/debug/deps/computer_use-3995d2b2914c1f64)

running 1 test
   Compiling ring v0.17.14
   Compiling rustls v0.23.42
   Compiling rustls-webpki v0.103.13
test test_computer_use_framework_bootstrap ... ok

test result: ok. 1 passed; 0 failed; 0 ignored; 0 measured; 0 filtered out; finished in 5.14s

     Running tests/concurrency_chaos.rs (target/debug/deps/concurrency_chaos-febb25a888e3bada)

running 1 test
Concurrency chaos completed: 0 succeeded, 10 errored cleanly.
test test_concurrency_chaos ... ok

test result: ok. 1 passed; 0 failed; 0 ignored; 0 measured; 0 filtered out; finished in 0.00s

     Running tests/consensus_matrix_tests.rs (target/debug/deps/consensus_matrix_tests-36cce0ca58ab44fd)

running 3 tests
test test_dpi_auto_scaling_limits ... ok
test test_recalculation_loop_convergence ... ok
test test_ai_matrix_consensus ... ok

test result: ok. 3 passed; 0 failed; 0 ignored; 0 measured; 0 filtered out; finished in 0.00s

     Running tests/dependency_e2e.rs (target/debug/deps/dependency_e2e-de87a903ca0ea30b)

running 2 tests
test test_pdfium_library_loads ... ok
test test_ai_provider_dns_resolution ... ok

test result: ok. 2 passed; 0 failed; 0 ignored; 0 measured; 0 filtered out; finished in 0.05s

     Running tests/e2e_engine_tests.rs (target/debug/deps/e2e_engine_tests-6505a55cb8386c31)

running 12 tests
test test_cli_help ... ok
test test_cli_ai_fix_visual ... ok
test test_cli_run_transfer_tests ... ok
test test_cli_doctor ... ok
test test_cli_ping ... ok
test test_cli_text ... ok
test test_cli_analyze_fonts ... ok
test test_cli_adjust_dates ... ok
test test_cli_transfer_transactions ... ok
test test_cli_auto_balance ... ok
test test_cli_balance ... ok
test test_cli_extract ... ok

test result: ok. 12 passed; 0 failed; 0 ignored; 0 measured; 0 filtered out; finished in 1.12s

     Running tests/e2e_rust_uiautomation.rs (target/debug/deps/e2e_rust_uiautomation-27b0e379e4a24175)

running 0 tests

test result: ok. 0 passed; 0 failed; 0 ignored; 0 measured; 0 filtered out; finished in 0.00s

     Running tests/e2e_scoring.rs (target/debug/deps/e2e_scoring-36046921d8625efe)

running 1 test
test test_e2e_pipeline_scoring ... ok

test result: ok. 1 passed; 0 failed; 0 ignored; 0 measured; 0 filtered out; finished in 0.00s

     Running tests/e2e_segmented_pipeline.rs (target/debug/deps/e2e_segmented_pipeline-5ea867e0bfb907fa)

running 1 test
OK macquarie_example.pdf: 2 pages -> 1 segments -> merged 2 pages
OK anz_example.pdf: 4 pages -> 2 segments -> merged 4 pages
OK bankwest_example.pdf: 1 pages -> 1 segments -> merged 1 pages
OK ing_orangeeveryday_example.pdf: 10 pages -> 4 segments -> merged 10 pages
OK westpac_choicebasic_example.pdf: 15 pages -> 5 segments -> merged 15 pages
OK fallback.pdf: 5 pages -> 2 segments -> merged 5 pages
OK commbank_smartaccess_example.pdf: 4 pages -> 2 segments -> merged 4 pages
test every_statement_splits_to_within_pro_limit_and_merges_losslessly ... ok

test result: ok. 1 passed; 0 failed; 0 ignored; 0 measured; 0 filtered out; finished in 0.06s

     Running tests/engine_font_analysis_tests.rs (target/debug/deps/engine_font_analysis_tests-8bd4d5920b22f051)

running 5 tests
test test_font_analysis_one_line_summary ... ok
test test_font_cascade_report_failure ... ok
test test_font_cascade_report ... ok
test test_font_analysis_action_counts ... ok
test test_font_analysis_from_json ... ok

test result: ok. 5 passed; 0 failed; 0 ignored; 0 measured; 0 filtered out; finished in 0.00s

     Running tests/engine_font_replication_tests.rs (target/debug/deps/engine_font_replication_tests-28d47b74fcc6d5c5)

running 2 tests
test test_replicated_font_from_json ... ok
test test_extract_font_bytes ... ok

test result: ok. 2 passed; 0 failed; 0 ignored; 0 measured; 0 filtered out; finished in 0.01s

     Running tests/engine_font_shaping_tests.rs (target/debug/deps/engine_font_shaping_tests-7c6bb2dd4d9b6db4)

running 2 tests
test test_calculate_exact_width ... ok
Expected error due to dummy font: ModuleNotFoundError: No module named 'fontTools'
test test_extract_and_measure_width ... ok

test result: ok. 2 passed; 0 failed; 0 ignored; 0 measured; 0 filtered out; finished in 0.17s

     Running tests/engine_interactive_fallback_tests.rs (target/debug/deps/engine_interactive_fallback_tests-ca643e6058bb8b8f)

running 1 test
test test_interactive_fallback_request_builder ... ok

test result: ok. 1 passed; 0 failed; 0 ignored; 0 measured; 0 filtered out; finished in 0.00s

     Running tests/engine_resource_check_tests.rs (target/debug/deps/engine_resource_check_tests-79b6d748e0e5c212)

running 4 tests
test test_resource_check_dangling_content ... ok
test test_resource_check_warning_missing_font ... ok
test test_resource_check_healthy_document ... ok
test test_resource_check_dangling_resources ... ok

test result: ok. 4 passed; 0 failed; 0 ignored; 0 measured; 0 filtered out; finished in 0.00s

     Running tests/engine_statement_tests.rs (target/debug/deps/engine_statement_tests-2ccc3bda6a72518d)

running 6 tests
test test_smart_document_engine_initialization ... ok
test test_balance_entire_statement_with_ai_fallback ... ok
test test_calculate_global_imbalance_with_transactions ... ok
test test_calculate_global_imbalance_empty ... ok
test test_balance_entire_statement_perfect_balance ... ok
test test_load_full_document ... ok

test result: ok. 6 passed; 0 failed; 0 ignored; 0 measured; 0 filtered out; finished in 0.02s

     Running tests/engine_typst_tests.rs (target/debug/deps/engine_typst_tests-9ad5b5fe98f28770)

running 4 tests
test test_typst_engine_initialization ... ok
test test_generate_generic_markup ... ok
test test_generate_chase_markup ... ok
test test_generate_bofa_markup ... ok

test result: ok. 4 passed; 0 failed; 0 ignored; 0 measured; 0 filtered out; finished in 0.03s

     Running tests/engine_verification_tests.rs (target/debug/deps/engine_verification_tests-8ca782e90a3dfd8d)

running 2 tests
test test_verify_edit_pages_identical ... ok
test test_verify_edit_pages_different ... ok

test result: ok. 2 passed; 0 failed; 0 ignored; 0 measured; 0 filtered out; finished in 1.24s

     Running tests/engine_workflow_tests.rs (target/debug/deps/engine_workflow_tests-fd342fe31bdb446e)

running 6 tests
test test_mask_padding_for_attempt ... ok
test test_should_accept_near_perfect ... ok
test test_is_borderline ... ok
test test_edit_set_hash ... ok
test test_detect_edit_conflicts ... ok
test test_prune_redundant_edits ... ok

test result: ok. 6 passed; 0 failed; 0 ignored; 0 measured; 0 filtered out; finished in 0.00s

     Running tests/extractors_geometry_tests.rs (target/debug/deps/extractors_geometry_tests-be75d038443409a9)

running 3 tests
test test_detect_table_grid_empty_image ... ok
test test_native_text_layer_provider ... ok
test test_detect_table_grid_with_lines ... ok

test result: ok. 3 passed; 0 failed; 0 ignored; 0 measured; 0 filtered out; finished in 0.01s

     Running tests/fallback_integration_tests.rs (target/debug/deps/fallback_integration_tests-30ac668b544f79be)

running 1 test
test test_offline_fallback_can_be_triggered ... ok

test result: ok. 1 passed; 0 failed; 0 ignored; 0 measured; 0 filtered out; finished in 0.00s

     Running tests/font_cascade.rs (target/debug/deps/font_cascade-6cac795a4974f42b)

running 1 test
[skip] no system donor TTF available; cascade test self-skipped
test font_cascade_extends_subset_via_donor ... ok

test result: ok. 1 passed; 0 failed; 0 ignored; 0 measured; 0 filtered out; finished in 0.00s

     Running tests/gui_app_state_tests.rs (target/debug/deps/gui_app_state_tests-36b4fd99471d81f3)

running 9 tests
test test_app_initialization_state ... ok
test test_handle_job_result_transactions_extracted ... ok
test test_handle_job_result_pong ... ok
test test_update_processes_job_results ... ok
test test_handle_job_result_document_loaded ... ok
test test_handle_job_result_font_analysis ... ok
test test_handle_job_result_change_applied ... ok
test test_handle_job_result_progress ... ok
test test_handle_job_result_error ... ok

test result: ok. 9 passed; 0 failed; 0 ignored; 0 measured; 0 filtered out; finished in 0.02s

     Running tests/gui_button_core_tests.rs (target/debug/deps/gui_button_core_tests-940a671a5f20c37f)

running 65 tests
test test_discard_workflow_draft_quiet ... ok
test test_change_history_operations ... ok
test test_batch_files_empty ... ok
test test_app_view_single_document ... ok
test test_fit_zoom_to_view_degenerate ... ok
test test_agent_autonomous_mode_toggle ... ok
test test_balance_trend_points_with_dollar_values ... ok
test test_balance_trend_points_empty ... ok
test test_interactive_fallback_state ... ok
test test_modal_command_palette ... ok
test test_modal_date_adjust ... ok
test test_modal_discard_draft_confirm ... ok
test test_modal_feedback ... ok
test test_modal_settings_toggle ... ok
test test_modal_transfer ... ok
test test_modal_transfer_test ... ok
test test_modal_workflow_hitl ... ok
test test_natural_language_prompt ... ok
test test_open_pdf_nonexistent_file ... ok
test test_open_pdf_valid_file ... ok
test test_page_navigation_next ... ok
test test_page_navigation_next_at_last ... ok
test test_build_artifact_bundle ... ok
test test_page_navigation_prev ... ok
test test_page_navigation_prev_at_zero ... ok
test test_pair_originals_no_matches ... ok
test test_pair_originals_and_edited ... ok
test test_proposed_changes_management ... ok
test test_request_render_deduplication ... ok
test test_save_credentials_sets_env_and_dispatches_reload ... ok
test test_settings_defaults ... ok
test test_settings_advanced_mode_toggle ... ok
test test_settings_theme_cycling ... ok
test test_settings_three_page_mode_toggle ... ok
test test_settings_vision_ai_toggle ... ok
test test_sidebar_button_agent ... ok
test test_sidebar_button_api_keys ... ok
test test_sidebar_button_chaos_sandbox ... ok
test test_sidebar_button_editor ... ok
test test_sidebar_button_forensics ... ok
test test_sidebar_button_settings ... ok
test test_sidebar_button_transfer ... ok
test test_sidebar_toggle ... ok
test test_telemetry_state ... ok
test test_toast_basic ... ok
test test_toast_overflow_caps_at_5 ... ok
test test_update_recent_files ... ok
test test_headless_render_chaos_sandbox ... ok
test test_headless_render_transfer_workflow ... ok
test test_headless_render_forensics_workflow ... ok
test test_headless_render_settings ... ok
test test_headless_render_api_keys ... ok
test test_workflow_draft_path ... ok
test test_headless_render_agent_workflow ... ok
test test_workflow_stage_full_cycle ... ok
test test_workflow_stage_idle_to_parsing ... ok
test test_export_to_excel_combined ... ok
test test_zoom_fit ... ok
test test_zoom_100 ... ok
test test_zoom_in ... ok
test test_zoom_out ... ok
test test_headless_render_editor_workflow ... ok
test test_verification_report_fail ... ok
test test_verification_report_pass ... ok
test test_workflow_transactions_populated ... ok

test result: ok. 65 passed; 0 failed; 0 ignored; 0 measured; 0 filtered out; finished in 0.01s

     Running tests/gui_core_missing_tests.rs (target/debug/deps/gui_core_missing_tests-dd267d1fbf8779f4)

running 4 tests
test test_submit_bug_report_coverage ... ok
══════════════════════════════════════════════════════════
  API Key Verification Report
══════════════════════════════════════════════════════════
  Timestamp: 2026-07-20T22:01:02.612110+00:00

  ❌  PyMuPDF Pro  (0ms)
      Error: PYMUPDF_PRO_KEY not configured
      Guidance: Set PYMUPDF_PRO_KEY environment variable with a 24-character trial key (prefix 'hFKt'). Obtain from https://pymupdf.io/

  ⊘  Document AI  (0ms)
══════════════════════════════════════════════════════════
  API Key Verification Report
══════════════════════════════════════════════════════════
  Timestamp: 2026-07-20T22:01:02.612085+00:00

  ❌  PyMuPDF Pro  (0ms)
      Error: Document AI not configured
      Guidance: Set DOCUMENT_AI_PROJECT_ID, DOCUMENT_AI_LOCATION, and DOCUMENT_AI_PROCESSOR_ID to enable transaction extraction.

  ⊘  Gemini  (0ms)
      Error: Gemini not configured
      Guidance: Set GEMINI_API_KEY for AI Studio mode, or configure Document AI with project_id for Vertex AI mode.
      Error: PYMUPDF_PRO_KEY not configured
      Guidance: Set PYMUPDF_PRO_KEY environment variable with a 24-character trial key (prefix 'hFKt'). Obtain from https://pymupdf.io/

  ⊘  Document AI  (0ms)
      Error: Document AI not configured
══════════════════════════════════════════════════════════
  API Key Verification Report
══════════════════════════════════════════════════════════
  Timestamp: 2026-07-20T22:01:02.612087+00:00

  ❌  PyMuPDF Pro  (0ms)
      Error: PYMUPDF_PRO_KEY not configured
      Guidance: Set PYMUPDF_PRO_KEY environment variable with a 24-character trial key (prefix 'hFKt'). Obtain from https://pymupdf.io/

  ⊘  Document AI  (0ms)
      Error: Document AI not configured
      Guidance: Set DOCUMENT_AI_PROJECT_ID, DOCUMENT_AI_LOCATION, and DOCUMENT_AI_PROCESSOR_ID to enable transaction extraction.

  ⊘  Gemini  (0ms)
      Error: Gemini not configured
      Guidance: Set GEMINI_API_KEY for AI Studio mode, or configure Document AI with project_id for Vertex AI mode.

  ⊘  LlamaParse  (0ms)
      Error: LLAMAPARSE_API_KEY not configured
      Guidance: Set LLAMAPARSE_API_KEY to use the alternative LLM parser. Get a key at https://cloud.llamaindex.ai/

  ⊘  pdfRest  (0ms)
      Error: PDFREST_API_KEY not configured
      Guidance: Set PDFREST_API_KEY to enable Adobe-tier cloud rendering for verification.

  ⊘  Vision AI  (0ms)
      Error: VISION_API_KEY not configured
      Guidance: Set VISION_API_KEY to enable visual AI testing verification layer.

══════════════════════════════════════════════════════════
  Overall Status: ❌  (Exit code: 2)
══════════════════════════════════════════════════════════

  ⊘  LlamaParse  (0ms)
      Error: LLAMAPARSE_API_KEY not configured
      Guidance: Set LLAMAPARSE_API_KEY to use the alternative LLM parser. Get a key at https://cloud.llamaindex.ai/

  ⊘  pdfRest  (0ms)
      Error: PDFREST_API_KEY not configured
      Guidance: Set PDFREST_API_KEY to enable Adobe-tier cloud rendering for verification.

  ⊘  Vision AI  (0ms)
      Error: VISION_API_KEY not configured
      Guidance: Set VISION_API_KEY to enable visual AI testing verification layer.

══════════════════════════════════════════════════════════
  Overall Status: ❌  (Exit code: 2)
══════════════════════════════════════════════════════════
      Guidance: Set DOCUMENT_AI_PROJECT_ID, DOCUMENT_AI_LOCATION, and DOCUMENT_AI_PROCESSOR_ID to enable transaction extraction.

  ⊘  Gemini  (0ms)
      Error: Gemini not configured
      Guidance: Set GEMINI_API_KEY for AI Studio mode, or configure Document AI with project_id for Vertex AI mode.

  ⊘  LlamaParse  (0ms)
      Error: LLAMAPARSE_API_KEY not configured
      Guidance: Set LLAMAPARSE_API_KEY to use the alternative LLM parser. Get a key at https://cloud.llamaindex.ai/

  ⊘  pdfRest  (0ms)
      Error: PDFREST_API_KEY not configured
      Guidance: Set PDFREST_API_KEY to enable Adobe-tier cloud rendering for verification.

  ⊘  Vision AI  (0ms)
      Error: VISION_API_KEY not configured
      Guidance: Set VISION_API_KEY to enable visual AI testing verification layer.

══════════════════════════════════════════════════════════
  Overall Status: ❌  (Exit code: 2)
══════════════════════════════════════════════════════════
test test_categorize_transactions_coverage ... ok
test test_cancel_job_coverage ... ok
PyMuPDFPro: Trial Mode key has expired.
Fontconfig error: Cannot load default config file: No such file: (null)
test test_generate_visual_alternatives_coverage ... ok

test result: ok. 4 passed; 0 failed; 0 ignored; 0 measured; 0 filtered out; finished in 0.51s

     Running tests/gui_coverage_tests.rs (target/debug/deps/gui_coverage_tests-f702fb60e21b2382)

running 3 tests
test test_overkill_edge_cases ... ok
test test_overkill_modals_coverage ... ok
test test_overkill_workflows_coverage ... ok

test result: ok. 3 passed; 0 failed; 0 ignored; 0 measured; 0 filtered out; finished in 0.03s

     Running tests/gui_e2e_tests.rs (target/debug/deps/gui_e2e_tests-c5587cff8495c36f)

running 1 test
test test_gui_headless_interactions ... ok

test result: ok. 1 passed; 0 failed; 0 ignored; 0 measured; 0 filtered out; finished in 0.01s

     Running tests/gui_exhaustive_tests.rs (target/debug/deps/gui_exhaustive_tests-505052b822b1aa2e)

running 3 tests

thread 'test_exhaustive_ui_states_true' panicked at tests/gui_exhaustive_tests.rs:17:36:
No nodes found matching the query:
By {
    label_contains: "Cancel",
}

On node:
Node {
    id: NodeId(
        13826925289788388,
    ),
    role: Window,
    focused: true,
    hidden: false,
    disabled: false,
    children: [
        Node {
            id: NodeId(
                8351606481149594029,
            ),
            role: Button,
            label: "≡  Collapse",
            focused: false,
            hidden: false,
            disabled: false,
            children: [],
        },
        Node {
            id: NodeId(
                7440465352249030816,
            ),
            role: Button,
            label: "📄  Editor",
            focused: false,
            hidden: false,
            disabled: false,
            children: [],
        },
        Node {
            id: NodeId(
                14455132728199653128,
            ),
            role: Button,
            label: "⇄  Transfer",
            focused: false,
            hidden: false,
            disabled: false,
            children: [],
        },
        Node {
            id: NodeId(
                4948644507544266145,
            ),
            role: Button,
            label: "🤖  Agent",
            focused: false,
            hidden: false,
            disabled: false,
            children: [],
        },
        Node {
            id: NodeId(
                3873217866602405444,
            ),
            role: Button,
            label: "📊  Forensics",
            focused: false,
            hidden: false,
            disabled: false,
            children: [],
        },
        Node {
            id: NodeId(
                4935290614437371052,
            ),
            role: Button,
            label: "🧪  Chaos Sandbox",
            focused: false,
            hidden: false,
            disabled: false,
            children: [],
        },
        Node {
            id: NodeId(
                14534506523352710150,
            ),
            role: Button,
            label: "⚙  Settings",
            focused: false,
            hidden: false,
            disabled: false,
            children: [],
        },
        Node {
            id: NodeId(
                11180593099054116579,
            ),
            role: Button,
            label: "🔑  API Keys",
            focused: false,
            hidden: false,
            disabled: false,
            children: [],
        },
        Node {
            id: NodeId(
                15566053163214327310,
            ),
            role: Label,
            value: "Antigravity\nStatement Forensics",
            focused: false,
            hidden: false,
            disabled: false,
            children: [
                Node {
                    id: NodeId(
                        14763192018579482022,
                    ),
                    role: TextRun,
                    value: "Antigravity\n",
                    focused: false,
                    hidden: false,
                    disabled: false,
                    children: [],
                },
                Node {
                    id: NodeId(
                        9319284617579923595,
                    ),
                    role: TextRun,
                    value: "Statement Forensics",
                    focused: false,
                    hidden: false,
                    disabled: false,
                    children: [],
                },
            ],
        },
        Node {
            id: NodeId(
                3823728296237565050,
            ),
            role: Label,
            value: "🟢 Local",
            focused: false,
            hidden: false,
            disabled: false,
            children: [
                Node {
                    id: NodeId(
                        4070887779137722470,
                    ),
                    role: TextRun,
                    value: "🟢 Local",
                    focused: false,
                    hidden: false,
                    disabled: false,
                    children: [],
                },
            ],
        },
        Node {
            id: NodeId(
                11285458723522814979,
            ),
            role: Label,
            value: "❌ Runtime worker disconnected",
            focused: false,
            hidden: false,
            disabled: false,
            children: [
                Node {
                    id: NodeId(
                        7042110951273062365,
                    ),
                    role: TextRun,
                    value: "❌ Runtime worker disconnected",
                    focused: false,
                    hidden: false,
                    disabled: false,
                    children: [],
                },
            ],
        },
        Node {
            id: NodeId(
                4106852680386493518,
            ),
            role: Label,
            value: "DPI: 300",
            focused: false,
            hidden: false,
            disabled: false,
            children: [
                Node {
                    id: NodeId(
                        4126506668919917190,
                    ),
                    role: TextRun,
                    value: "DPI: 300",
                    focused: false,
                    hidden: false,
                    disabled: false,
                    children: [],
                },
            ],
        },
        Node {
            id: NodeId(
                5568313822968940689,
            ),
            role: Label,
            value: "Zoom: 100%",
            focused: false,
            hidden: false,
            disabled: false,
            children: [
                Node {
                    id: NodeId(
                        16438092019287107147,
                    ),
                    role: TextRun,
                    value: "Zoom: 100%",
                    focused: false,
                    hidden: false,
                    disabled: false,
                    children: [],
                },
            ],
        },
        Node {
            id: NodeId(
                15540589736581684186,
            ),
            role: Label,
            value: "RAM: 0 MB",
            focused: false,
            hidden: false,
            disabled: false,
            children: [
                Node {
                    id: NodeId(
                        2032961788878609311,
                    ),
                    role: TextRun,
                    value: "RAM: 0 MB",
                    focused: false,
                    hidden: false,
                    disabled: false,
                    children: [],
                },
            ],
        },
        Node {
            id: NodeId(
                9361313895363236905,
            ),
            role: Label,
            value: "CPU: 0.0%",
            focused: false,
            hidden: false,
            disabled: false,
            children: [
                Node {
                    id: NodeId(
                        14545670358877012431,
                    ),
                    role: TextRun,
                    value: "CPU: 0.0%",
                    focused: false,
                    hidden: false,
                    disabled: false,
                    children: [],
                },
            ],
        },
        Node {
            id: NodeId(
                10213924256079375532,
            ),
            role: Label,
            value: "ENG: IDLE",
            focused: false,
            hidden: false,
            disabled: false,
            children: [
                Node {
                    id: NodeId(
                        5292319090955388648,
                    ),
                    role: TextRun,
                    value: "ENG: IDLE",
                    focused: false,
                    hidden: false,
                    disabled: false,
                    children: [],
                },
            ],
        },
        Node {
            id: NodeId(
                4071551879612586075,
            ),
            role: Label,
            value: "API: UNKNOWN",
            focused: false,
            hidden: false,
            disabled: false,
            children: [
                Node {
                    id: NodeId(
                        13126371492711468157,
                    ),
                    role: TextRun,
                    value: "API: UNKNOWN",
                    focused: false,
                    hidden: false,
                    disabled: false,
                    children: [],
                },
            ],
        },
        Node {
            id: NodeId(
                13454718678306100225,
            ),
            role: Button,
            label: "📥  Upload Statement",
            focused: false,
            hidden: false,
            disabled: false,
            children: [],
        },
        Node {
            id: NodeId(
                13242850587912984647,
            ),
            role: Label,
            value: "Recent Statements",
            focused: false,
            hidden: false,
            disabled: false,
            children: [
                Node {
                    id: NodeId(
                        8639097076615621089,
                    ),
                    role: TextRun,
                    value: "Recent Statements",
                    focused: false,
                    hidden: false,
                    disabled: false,
                    children: [],
                },
            ],
        },
        Node {
            id: NodeId(
                9866357357589403493,
            ),
            role: Button,
            label: "sample.pdf",
            focused: false,
            hidden: false,
            disabled: false,
            children: [],
        },
        Node {
            id: NodeId(
                9793250248380981580,
            ),
            role: Button,
            label: "🐛 Submit Diagnostics",
            focused: false,
            hidden: false,
            disabled: false,
            children: [],
        },
        Node {
            id: NodeId(
                16438322094299314673,
            ),
            role: Label,
            value: "Statement Forensics & Editing",
            focused: false,
            hidden: false,
            disabled: false,
            children: [
                Node {
                    id: NodeId(
                        8490621884550393568,
                    ),
                    role: TextRun,
                    value: "Statement Forensics & Editing",
                    focused: false,
                    hidden: false,
                    disabled: false,
                    children: [],
                },
            ],
        },
        Node {
            id: NodeId(
                2315447553028876421,
            ),
            role: Label,
            value: "Click any text on the canvas to begin editing.",
            focused: false,
            hidden: false,
            disabled: false,
            children: [
                Node {
                    id: NodeId(
                        9395039240222745848,
                    ),
                    role: TextRun,
                    value: "Click any text on the canvas to begin editing.",
                    focused: false,
                    hidden: false,
                    disabled: false,
                    children: [],
                },
            ],
        },
        Node {
            id: NodeId(
                17381831127554352952,
            ),
            role: Button,
            label: "🔍-",
            focused: false,
            hidden: false,
            disabled: false,
            children: [],
        },
        Node {
            id: NodeId(
                15103488678644294345,
            ),
            role: Button,
            label: "🔍+",
            focused: false,
            hidden: false,
            disabled: false,
            children: [],
        },
        Node {
            id: NodeId(
                572011078973875434,
            ),
            role: Button,
            label: "Fit",
            focused: false,
            hidden: false,
            disabled: false,
            children: [],
        },
        Node {
            id: NodeId(
                1853793860401235956,
            ),
            role: Button,
            label: "100%",
            focused: false,
            hidden: false,
            disabled: false,
            children: [],
        },
        Node {
            id: NodeId(
                16217281356491965735,
            ),
            role: CheckBox,
            label: "Curtain Diff",
            focused: false,
            hidden: false,
            disabled: false,
            toggled: False,
            children: [],
        },
        Node {
            id: NodeId(
                1468292565947620380,
            ),
            role: Unknown,
            focused: false,
            hidden: false,
            disabled: false,
            children: [],
        },
        Node {
            id: NodeId(
                11168262499156970553,
            ),
            role: Label,
            value: "✨",
            focused: false,
            hidden: false,
            disabled: false,
            children: [
                Node {
                    id: NodeId(
                        11793192817452312313,
                    ),
                    role: TextRun,
                    value: "✨",
                    focused: false,
                    hidden: false,
                    disabled: false,
                    children: [],
                },
            ],
        },
        Node {
            id: NodeId(
                12119949000887148807,
            ),
            role: Label,
            value: "Antigravity Statement Forensics",
            focused: false,
            hidden: false,
            disabled: false,
            children: [
                Node {
                    id: NodeId(
                        16839766007349393745,
                    ),
                    role: TextRun,
                    value: "Antigravity Statement Forensics",
                    focused: false,
                    hidden: false,
                    disabled: false,
                    children: [],
                },
            ],
        },
        Node {
            id: NodeId(
                16581419726085390359,
            ),
            role: Label,
            value: "High-Fidelity Ledger Processing & AI-Driven Reconciliation",
            focused: false,
            hidden: false,
            disabled: false,
            children: [
                Node {
                    id: NodeId(
                        12840030417478298348,
                    ),
                    role: TextRun,
                    value: "High-Fidelity Ledger Processing & AI-Driven Reconciliation",
                    focused: false,
                    hidden: false,
                    disabled: false,
                    children: [],
                },
            ],
        },
        Node {
            id: NodeId(
                15228426935225911880,
            ),
            role: Button,
            label: "⊕ Initialize Workspace Session",
            focused: false,
            hidden: false,
            disabled: false,
            children: [],
        },
        Node {
            id: NodeId(
                17097066761527035194,
            ),
            role: Label,
            value: "or drag and drop a PDF file here",
            focused: false,
            hidden: false,
            disabled: false,
            children: [
                Node {
                    id: NodeId(
                        17721555105915791035,
                    ),
                    role: TextRun,
                    value: "or drag and drop a PDF file here",
                    focused: false,
                    hidden: false,
                    disabled: false,
                    children: [],
                },
            ],
        },
        Node {
            id: NodeId(
                13990403946896367018,
            ),
            role: Button,
            label: "⟲ Restore Previous Session",
            focused: false,
            hidden: false,
            disabled: false,
            children: [],
        },
        Node {
            id: NodeId(
                17217592834050266258,
            ),
            role: Button,
            label: "📝 Recover Editing Draft",
            focused: false,
            hidden: false,
            disabled: false,
            children: [],
        },
        Node {
            id: NodeId(
                13522053556233012698,
            ),
            role: Unknown,
            focused: false,
            hidden: false,
            disabled: false,
            children: [],
        },
    ],
}
note: run with `RUST_BACKTRACE=1` environment variable to display a backtrace

thread 'test_exhaustive_ui_states_false' panicked at tests/gui_exhaustive_tests.rs:17:36:
No nodes found matching the query:
By {
    label_contains: "Cancel",
}

On node:
Node {
    id: NodeId(
        13826925289788388,
    ),
    role: Window,
    focused: true,
    hidden: false,
    disabled: false,
    children: [
        Node {
            id: NodeId(
                8351606481149594029,
            ),
            role: Button,
            label: "≡",
            focused: false,
            hidden: false,
            disabled: false,
            children: [],
        },
        Node {
            id: NodeId(
                7440465352249030816,
            ),
            role: Button,
            label: "📄",
            focused: false,
            hidden: false,
            disabled: false,
            children: [],
        },
        Node {
            id: NodeId(
                14455132728199653128,
            ),
            role: Button,
            label: "⇄",
            focused: false,
            hidden: false,
            disabled: false,
            children: [],
        },
        Node {
            id: NodeId(
                4948644507544266145,
            ),
            role: Button,
            label: "🤖",
            focused: false,
            hidden: false,
            disabled: false,
            children: [],
        },
        Node {
            id: NodeId(
                3873217866602405444,
            ),
            role: Button,
            label: "📊",
            focused: false,
            hidden: false,
            disabled: false,
            children: [],
        },
        Node {
            id: NodeId(
                4935290614437371052,
            ),
            role: Button,
            label: "🧪",
            focused: false,
            hidden: false,
            disabled: false,
            children: [],
        },
        Node {
            id: NodeId(
                14534506523352710150,
            ),
            role: Button,
            label: "⚙",
            focused: false,
            hidden: false,
            disabled: false,
            children: [],
        },
        Node {
            id: NodeId(
                11180593099054116579,
            ),
            role: Button,
            label: "🔑",
            focused: false,
            hidden: false,
            disabled: false,
            children: [],
        },
        Node {
            id: NodeId(
                3823728296237565050,
            ),
            role: Label,
            value: "🟢 Local",
            focused: false,
            hidden: false,
            disabled: false,
            children: [
                Node {
                    id: NodeId(
                        4070887779137722470,
                    ),
                    role: TextRun,
                    value: "🟢 Local",
                    focused: false,
                    hidden: false,
                    disabled: false,
                    children: [],
                },
            ],
        },
        Node {
            id: NodeId(
                11285458723522814979,
            ),
            role: Label,
            value: "❌ Runtime worker disconnected",
            focused: false,
            hidden: false,
            disabled: false,
            children: [
                Node {
                    id: NodeId(
                        7042110951273062365,
                    ),
                    role: TextRun,
                    value: "❌ Runtime worker disconnected",
                    focused: false,
                    hidden: false,
                    disabled: false,
                    children: [],
                },
            ],
        },
        Node {
            id: NodeId(
                4106852680386493518,
            ),
            role: Label,
            value: "DPI: 300",
            focused: false,
            hidden: false,
            disabled: false,
            children: [
                Node {
                    id: NodeId(
                        4126506668919917190,
                    ),
                    role: TextRun,
                    value: "DPI: 300",
                    focused: false,
                    hidden: false,
                    disabled: false,
                    children: [],
                },
            ],
        },
        Node {
            id: NodeId(
                5568313822968940689,
            ),
            role: Label,
            value: "Zoom: 100%",
            focused: false,
            hidden: false,
            disabled: false,
            children: [
                Node {
                    id: NodeId(
                        16438092019287107147,
                    ),
                    role: TextRun,
                    value: "Zoom: 100%",
                    focused: false,
                    hidden: false,
                    disabled: false,
                    children: [],
                },
            ],
        },
        Node {
            id: NodeId(
                15540589736581684186,
            ),
            role: Label,
            value: "RAM: 0 MB",
            focused: false,
            hidden: false,
            disabled: false,
            children: [
                Node {
                    id: NodeId(
                        2032961788878609311,
                    ),
                    role: TextRun,
                    value: "RAM: 0 MB",
                    focused: false,
                    hidden: false,
                    disabled: false,
                    children: [],
                },
            ],
        },
        Node {
            id: NodeId(
                9361313895363236905,
            ),
            role: Label,
            value: "CPU: 0.0%",
            focused: false,
            hidden: false,
            disabled: false,
            children: [
                Node {
                    id: NodeId(
                        14545670358877012431,
                    ),
                    role: TextRun,
                    value: "CPU: 0.0%",
                    focused: false,
                    hidden: false,
                    disabled: false,
                    children: [],
                },
            ],
        },
        Node {
            id: NodeId(
                10213924256079375532,
            ),
            role: Label,
            value: "ENG: IDLE",
            focused: false,
            hidden: false,
            disabled: false,
            children: [
                Node {
                    id: NodeId(
                        5292319090955388648,
                    ),
                    role: TextRun,
                    value: "ENG: IDLE",
                    focused: false,
                    hidden: false,
                    disabled: false,
                    children: [],
                },
            ],
        },
        Node {
            id: NodeId(
                4071551879612586075,
            ),
            role: Label,
            value: "API: UNKNOWN",
            focused: false,
            hidden: false,
            disabled: false,
            children: [
                Node {
                    id: NodeId(
                        13126371492711468157,
                    ),
                    role: TextRun,
                    value: "API: UNKNOWN",
                    focused: false,
                    hidden: false,
                    disabled: false,
                    children: [],
                },
            ],
        },
        Node {
            id: NodeId(
                13454718678306100225,
            ),
            role: Button,
            label: "📥  Upload Statement",
            focused: false,
            hidden: false,
            disabled: false,
            children: [],
        },
        Node {
            id: NodeId(
                13242850587912984647,
            ),
            role: Label,
            value: "Recent Statements",
            focused: false,
            hidden: false,
            disabled: false,
            children: [
                Node {
                    id: NodeId(
                        8639097076615621089,
                    ),
                    role: TextRun,
                    value: "Recent Statements",
                    focused: false,
                    hidden: false,
                    disabled: false,
                    children: [],
                },
            ],
        },
        Node {
            id: NodeId(
                9866357357589403493,
            ),
            role: Button,
            label: "sample.pdf",
            focused: false,
            hidden: false,
            disabled: false,
            children: [],
        },
        Node {
            id: NodeId(
                9793250248380981580,
            ),
            role: Button,
            label: "🐛 Submit Diagnostics",
            focused: false,
            hidden: false,
            disabled: false,
            children: [],
        },
        Node {
            id: NodeId(
                16438322094299314673,
            ),
            role: Label,
            value: "Statement Forensics & Editing",
            focused: false,
            hidden: false,
            disabled: false,
            children: [
                Node {
                    id: NodeId(
                        8490621884550393568,
                    ),
                    role: TextRun,
                    value: "Statement Forensics & Editing",
                    focused: false,
                    hidden: false,
                    disabled: false,
                    children: [],
                },
            ],
        },
        Node {
            id: NodeId(
                2315447553028876421,
            ),
            role: Label,
            value: "Click any text on the canvas to begin editing.",
            focused: false,
            hidden: false,
            disabled: false,
            children: [
                Node {
                    id: NodeId(
                        9395039240222745848,
                    ),
                    role: TextRun,
                    value: "Click any text on the canvas to begin editing.",
                    focused: false,
                    hidden: false,
                    disabled: false,
                    children: [],
                },
            ],
        },
        Node {
            id: NodeId(
                17381831127554352952,
            ),
            role: Button,
            label: "🔍-",
            focused: false,
            hidden: false,
            disabled: false,
            children: [],
        },
        Node {
            id: NodeId(
                15103488678644294345,
            ),
            role: Button,
            label: "🔍+",
            focused: false,
            hidden: false,
            disabled: false,
            children: [],
        },
        Node {
            id: NodeId(
                572011078973875434,
            ),
            role: Button,
            label: "Fit",
            focused: false,
            hidden: false,
            disabled: false,
            children: [],
        },
        Node {
            id: NodeId(
                1853793860401235956,
            ),
            role: Button,
            label: "100%",
            focused: false,
            hidden: false,
            disabled: false,
            children: [],
        },
        Node {
            id: NodeId(
                16217281356491965735,
            ),
            role: CheckBox,
            label: "Curtain Diff",
            focused: false,
            hidden: false,
            disabled: false,
            toggled: False,
            children: [],
        },
        Node {
            id: NodeId(
                1468292565947620380,
            ),
            role: Unknown,
            focused: false,
            hidden: false,
            disabled: false,
            children: [],
        },
        Node {
            id: NodeId(
                11168262499156970553,
            ),
            role: Label,
            value: "✨",
            focused: false,
            hidden: false,
            disabled: false,
            children: [
                Node {
                    id: NodeId(
                        11793192817452312313,
                    ),
                    role: TextRun,
                    value: "✨",
                    focused: false,
                    hidden: false,
                    disabled: false,
                    children: [],
                },
            ],
        },
        Node {
            id: NodeId(
                12119949000887148807,
            ),
            role: Label,
            value: "Antigravity Statement Forensics",
            focused: false,
            hidden: false,
            disabled: false,
            children: [
                Node {
                    id: NodeId(
                        16839766007349393745,
                    ),
                    role: TextRun,
                    value: "Antigravity Statement Forensics",
                    focused: false,
                    hidden: false,
                    disabled: false,
                    children: [],
                },
            ],
        },
        Node {
            id: NodeId(
                16581419726085390359,
            ),
            role: Label,
            value: "High-Fidelity Ledger Processing & AI-Driven Reconciliation",
            focused: false,
            hidden: false,
            disabled: false,
            children: [
                Node {
                    id: NodeId(
                        12840030417478298348,
                    ),
                    role: TextRun,
                    value: "High-Fidelity Ledger Processing & AI-Driven Reconciliation",
                    focused: false,
                    hidden: false,
                    disabled: false,
                    children: [],
                },
            ],
        },
        Node {
            id: NodeId(
                15228426935225911880,
            ),
            role: Button,
            label: "⊕ Initialize Workspace Session",
            focused: false,
            hidden: false,
            disabled: false,
            children: [],
        },
        Node {
            id: NodeId(
                17097066761527035194,
            ),
            role: Label,
            value: "or drag and drop a PDF file here",
            focused: false,
            hidden: false,
            disabled: false,
            children: [
                Node {
                    id: NodeId(
                        17721555105915791035,
                    ),
                    role: TextRun,
                    value: "or drag and drop a PDF file here",
                    focused: false,
                    hidden: false,
                    disabled: false,
                    children: [],
                },
            ],
        },
        Node {
            id: NodeId(
                13990403946896367018,
            ),
            role: Button,
            label: "⟲ Restore Previous Session",
            focused: false,
            hidden: false,
            disabled: false,
            children: [],
        },
        Node {
            id: NodeId(
                17217592834050266258,
            ),
            role: Button,
            label: "📝 Recover Editing Draft",
            focused: false,
            hidden: false,
            disabled: false,
            children: [],
        },
        Node {
            id: NodeId(
                13522053556233012698,
            ),
            role: Unknown,
            focused: false,
            hidden: false,
            disabled: false,
            children: [],
        },
    ],
}

thread 'test_exhaustive_modal_combinations' panicked at tests/gui_exhaustive_tests.rs:17:36:
No nodes found matching the query:
By {
    label_contains: "Confirm",
}

On node:
Node {
    id: NodeId(
        13826925289788388,
    ),
    role: Window,
    focused: true,
    hidden: false,
    disabled: false,
    children: [
        Node {
            id: NodeId(
                8351606481149594029,
            ),
            role: Button,
            label: "≡  Collapse",
            focused: false,
            hidden: false,
            disabled: false,
            children: [],
        },
        Node {
            id: NodeId(
                7440465352249030816,
            ),
            role: Button,
            label: "📄  Editor",
            focused: false,
            hidden: false,
            disabled: false,
            children: [],
        },
        Node {
            id: NodeId(
                14455132728199653128,
            ),
            role: Button,
            label: "⇄  Transfer",
            focused: false,
            hidden: false,
            disabled: false,
            children: [],
        },
        Node {
            id: NodeId(
                4948644507544266145,
            ),
            role: Button,
            label: "🤖  Agent",
            focused: false,
            hidden: false,
            disabled: false,
            children: [],
        },
        Node {
            id: NodeId(
                3873217866602405444,
            ),
            role: Button,
            label: "📊  Forensics",
            focused: false,
            hidden: false,
            disabled: false,
            children: [],
        },
        Node {
            id: NodeId(
                4935290614437371052,
            ),
            role: Button,
            label: "🧪  Chaos Sandbox",
            focused: false,
            hidden: false,
            disabled: false,
            children: [],
        },
        Node {
            id: NodeId(
                14534506523352710150,
            ),
            role: Button,
            label: "⚙  Settings",
            focused: false,
            hidden: false,
            disabled: false,
            children: [],
        },
        Node {
            id: NodeId(
                11180593099054116579,
            ),
            role: Button,
            label: "🔑  API Keys",
            focused: false,
            hidden: false,
            disabled: false,
            children: [],
        },
        Node {
            id: NodeId(
                15566053163214327310,
            ),
            role: Label,
            value: "Antigravity\nStatement Forensics",
            focused: false,
            hidden: false,
            disabled: false,
            children: [
                Node {
                    id: NodeId(
                        14763192018579482022,
                    ),
                    role: TextRun,
                    value: "Antigravity\n",
                    focused: false,
                    hidden: false,
                    disabled: false,
                    children: [],
                },
                Node {
                    id: NodeId(
                        9319284617579923595,
                    ),
                    role: TextRun,
                    value: "Statement Forensics",
                    focused: false,
                    hidden: false,
                    disabled: false,
                    children: [],
                },
            ],
        },
        Node {
            id: NodeId(
                3823728296237565050,
            ),
            role: Label,
            value: "🟢 Local",
            focused: false,
            hidden: false,
            disabled: false,
            children: [
                Node {
                    id: NodeId(
                        4070887779137722470,
                    ),
                    role: TextRun,
                    value: "🟢 Local",
                    focused: false,
                    hidden: false,
                    disabled: false,
                    children: [],
                },
            ],
        },
        Node {
            id: NodeId(
                11285458723522814979,
            ),
            role: Label,
            value: "❌ Runtime worker disconnected",
            focused: false,
            hidden: false,
            disabled: false,
            children: [
                Node {
                    id: NodeId(
                        7042110951273062365,
                    ),
                    role: TextRun,
                    value: "❌ Runtime worker disconnected",
                    focused: false,
                    hidden: false,
                    disabled: false,
                    children: [],
                },
            ],
        },
        Node {
            id: NodeId(
                4106852680386493518,
            ),
            role: Label,
            value: "DPI: 300",
            focused: false,
            hidden: false,
            disabled: false,
            children: [
                Node {
                    id: NodeId(
                        4126506668919917190,
                    ),
                    role: TextRun,
                    value: "DPI: 300",
                    focused: false,
                    hidden: false,
                    disabled: false,
                    children: [],
                },
            ],
        },
        Node {
            id: NodeId(
                5568313822968940689,
            ),
            role: Label,
            value: "Zoom: 100%",
            focused: false,
            hidden: false,
            disabled: false,
            children: [
                Node {
                    id: NodeId(
                        16438092019287107147,
                    ),
                    role: TextRun,
                    value: "Zoom: 100%",
                    focused: false,
                    hidden: false,
                    disabled: false,
                    children: [],
                },
            ],
        },
        Node {
            id: NodeId(
                15540589736581684186,
            ),
            role: Label,
            value: "RAM: 0 MB",
            focused: false,
            hidden: false,
            disabled: false,
            children: [
                Node {
                    id: NodeId(
                        2032961788878609311,
                    ),
                    role: TextRun,
                    value: "RAM: 0 MB",
                    focused: false,
                    hidden: false,
                    disabled: false,
                    children: [],
                },
            ],
        },
        Node {
            id: NodeId(
                9361313895363236905,
            ),
            role: Label,
            value: "CPU: 0.0%",
            focused: false,
            hidden: false,
            disabled: false,
            children: [
                Node {
                    id: NodeId(
                        14545670358877012431,
                    ),
                    role: TextRun,
                    value: "CPU: 0.0%",
                    focused: false,
                    hidden: false,
                    disabled: false,
                    children: [],
                },
            ],
        },
        Node {
            id: NodeId(
                10213924256079375532,
            ),
            role: Label,
            value: "ENG: IDLE",
            focused: false,
            hidden: false,
            disabled: false,
            children: [
                Node {
                    id: NodeId(
                        5292319090955388648,
                    ),
                    role: TextRun,
                    value: "ENG: IDLE",
                    focused: false,
                    hidden: false,
                    disabled: false,
                    children: [],
                },
            ],
        },
        Node {
            id: NodeId(
                4071551879612586075,
            ),
            role: Label,
            value: "API: UNKNOWN",
            focused: false,
            hidden: false,
            disabled: false,
            children: [
                Node {
                    id: NodeId(
                        13126371492711468157,
                    ),
                    role: TextRun,
                    value: "API: UNKNOWN",
                    focused: false,
                    hidden: false,
                    disabled: false,
                    children: [],
                },
            ],
        },
        Node {
            id: NodeId(
                13454718678306100225,
            ),
            role: Button,
            label: "📥  Upload Statement",
            focused: false,
            hidden: false,
            disabled: false,
            children: [],
        },
        Node {
            id: NodeId(
                13242850587912984647,
            ),
            role: Label,
            value: "Recent Statements",
            focused: false,
            hidden: false,
            disabled: false,
            children: [
                Node {
                    id: NodeId(
                        8639097076615621089,
                    ),
                    role: TextRun,
                    value: "Recent Statements",
                    focused: false,
                    hidden: false,
                    disabled: false,
                    children: [],
                },
            ],
        },
        Node {
            id: NodeId(
                9866357357589403493,
            ),
            role: Button,
            label: "sample.pdf",
            focused: false,
            hidden: false,
            disabled: false,
            children: [],
        },
        Node {
            id: NodeId(
                9793250248380981580,
            ),
            role: Button,
            label: "🐛 Submit Diagnostics",
            focused: false,
            hidden: false,
            disabled: false,
            children: [],
        },
        Node {
            id: NodeId(
                16438322094299314673,
            ),
            role: Label,
            value: "Statement Forensics & Editing",
            focused: false,
            hidden: false,
            disabled: false,
            children: [
                Node {
                    id: NodeId(
                        8490621884550393568,
                    ),
                    role: TextRun,
                    value: "Statement Forensics & Editing",
                    focused: false,
                    hidden: false,
                    disabled: false,
                    children: [],
                },
            ],
        },
        Node {
            id: NodeId(
                2315447553028876421,
            ),
            role: Label,
            value: "Click any text on the canvas to begin editing.",
            focused: false,
            hidden: false,
            disabled: false,
            children: [
                Node {
                    id: NodeId(
                        9395039240222745848,
                    ),
                    role: TextRun,
                    value: "Click any text on the canvas to begin editing.",
                    focused: false,
                    hidden: false,
                    disabled: false,
                    children: [],
                },
            ],
        },
        Node {
            id: NodeId(
                17381831127554352952,
            ),
            role: Button,
            label: "🔍-",
            focused: false,
            hidden: false,
            disabled: false,
            children: [],
        },
        Node {
            id: NodeId(
                15103488678644294345,
            ),
            role: Button,
            label: "🔍+",
            focused: false,
            hidden: false,
            disabled: false,
            children: [],
        },
        Node {
            id: NodeId(
                572011078973875434,
            ),
            role: Button,
            label: "Fit",
            focused: false,
            hidden: false,
            disabled: false,
            children: [],
        },
        Node {
            id: NodeId(
                1853793860401235956,
            ),
            role: Button,
            label: "100%",
            focused: false,
            hidden: false,
            disabled: false,
            children: [],
        },
        Node {
            id: NodeId(
                16217281356491965735,
            ),
            role: CheckBox,
            label: "Curtain Diff",
            focused: false,
            hidden: false,
            disabled: false,
            toggled: False,
            children: [],
        },
        Node {
            id: NodeId(
                1468292565947620380,
            ),
            role: Unknown,
            focused: false,
            hidden: false,
            disabled: false,
            children: [],
        },
        Node {
            id: NodeId(
                11168262499156970553,
            ),
            role: Label,
            value: "✨",
            focused: false,
            hidden: false,
            disabled: false,
            children: [
                Node {
                    id: NodeId(
                        11793192817452312313,
                    ),
                    role: TextRun,
                    value: "✨",
                    focused: false,
                    hidden: false,
                    disabled: false,
                    children: [],
                },
            ],
        },
        Node {
            id: NodeId(
                12119949000887148807,
            ),
            role: Label,
            value: "Antigravity Statement Forensics",
            focused: false,
            hidden: false,
            disabled: false,
            children: [
                Node {
                    id: NodeId(
                        16839766007349393745,
                    ),
                    role: TextRun,
                    value: "Antigravity Statement Forensics",
                    focused: false,
                    hidden: false,
                    disabled: false,
                    children: [],
                },
            ],
        },
        Node {
            id: NodeId(
                16581419726085390359,
            ),
            role: Label,
            value: "High-Fidelity Ledger Processing & AI-Driven Reconciliation",
            focused: false,
            hidden: false,
            disabled: false,
            children: [
                Node {
                    id: NodeId(
                        12840030417478298348,
                    ),
                    role: TextRun,
                    value: "High-Fidelity Ledger Processing & AI-Driven Reconciliation",
                    focused: false,
                    hidden: false,
                    disabled: false,
                    children: [],
                },
            ],
        },
        Node {
            id: NodeId(
                15228426935225911880,
            ),
            role: Button,
            label: "⊕ Initialize Workspace Session",
            focused: false,
            hidden: false,
            disabled: false,
            children: [],
        },
        Node {
            id: NodeId(
                17097066761527035194,
            ),
            role: Label,
            value: "or drag and drop a PDF file here",
            focused: false,
            hidden: false,
            disabled: false,
            children: [
                Node {
                    id: NodeId(
                        17721555105915791035,
                    ),
                    role: TextRun,
                    value: "or drag and drop a PDF file here",
                    focused: false,
                    hidden: false,
                    disabled: false,
                    children: [],
                },
            ],
        },
        Node {
            id: NodeId(
                13990403946896367018,
            ),
            role: Button,
            label: "⟲ Restore Previous Session",
            focused: false,
            hidden: false,
            disabled: false,
            children: [],
        },
        Node {
            id: NodeId(
                17217592834050266258,
            ),
            role: Button,
            label: "📝 Recover Editing Draft",
            focused: false,
            hidden: false,
            disabled: false,
            children: [],
        },
        Node {
            id: NodeId(
                13522053556233012698,
            ),
            role: Unknown,
            focused: false,
            hidden: false,
            disabled: false,
            children: [],
        },
        Node {
            id: NodeId(
                6141452325171831989,
            ),
            role: Window,
            label: "Discard workflow draft?",
            focused: false,
            hidden: false,
            disabled: false,
            children: [
                Node {
                    id: NodeId(
                        128512883695488224,
                    ),
                    role: Label,
                    value: "This will permanently delete audit/workflow.json.",
                    focused: false,
                    hidden: false,
                    disabled: false,
                    children: [
                        Node {
                            id: NodeId(
                                6338570468032197089,
                            ),
                            role: TextRun,
                            value: "This will permanently delete audit/workflow.json.",
                            focused: false,
                            hidden: false,
                            disabled: false,
                            children: [],
                        },
                    ],
                },
                Node {
                    id: NodeId(
                        9556737241829183714,
                    ),
                    role: Label,
                    value: "Any pending edits in the current workflow draft will be lost.",
                    focused: false,
                    hidden: false,
                    disabled: false,
                    children: [
                        Node {
                            id: NodeId(
                                17233619003149340670,
                            ),
                            role: TextRun,
                            value: "Any pending edits in the current workflow draft will ",
                            focused: false,
                            hidden: false,
                            disabled: false,
                            children: [],
                        },
                        Node {
                            id: NodeId(
                                13145121544296386486,
                            ),
                            role: TextRun,
                            value: "be lost.",
                            focused: false,
                            hidden: false,
                            disabled: false,
                            children: [],
                        },
                    ],
                },
                Node {
                    id: NodeId(
                        1956900907651147009,
                    ),
                    role: Button,
                    label: "Cancel",
                    focused: false,
                    hidden: false,
                    disabled: false,
                    children: [],
                },
                Node {
                    id: NodeId(
                        5566588431162680274,
                    ),
                    role: Button,
                    label: "Discard",
                    focused: false,
                    hidden: false,
                    disabled: false,
                    children: [],
                },
                Node {
                    id: NodeId(
                        14028523866976406908,
                    ),
                    role: Button,
                    label: "Close window",
                    focused: false,
                    hidden: false,
                    disabled: false,
                    children: [],
                },
                Node {
                    id: NodeId(
                        2192683408046383150,
                    ),
                    role: Unknown,
                    focused: false,
                    hidden: false,
                    disabled: false,
                    children: [],
                },
            ],
        },
    ],
}
test test_exhaustive_ui_states_false ... FAILED
test test_exhaustive_modal_combinations ... FAILED
test test_exhaustive_ui_states_true ... FAILED

failures:

failures:
    test_exhaustive_modal_combinations
    test_exhaustive_ui_states_false
    test_exhaustive_ui_states_true

test result: FAILED. 0 passed; 3 failed; 0 ignored; 0 measured; 0 filtered out; finished in 0.01s

error: test failed, to rerun pass `--test gui_exhaustive_tests`
     Running tests/gui_integration_test.rs (target/debug/deps/gui_integration_test-82bae64b9c1ab1df)

running 1 test
Node {
    id: NodeId(
        13826925289788388,
    ),
    role: Window,
    focused: true,
    hidden: false,
    disabled: false,
    children: [
        Node {
            id: NodeId(
                8351606481149594029,
            ),
            role: Button,
            label: "≡  Collapse",
            focused: false,
            hidden: false,
            disabled: false,
            children: [],
        },
        Node {
            id: NodeId(
                7440465352249030816,
            ),
            role: Button,
            label: "📄  Editor",
            focused: false,
            hidden: false,
            disabled: false,
            children: [],
        },
        Node {
            id: NodeId(
                14455132728199653128,
            ),
            role: Button,
            label: "⇄  Transfer",
            focused: false,
            hidden: false,
            disabled: false,
            children: [],
        },
        Node {
            id: NodeId(
                4948644507544266145,
            ),
            role: Button,
            label: "🤖  Agent",
            focused: false,
            hidden: false,
            disabled: false,
            children: [],
        },
        Node {
            id: NodeId(
                3873217866602405444,
            ),
            role: Button,
            label: "📊  Forensics",
            focused: false,
            hidden: false,
            disabled: false,
            children: [],
        },
        Node {
            id: NodeId(
                4935290614437371052,
            ),
            role: Button,
            label: "🧪  Chaos Sandbox",
            focused: false,
            hidden: false,
            disabled: false,
            children: [],
        },
        Node {
            id: NodeId(
                14534506523352710150,
            ),
            role: Button,
            label: "⚙  Settings",
            focused: false,
            hidden: false,
            disabled: false,
            children: [],
        },
        Node {
            id: NodeId(
                11180593099054116579,
            ),
            role: Button,
            label: "🔑  API Keys",
            focused: false,
            hidden: false,
            disabled: false,
            children: [],
        },
        Node {
            id: NodeId(
                15566053163214327310,
            ),
            role: Label,
            value: "Antigravity\nStatement Forensics",
            focused: false,
            hidden: false,
            disabled: false,
            children: [
                Node {
                    id: NodeId(
                        14763192018579482022,
                    ),
                    role: TextRun,
                    value: "Antigravity\n",
                    focused: false,
                    hidden: false,
                    disabled: false,
                    children: [],
                },
                Node {
                    id: NodeId(
                        9319284617579923595,
                    ),
                    role: TextRun,
                    value: "Statement Forensics",
                    focused: false,
                    hidden: false,
                    disabled: false,
                    children: [],
                },
            ],
        },
        Node {
            id: NodeId(
                3823728296237565050,
            ),
            role: Label,
            value: "🟢 Local",
            focused: false,
            hidden: false,
            disabled: false,
            children: [
                Node {
                    id: NodeId(
                        4070887779137722470,
                    ),
                    role: TextRun,
                    value: "🟢 Local",
                    focused: false,
                    hidden: false,
                    disabled: false,
                    children: [],
                },
            ],
        },
        Node {
            id: NodeId(
                11285458723522814979,
            ),
            role: Label,
            value: "Ready",
            focused: false,
            hidden: false,
            disabled: false,
            children: [
                Node {
                    id: NodeId(
                        7042110951273062365,
                    ),
                    role: TextRun,
                    value: "Ready",
                    focused: false,
                    hidden: false,
                    disabled: false,
                    children: [],
                },
            ],
        },
        Node {
            id: NodeId(
                4106852680386493518,
            ),
            role: Label,
            value: "Page 1/1",
            focused: false,
            hidden: false,
            disabled: false,
            children: [
                Node {
                    id: NodeId(
                        4126506668919917190,
                    ),
                    role: TextRun,
                    value: "Page 1/1",
                    focused: false,
                    hidden: false,
                    disabled: false,
                    children: [],
                },
            ],
        },
        Node {
            id: NodeId(
                5568313822968940689,
            ),
            role: Label,
            value: "DPI: 300",
            focused: false,
            hidden: false,
            disabled: false,
            children: [
                Node {
                    id: NodeId(
                        16438092019287107147,
                    ),
                    role: TextRun,
                    value: "DPI: 300",
                    focused: false,
                    hidden: false,
                    disabled: false,
                    children: [],
                },
            ],
        },
        Node {
            id: NodeId(
                12247011387322125496,
            ),
            role: Label,
            value: "Zoom: 100%",
            focused: false,
            hidden: false,
            disabled: false,
            children: [
                Node {
                    id: NodeId(
                        1152963676607336942,
                    ),
                    role: TextRun,
                    value: "Zoom: 100%",
                    focused: false,
                    hidden: false,
                    disabled: false,
                    children: [],
                },
            ],
        },
        Node {
            id: NodeId(
                824306202463080224,
            ),
            role: Label,
            value: "RAM: 0 MB",
            focused: false,
            hidden: false,
            disabled: false,
            children: [
                Node {
                    id: NodeId(
                        2761131436352881267,
                    ),
                    role: TextRun,
                    value: "RAM: 0 MB",
                    focused: false,
                    hidden: false,
                    disabled: false,
                    children: [],
                },
            ],
        },
        Node {
            id: NodeId(
                2887794731992980872,
            ),
            role: Label,
            value: "CPU: 0.0%",
            focused: false,
            hidden: false,
            disabled: false,
            children: [
                Node {
                    id: NodeId(
                        12049436721043653441,
                    ),
                    role: TextRun,
                    value: "CPU: 0.0%",
                    focused: false,
                    hidden: false,
                    disabled: false,
                    children: [],
                },
            ],
        },
        Node {
            id: NodeId(
                12586155049603210556,
            ),
            role: Label,
            value: "ENG: IDLE",
            focused: false,
            hidden: false,
            disabled: false,
            children: [
                Node {
                    id: NodeId(
                        9773739804261699692,
                    ),
                    role: TextRun,
                    value: "ENG: IDLE",
                    focused: false,
                    hidden: false,
                    disabled: false,
                    children: [],
                },
            ],
        },
        Node {
            id: NodeId(
                16092957986943686381,
            ),
            role: Label,
            value: "API: UNKNOWN",
            focused: false,
            hidden: false,
            disabled: false,
            children: [
                Node {
                    id: NodeId(
                        1374314423180488352,
                    ),
                    role: TextRun,
                    value: "API: UNKNOWN",
                    focused: false,
                    hidden: false,
                    disabled: false,
                    children: [],
                },
            ],
        },
        Node {
            id: NodeId(
                13454718678306100225,
            ),
            role: Button,
            label: "📥  Upload Statement",
            focused: false,
            hidden: false,
            disabled: false,
            children: [],
        },
        Node {
            id: NodeId(
                13242850587912984647,
            ),
            role: Label,
            value: "Workflow Progress",
            focused: false,
            hidden: false,
            disabled: false,
            children: [
                Node {
                    id: NodeId(
                        8639097076615621089,
                    ),
                    role: TextRun,
                    value: "Workflow Progress",
                    focused: false,
                    hidden: false,
                    disabled: false,
                    children: [],
                },
            ],
        },
        Node {
            id: NodeId(
                4581927866748420361,
            ),
            role: Label,
            value: "1. Load",
            focused: false,
            hidden: false,
            disabled: false,
            children: [
                Node {
                    id: NodeId(
                        15182729496407150486,
                    ),
                    role: TextRun,
                    value: "1. Load",
                    focused: false,
                    hidden: false,
                    disabled: false,
                    children: [],
                },
            ],
        },
        Node {
            id: NodeId(
                531543596699976442,
            ),
            role: Label,
            value: "2. Edit & Diff",
            focused: false,
            hidden: false,
            disabled: false,
            children: [
                Node {
                    id: NodeId(
                        7790057380825824070,
                    ),
                    role: TextRun,
                    value: "2. Edit & Diff",
                    focused: false,
                    hidden: false,
                    disabled: false,
                    children: [],
                },
            ],
        },
        Node {
            id: NodeId(
                5847874607783783345,
            ),
            role: Label,
            value: "3. Verify Math",
            focused: false,
            hidden: false,
            disabled: false,
            children: [
                Node {
                    id: NodeId(
                        12342149218449520365,
                    ),
                    role: TextRun,
                    value: "3. Verify Math",
                    focused: false,
                    hidden: false,
                    disabled: false,
                    children: [],
                },
            ],
        },
        Node {
            id: NodeId(
                4642859422246138992,
            ),
            role: Label,
            value: "4. Export",
            focused: false,
            hidden: false,
            disabled: false,
            children: [
                Node {
                    id: NodeId(
                        9943085134738892925,
                    ),
                    role: TextRun,
                    value: "4. Export",
                    focused: false,
                    hidden: false,
                    disabled: false,
                    children: [],
                },
            ],
        },
        Node {
            id: NodeId(
                9793250248380981580,
            ),
            role: Button,
            label: "🐛 Submit Diagnostics",
            focused: false,
            hidden: false,
            disabled: false,
            children: [],
        },
        Node {
            id: NodeId(
                16438322094299314673,
            ),
            role: Label,
            value: "Statement Forensics & Editing",
            focused: false,
            hidden: false,
            disabled: false,
            children: [
                Node {
                    id: NodeId(
                        8490621884550393568,
                    ),
                    role: TextRun,
                    value: "Statement Forensics & Editing",
                    focused: false,
                    hidden: false,
                    disabled: false,
                    children: [],
                },
            ],
        },
        Node {
            id: NodeId(
                2315447553028876421,
            ),
            role: Label,
            value: "Click any text on the canvas to begin editing.",
            focused: false,
            hidden: false,
            disabled: false,
            children: [
                Node {
                    id: NodeId(
                        9395039240222745848,
                    ),
                    role: TextRun,
                    value: "Click any text on the canvas to begin editing.",
                    focused: false,
                    hidden: false,
                    disabled: false,
                    children: [],
                },
            ],
        },
        Node {
            id: NodeId(
                17381831127554352952,
            ),
            role: Button,
            label: "🔍-",
            focused: false,
            hidden: false,
            disabled: false,
            children: [],
        },
        Node {
            id: NodeId(
                15103488678644294345,
            ),
            role: Button,
            label: "🔍+",
            focused: false,
            hidden: false,
            disabled: false,
            children: [],
        },
        Node {
            id: NodeId(
                572011078973875434,
            ),
            role: Button,
            label: "Fit",
            focused: false,
            hidden: false,
            disabled: false,
            children: [],
        },
        Node {
            id: NodeId(
                1853793860401235956,
            ),
            role: Button,
            label: "100%",
            focused: false,
            hidden: false,
            disabled: false,
            children: [],
        },
        Node {
            id: NodeId(
                16217281356491965735,
            ),
            role: CheckBox,
            label: "Curtain Diff",
            focused: false,
            hidden: false,
            disabled: false,
            toggled: False,
            children: [],
        },
        Node {
            id: NodeId(
                1468292565947620380,
            ),
            role: Unknown,
            focused: false,
            hidden: false,
            disabled: false,
            children: [],
        },
        Node {
            id: NodeId(
                323726781352513221,
            ),
            role: Label,
            value: "Rendering document...",
            focused: false,
            hidden: false,
            disabled: false,
            children: [
                Node {
                    id: NodeId(
                        16471213504747118597,
                    ),
                    role: TextRun,
                    value: "Rendering document...",
                    focused: false,
                    hidden: false,
                    disabled: false,
                    children: [],
                },
            ],
        },
        Node {
            id: NodeId(
                14993227152635050282,
            ),
            role: Label,
            value: "Applying AI vision and structure mapping",
            focused: false,
            hidden: false,
            disabled: false,
            children: [
                Node {
                    id: NodeId(
                        7300936572558580532,
                    ),
                    role: TextRun,
                    value: "Applying AI vision and structure mapping",
                    focused: false,
                    hidden: false,
                    disabled: false,
                    children: [],
                },
            ],
        },
        Node {
            id: NodeId(
                13522053556233012698,
            ),
            role: Unknown,
            focused: false,
            hidden: false,
            disabled: false,
            children: [],
        },
        Node {
            id: NodeId(
                16398321946482713342,
            ),
            role: Button,
            label: "⚖ Auto-Balance Statement",
            focused: false,
            hidden: false,
            disabled: false,
            children: [],
        },
        Node {
            id: NodeId(
                9493058623900629664,
            ),
            role: Button,
            label: "📅 Dates",
            focused: false,
            hidden: false,
            disabled: false,
            children: [],
        },
        Node {
            id: NodeId(
                11003231101653000915,
            ),
            role: Button,
            label: "🔄 Transfer",
            focused: false,
            hidden: false,
            disabled: false,
            children: [],
        },
        Node {
            id: NodeId(
                6261783430357090786,
            ),
            role: Window,
            label: "🔄 Transfer Transactions",
            focused: false,
            hidden: false,
            disabled: false,
            children: [
                Node {
                    id: NodeId(
                        5264938947222966974,
                    ),
                    role: Unknown,
                    focused: false,
                    hidden: false,
                    disabled: false,
                    children: [],
                },
                Node {
                    id: NodeId(
                        2398336033721754117,
                    ),
                    role: Unknown,
                    focused: false,
                    hidden: false,
                    disabled: false,
                    children: [],
                },
                Node {
                    id: NodeId(
                        15977908340445215842,
                    ),
                    role: Unknown,
                    focused: false,
                    hidden: false,
                    disabled: false,
                    children: [],
                },
                Node {
                    id: NodeId(
                        16948807035720890988,
                    ),
                    role: Unknown,
                    focused: false,
                    hidden: false,
                    disabled: false,
                    children: [],
                },
                Node {
                    id: NodeId(
                        1912325637998307067,
                    ),
                    role: Unknown,
                    focused: false,
                    hidden: false,
                    disabled: false,
                    children: [],
                },
                Node {
                    id: NodeId(
                        3934144687706629178,
                    ),
                    role: Unknown,
                    focused: false,
                    hidden: false,
                    disabled: false,
                    children: [],
                },
                Node {
                    id: NodeId(
                        14434936052048877151,
                    ),
                    role: Unknown,
                    focused: false,
                    hidden: false,
                    disabled: false,
                    children: [],
                },
                Node {
                    id: NodeId(
                        14878295046848531545,
                    ),
                    role: Unknown,
                    focused: false,
                    hidden: false,
                    disabled: false,
                    children: [],
                },
                Node {
                    id: NodeId(
                        11026387429262902664,
                    ),
                    role: Label,
                    value: "Transfer transactions between statements",
                    focused: false,
                    hidden: false,
                    disabled: false,
                    children: [
                        Node {
                            id: NodeId(
                                17301575493328261751,
                            ),
                            role: TextRun,
                            value: "Transfer transactions between statements",
                            focused: false,
                            hidden: false,
                            disabled: false,
                            children: [],
                        },
                    ],
                },
                Node {
                    id: NodeId(
                        16389976181001335861,
                    ),
                    role: Label,
                    value: "Source Document",
                    focused: false,
                    hidden: false,
                    disabled: false,
                    children: [
                        Node {
                            id: NodeId(
                                6379544022376307950,
                            ),
                            role: TextRun,
                            value: "Source Document",
                            focused: false,
                            hidden: false,
                            disabled: false,
                            children: [],
                        },
                    ],
                },
                Node {
                    id: NodeId(
                        13956765258038823486,
                    ),
                    role: Label,
                    value: "Extract transactions from here",
                    focused: false,
                    hidden: false,
                    disabled: false,
                    children: [
                        Node {
                            id: NodeId(
                                4670397903903911259,
                            ),
                            role: TextRun,
                            value: "Extract transactions from here",
                            focused: false,
                            hidden: false,
                            disabled: false,
                            children: [],
                        },
                    ],
                },
                Node {
                    id: NodeId(
                        8823962274057631142,
                    ),
                    role: Button,
                    label: "📂 Upload Source PDF",
                    focused: false,
                    hidden: false,
                    disabled: false,
                    children: [],
                },
                Node {
                    id: NodeId(
                        4442960429190876149,
                    ),
                    role: Button,
                    label: "▶ Begin Transfer",
                    focused: false,
                    hidden: false,
                    disabled: true,
                    children: [],
                },
                Node {
                    id: NodeId(
                        394929515252438479,
                    ),
                    role: Button,
                    label: "Cancel",
                    focused: false,
                    hidden: false,
                    disabled: false,
                    children: [],
                },
                Node {
                    id: NodeId(
                        9778335566195246088,
                    ),
                    role: Label,
                    value: "Target Document",
                    focused: false,
                    hidden: false,
                    disabled: false,
                    children: [
                        Node {
                            id: NodeId(
                                11126376315008810128,
                            ),
                            role: TextRun,
                            value: "Target Document",
                            focused: false,
                            hidden: false,
                            disabled: false,
                            children: [],
                        },
                    ],
                },
                Node {
                    id: NodeId(
                        11740959970238237021,
                    ),
                    role: Label,
                    value: "Format to apply to transactions",
                    focused: false,
                    hidden: false,
                    disabled: false,
                    children: [
                        Node {
                            id: NodeId(
                                14069655123440669148,
                            ),
                            role: TextRun,
                            value: "Format to apply to transactions",
                            focused: false,
                            hidden: false,
                            disabled: false,
                            children: [],
                        },
                    ],
                },
                Node {
                    id: NodeId(
                        4412917303637672695,
                    ),
                    role: Button,
                    label: "📂 Upload Target PDF",
                    focused: false,
                    hidden: false,
                    disabled: false,
                    children: [],
                },
                Node {
                    id: NodeId(
                        209160780408107874,
                    ),
                    role: Button,
                    label: "Close window",
                    focused: false,
                    hidden: false,
                    disabled: false,
                    children: [],
                },
                Node {
                    id: NodeId(
                        14838309227874915102,
                    ),
                    role: Unknown,
                    focused: false,
                    hidden: false,
                    disabled: false,
                    children: [],
                },
            ],
        },
    ],
}
test test_bank_statement_modifier_ui ... ok

test result: ok. 1 passed; 0 failed; 0 ignored; 0 measured; 0 filtered out; finished in 0.01s

     Running tests/gui_interaction_tests.rs (target/debug/deps/gui_interaction_tests-6a4e7ac1f635aa6d)

running 8 tests
test test_draw_forensics_workflow ... ok
test test_draw_transfer_workflow ... ok
test test_draw_chaos_sandbox ... ok
test test_draw_settings_and_font_analysis ... ok
test test_draw_api_keys ... ok
test test_draw_agent_workflow ... ok
test test_draw_editor_workflow ... ok
test test_modals ... ok

test result: ok. 8 passed; 0 failed; 0 ignored; 0 measured; 0 filtered out; finished in 0.02s

     Running tests/gui_modals_tests.rs (target/debug/deps/gui_modals_tests-5115856442b81b58)

running 3 tests
test test_feedback_modal_renders ... ok
test test_command_palette_renders ... ok
test test_settings_modal_renders ... ok

test result: ok. 3 passed; 0 failed; 0 ignored; 0 measured; 0 filtered out; finished in 0.01s

     Running tests/launch_fallback_test.rs (target/debug/deps/launch_fallback_test-027e8e230edc98e6)

running 1 test
test test_force_headless_fallback_routes_to_server ... ok

test result: ok. 1 passed; 0 failed; 0 ignored; 0 measured; 0 filtered out; finished in 1.51s

     Running tests/malformed_pdf_tests.rs (target/debug/deps/malformed_pdf_tests-e9bb37bebb3d09e6)

running 1 test
Malformed PDF test suite completed. All rejected cleanly.
test test_malformed_pdf_handling ... ok

test result: ok. 1 passed; 0 failed; 0 ignored; 0 measured; 0 filtered out; finished in 0.00s

     Running tests/native_characterization.rs (target/debug/deps/native_characterization-0ba9475facedf31f)

running 4 tests
test test_selector_rejects_non_overlapping_bbox ... ok
test test_native_engine_apply_change_baseline ... ok
test test_native_engine_repeated_value_target ... ok
test test_native_engine_apply_many_edits_baseline ... ok

test result: ok. 4 passed; 0 failed; 0 ignored; 0 measured; 0 filtered out; finished in 0.01s

     Running tests/pdf_native_engine_tests.rs (target/debug/deps/pdf_native_engine_tests-e414a4f8ad981bbd)

running 8 tests
test test_native_engine_find_text_block_at_click ... ok
test test_native_engine_non_ascii_guard ... ok
test test_native_engine_analyze_layout ... ok
test test_native_engine_apply_change ... ok
test test_native_engine_remove_pages ... ok
test test_native_engine_clone_pages ... ok
test test_native_engine_text_operators ... ok
test test_native_engine_render_page ... ok

test result: ok. 8 passed; 0 failed; 0 ignored; 0 measured; 0 filtered out; finished in 0.04s

     Running tests/ranking_test.rs (target/debug/deps/ranking_test-8be036a90d7ec20c)

running 1 test
Running ranking test on 5 PDFs...
Evaluating "tests/stress_pdfs/Subtle_Shift_Artifact.pdf"
  Winner for this document: Offline
Evaluating "tests/stress_pdfs/Corrupted_Font_Ledger.pdf"
  Winner for this document: Offline
Evaluating "tests/stress_pdfs/Standard_Bank_Statement_01.pdf"
  Winner for this document: Offline
Evaluating "tests/stress_pdfs/Unbalanced_Ledger_Test.pdf"
  Winner for this document: Offline
Evaluating "AU Bank Statements/macquarie_example.pdf"
  Winner for this document: Offline

=== Final Ranking (Consensus Wins) ===
DocAI: 0
LlamaParse: 0
Offline: 5
test test_parser_ranking ... ok

test result: ok. 1 passed; 0 failed; 0 ignored; 0 measured; 0 filtered out; finished in 0.02s

     Running tests/runtime_smoke.rs (target/debug/deps/runtime_smoke-82530384372c7825)

running 2 tests
══════════════════════════════════════════════════════════
  API Key Verification Report
══════════════════════════════════════════════════════════
  Timestamp: 2026-07-20T22:01:04.899035+00:00

  ❌  PyMuPDF Pro  (0ms)
      Error: PYMUPDF_PRO_KEY not configured
      Guidance: Set PYMUPDF_PRO_KEY environment variable with a 24-character trial key (prefix 'hFKt'). Obtain from https://pymupdf.io/

  ⊘  Document AI  (0ms)
      Error: Document AI not configured
      Guidance: Set DOCUMENT_AI_PROJECT_ID, DOCUMENT_AI_LOCATION, and DOCUMENT_AI_PROCESSOR_ID to enable transaction extraction.

  ⊘  Gemini  (0ms)
      Error: Gemini not configured
      Guidance: Set GEMINI_API_KEY for AI Studio mode, or configure Document AI with project_id for Vertex AI mode.

  ⊘  LlamaParse  (0ms)
      Error: LLAMAPARSE_API_KEY not configured
      Guidance: Set LLAMAPARSE_API_KEY to use the alternative LLM parser. Get a key at https://cloud.llamaindex.ai/

  ⊘  pdfRest  (0ms)
      Error: PDFREST_API_KEY not configured
      Guidance: Set PDFREST_API_KEY to enable Adobe-tier cloud rendering for verification.

  ⊘  Vision AI  (0ms)
      Error: VISION_API_KEY not configured
      Guidance: Set VISION_API_KEY to enable visual AI testing verification layer.

══════════════════════════════════════════════════════════
  Overall Status: ❌  (Exit code: 2)
══════════════════════════════════════════════════════════
test runtime_load_history_round_trips_through_actor ... ok
test runtime_ping_pong_smoke ... ok

test result: ok. 2 passed; 0 failed; 0 ignored; 0 measured; 0 filtered out; finished in 0.18s

     Running tests/segment_map_props.rs (target/debug/deps/segment_map_props-ec5b35c8161154b5)

running 2 tests
proptest: FileFailurePersistence::SourceParallel set, but failed to find lib.rs or main.rs
proptest: FileFailurePersistence::SourceParallel set, but failed to find lib.rs or main.rs
test prop_round_trip_global_to_local_to_global ... ok
test prop_round_trip_local_to_global_to_local ... ok

test result: ok. 2 passed; 0 failed; 0 ignored; 0 measured; 0 filtered out; finished in 0.00s

     Running tests/segment_map_unit.rs (target/debug/deps/segment_map_unit-648cba47653aa33c)

running 14 tests
test four_page_doc_spans_two_segments_with_edge_boundary ... ok
test group_edits_lands_in_correct_buckets_with_local_indices ... ok
test ordered_merge_paths_substitutes_edited_path_in_segment_order ... ok
test ordered_merge_paths_multiple_edited_segments_preserve_order ... ok
test seven_page_doc_segment_edge_boundaries ... ok
test resolve_out_of_range_returns_none_without_mutation ... ok
test group_edits_empty_input_yields_empty_buckets ... ok
test one_page_doc_maps_single_segment ... ok
test group_edits_out_of_range_errors_and_identifies_offending_page ... ok
test ordered_merge_paths_uses_original_paths_when_unedited ... ok
test ten_page_doc_full_roundtrip_and_boundaries ... ok
test three_page_doc_fills_one_segment_exactly ... ok
test to_global_out_of_range_returns_none_without_mutation ... ok
test two_page_doc_maps_single_segment ... ok

test result: ok. 14 passed; 0 failed; 0 ignored; 0 measured; 0 filtered out; finished in 0.00s

     Running tests/segment_mapping.rs (target/debug/deps/segment_mapping-d5e60d3abaac2718)

running 2 tests
proptest: FileFailurePersistence::SourceParallel set, but failed to find lib.rs or main.rs
proptest: FileFailurePersistence::SourceParallel set, but failed to find lib.rs or main.rs
test test_resolve_out_of_bounds ... ok
test test_mapping_roundtrip ... ok

test result: ok. 2 passed; 0 failed; 0 ignored; 0 measured; 0 filtered out; finished in 0.00s

     Running tests/server_e2e.rs (target/debug/deps/server_e2e-82b7d5df7dcebbc3)

running 1 test
[serve] listening on http://0.0.0.0:52013  •  liveness: /health  •  readiness: /readyz
test test_headless_server_e2e ... ok

test result: ok. 1 passed; 0 failed; 0 ignored; 0 measured; 0 filtered out; finished in 0.09s

     Running tests/setting_combinations.rs (target/debug/deps/setting_combinations-806f9c20346c10c1)

running 3 tests
test default_settings_are_expected ... ok
test all_enum_variants_have_labels ... ok
test all_150_setting_combinations_roundtrip_json ... ok

test result: ok. 3 passed; 0 failed; 0 ignored; 0 measured; 0 filtered out; finished in 0.00s

     Running tests/split_merge_fidelity.rs (target/debug/deps/split_merge_fidelity-3de8e5733ffdfd31)

running 3 tests
✅ split_merge_fidelity_multi_page: 1 pages → 1 segments → merged 1 pages (real PDF)
✅ split_merge_cycle: 1 pages → 1 segments → merged 1 pages (real PDF)
test test_split_merge_fidelity_multi_page ... ok
test test_split_merge_cycle ... ok
test fixtures::tests::generated_pdf_has_correct_page_count ... ok

test result: ok. 3 passed; 0 failed; 0 ignored; 0 measured; 0 filtered out; finished in 0.00s

     Running tests/static_analysis.rs (target/debug/deps/static_analysis-5bcd666bebf6491b)

running 1 test
test test_no_pymupdf_in_split_merge ... ok

test result: ok. 1 passed; 0 failed; 0 ignored; 0 measured; 0 filtered out; finished in 0.00s

     Running tests/stress_tests.rs (target/debug/deps/stress_tests-359b41f1e97db5f2)

running 1 test
test test_runtime_stress_load ... ok

test result: ok. 1 passed; 0 failed; 0 ignored; 0 measured; 0 filtered out; finished in 0.01s

     Running tests/transfer_retry_tests.rs (target/debug/deps/transfer_retry_tests-b1cdaed19063c01a)

running 1 test
test test_transfer_test_loop_retry ... ok

test result: ok. 1 passed; 0 failed; 0 ignored; 0 measured; 0 filtered out; finished in 0.02s

     Running tests/transparency.rs (target/debug/deps/transparency-2124c2954c123b8c)

running 3 tests
══════════════════════════════════════════════════════════
  API Key Verification Report
══════════════════════════════════════════════════════════
  Timestamp: 2026-07-20T22:01:05.285760+00:00

  ❌  PyMuPDF Pro  (0ms)
══════════════════════════════════════════════════════════
  API Key Verification Report
══════════════════════════════════════════════════════════
  Timestamp: 2026-07-20T22:01:05.285782+00:00

  ❌  PyMuPDF Pro  (0ms)
      Error: PYMUPDF_PRO_KEY not configured
      Guidance: Set PYMUPDF_PRO_KEY environment variable with a 24-character trial key (prefix 'hFKt'). Obtain from https://pymupdf.io/

  ⊘  Document AI  (0ms)
      Error: Document AI not configured
      Guidance: Set DOCUMENT_AI_PROJECT_ID, DOCUMENT_AI_LOCATION, and DOCUMENT_AI_PROCESSOR_ID to enable transaction extraction.

  ⊘  Gemini  (0ms)
      Error: Gemini not configured
      Guidance: Set GEMINI_API_KEY for AI Studio mode, or configure Document AI with project_id for Vertex AI mode.
      Error: PYMUPDF_PRO_KEY not configured
      Guidance: Set PYMUPDF_PRO_KEY environment variable with a 24-character trial key (prefix 'hFKt'). Obtain from https://pymupdf.io/

  ⊘  Document AI  (0ms)
      Error: Document AI not configured
      Guidance: Set DOCUMENT_AI_PROJECT_ID, DOCUMENT_AI_LOCATION, and DOCUMENT_AI_PROCESSOR_ID to enable transaction extraction.

  ⊘  Gemini  (0ms)

  ⊘  LlamaParse  (0ms)
      Error: LLAMAPARSE_API_KEY not configured
      Guidance: Set LLAMAPARSE_API_KEY to use the alternative LLM parser. Get a key at https://cloud.llamaindex.ai/
      Error: Gemini not configured
      Guidance: Set GEMINI_API_KEY for AI Studio mode, or configure Document AI with project_id for Vertex AI mode.

  ⊘  LlamaParse  (0ms)
      Error: LLAMAPARSE_API_KEY not configured
      Guidance: Set LLAMAPARSE_API_KEY to use the alternative LLM parser. Get a key at https://cloud.llamaindex.ai/

  ⊘  pdfRest  (0ms)
      Error: PDFREST_API_KEY not configured
      Guidance: Set PDFREST_API_KEY to enable Adobe-tier cloud rendering for verification.

  ⊘  Vision AI  (0ms)
      Error: VISION_API_KEY not configured
      Guidance: Set VISION_API_KEY to enable visual AI testing verification layer.

══════════════════════════════════════════════════════════

  ⊘  pdfRest  (0ms)
      Error: PDFREST_API_KEY not configured
      Guidance: Set PDFREST_API_KEY to enable Adobe-tier cloud rendering for verification.

  ⊘  Vision AI  (0ms)
      Error: VISION_API_KEY not configured
      Guidance: Set VISION_API_KEY to enable visual AI testing verification layer.

══════════════════════════════════════════════════════════
══════════════════════════════════════════════════════════
  Overall Status: ❌  (Exit code: 2)
══════════════════════════════════════════════════════════
  API Key Verification Report
══════════════════════════════════════════════════════════
  Timestamp: 2026-07-20T22:01:05.285784+00:00

  ❌  PyMuPDF Pro  (0ms)
      Error: PYMUPDF_PRO_KEY not configured
      Guidance: Set PYMUPDF_PRO_KEY environment variable with a 24-character trial key (prefix 'hFKt'). Obtain from https://pymupdf.io/

  ⊘  Document AI  (0ms)
      Error: Document AI not configured
      Guidance: Set DOCUMENT_AI_PROJECT_ID, DOCUMENT_AI_LOCATION, and DOCUMENT_AI_PROCESSOR_ID to enable transaction extraction.

  ⊘  Gemini  (0ms)
      Error: Gemini not configured
      Guidance: Set GEMINI_API_KEY for AI Studio mode, or configure Document AI with project_id for Vertex AI mode.

  ⊘  LlamaParse  (0ms)
      Error: LLAMAPARSE_API_KEY not configured
      Guidance: Set LLAMAPARSE_API_KEY to use the alternative LLM parser. Get a key at https://cloud.llamaindex.ai/

  ⊘  pdfRest  (0ms)
      Error: PDFREST_API_KEY not configured
      Guidance: Set PDFREST_API_KEY to enable Adobe-tier cloud rendering for verification.

  ⊘  Vision AI  (0ms)
      Error: VISION_API_KEY not configured
      Guidance: Set VISION_API_KEY to enable visual AI testing verification layer.

══════════════════════════════════════════════════════════
  Overall Status: ❌  (Exit code: 2)
══════════════════════════════════════════════════════════
  Overall Status: ❌  (Exit code: 2)
══════════════════════════════════════════════════════════
✅ Batch reached Rendering stage
test test_batch_edit_transparency ... ok
PyMuPDFPro: Trial Mode key has expired.
Fontconfig error: Cannot load default config file: No such file: (null)
PyMuPDFPro: Trial Mode key has expired.
PyMuPDFPro: Trial Mode key has expired.
PyMuPDFPro: Trial Mode key has expired.
PyMuPDFPro: Trial Mode key has expired.
PyMuPDFPro: Trial Mode key has expired.
PyMuPDFPro: Trial Mode key has expired.
✅ Change applied successfully in 3-page mode
✅ Change applied successfully in standard mode
test test_three_page_mode_transparency ... ok
test test_standard_mode_transparency ... ok

test result: ok. 3 passed; 0 failed; 0 ignored; 0 measured; 0 filtered out; finished in 0.54s

     Running tests/workflow_e2e.rs (target/debug/deps/workflow_e2e-d5106b7984e01980)

running 1 test
[skip] AU statement not present at AU Bank Statements/IA_Bank_Statement_202602.pdf; e2e test self-skipped
test end_to_end_workflow_against_au_statement ... ok

test result: ok. 1 passed; 0 failed; 0 ignored; 0 measured; 0 filtered out; finished in 0.00s

error: 3 targets failed:
    `--test ai_live`
    `--test au_statements_deep_dive`
    `--test gui_exhaustive_tests`
